Archive member included to satisfy reference by file (symbol)

c:/nxp/mcuxpressoide_11.9.0_2144/ide/plugins/com.nxp.mcuxpresso.tools.win32_11.9.0.202307121226/tools/bin/../lib/gcc/arm-none-eabi/12.3.1/../../../../arm-none-eabi/lib/thumb/v8-m.main+fp/hard\libcr_nohost_nf.a(_cr__main.o)
                              ./startup/startup_lpc55s69_cm33_core0.o (__main)
c:/nxp/mcuxpressoide_11.9.0_2144/ide/plugins/com.nxp.mcuxpresso.tools.win32_11.9.0.202307121226/tools/bin/../lib/gcc/arm-none-eabi/12.3.1/../../../../arm-none-eabi/lib/thumb/v8-m.main+fp/hard\libcr_c.a(cosf.o)
                              ./source/lcd.o (cosf)
c:/nxp/mcuxpressoide_11.9.0_2144/ide/plugins/com.nxp.mcuxpresso.tools.win32_11.9.0.202307121226/tools/bin/../lib/gcc/arm-none-eabi/12.3.1/../../../../arm-none-eabi/lib/thumb/v8-m.main+fp/hard\libcr_c.a(sinf.o)
                              ./source/lcd.o (sinf)
c:/nxp/mcuxpressoide_11.9.0_2144/ide/plugins/com.nxp.mcuxpresso.tools.win32_11.9.0.202307121226/tools/bin/../lib/gcc/arm-none-eabi/12.3.1/../../../../arm-none-eabi/lib/thumb/v8-m.main+fp/hard\libcr_c.a(memcpy.o)
                              ./utilities/fsl_str.o (memcpy)
c:/nxp/mcuxpressoide_11.9.0_2144/ide/plugins/com.nxp.mcuxpresso.tools.win32_11.9.0.202307121226/tools/bin/../lib/gcc/arm-none-eabi/12.3.1/../../../../arm-none-eabi/lib/thumb/v8-m.main+fp/hard\libcr_c.a(memset.o)
                              ./utilities/fsl_debug_console.o (memset)
c:/nxp/mcuxpressoide_11.9.0_2144/ide/plugins/com.nxp.mcuxpresso.tools.win32_11.9.0.202307121226/tools/bin/../lib/gcc/arm-none-eabi/12.3.1/../../../../arm-none-eabi/lib/thumb/v8-m.main+fp/hard\libcr_c.a(alloc.o)
                              ./drivers/fsl_common.o (malloc)
c:/nxp/mcuxpressoide_11.9.0_2144/ide/plugins/com.nxp.mcuxpresso.tools.win32_11.9.0.202307121226/tools/bin/../lib/gcc/arm-none-eabi/12.3.1/../../../../arm-none-eabi/lib/thumb/v8-m.main+fp/hard\libcr_c.a(errno.o)
                              ./utilities/fsl_str.o (errno)
c:/nxp/mcuxpressoide_11.9.0_2144/ide/plugins/com.nxp.mcuxpresso.tools.win32_11.9.0.202307121226/tools/bin/../lib/gcc/arm-none-eabi/12.3.1/../../../../arm-none-eabi/lib/thumb/v8-m.main+fp/hard\libcr_c.a(initio.o)
                              c:/nxp/mcuxpressoide_11.9.0_2144/ide/plugins/com.nxp.mcuxpresso.tools.win32_11.9.0.202307121226/tools/bin/../lib/gcc/arm-none-eabi/12.3.1/../../../../arm-none-eabi/lib/thumb/v8-m.main+fp/hard\libcr_nohost_nf.a(_cr__main.o) (_initio)
c:/nxp/mcuxpressoide_11.9.0_2144/ide/plugins/com.nxp.mcuxpresso.tools.win32_11.9.0.202307121226/tools/bin/../lib/gcc/arm-none-eabi/12.3.1/../../../../arm-none-eabi/lib/thumb/v8-m.main+fp/hard\libcr_c.a(scanf.o)
                              ./utilities/fsl_str.o (strtoul)
c:/nxp/mcuxpressoide_11.9.0_2144/ide/plugins/com.nxp.mcuxpresso.tools.win32_11.9.0.202307121226/tools/bin/../lib/gcc/arm-none-eabi/12.3.1/../../../../arm-none-eabi/lib/thumb/v8-m.main+fp/hard\libcr_c.a(setvbuf.o)
                              c:/nxp/mcuxpressoide_11.9.0_2144/ide/plugins/com.nxp.mcuxpresso.tools.win32_11.9.0.202307121226/tools/bin/../lib/gcc/arm-none-eabi/12.3.1/../../../../arm-none-eabi/lib/thumb/v8-m.main+fp/hard\libcr_c.a(initio.o) (setvbuf)
c:/nxp/mcuxpressoide_11.9.0_2144/ide/plugins/com.nxp.mcuxpresso.tools.win32_11.9.0.202307121226/tools/bin/../lib/gcc/arm-none-eabi/12.3.1/../../../../arm-none-eabi/lib/thumb/v8-m.main+fp/hard\libcr_c.a(stdlib.o)
                              ./source/lcd.o (abs)
c:/nxp/mcuxpressoide_11.9.0_2144/ide/plugins/com.nxp.mcuxpresso.tools.win32_11.9.0.202307121226/tools/bin/../lib/gcc/arm-none-eabi/12.3.1/../../../../arm-none-eabi/lib/thumb/v8-m.main+fp/hard\libcr_c.a(strlen.o)
                              ./utilities/fsl_str.o (strlen)
c:/nxp/mcuxpressoide_11.9.0_2144/ide/plugins/com.nxp.mcuxpresso.tools.win32_11.9.0.202307121226/tools/bin/../lib/gcc/arm-none-eabi/12.3.1/../../../../arm-none-eabi/lib/thumb/v8-m.main+fp/hard\libcr_c.a(ungetc.o)
                              c:/nxp/mcuxpressoide_11.9.0_2144/ide/plugins/com.nxp.mcuxpresso.tools.win32_11.9.0.202307121226/tools/bin/../lib/gcc/arm-none-eabi/12.3.1/../../../../arm-none-eabi/lib/thumb/v8-m.main+fp/hard\libcr_c.a(scanf.o) (ungetc)
c:/nxp/mcuxpressoide_11.9.0_2144/ide/plugins/com.nxp.mcuxpresso.tools.win32_11.9.0.202307121226/tools/bin/../lib/gcc/arm-none-eabi/12.3.1/../../../../arm-none-eabi/lib/thumb/v8-m.main+fp/hard\libcr_c.a(_sincosf.o)
                              c:/nxp/mcuxpressoide_11.9.0_2144/ide/plugins/com.nxp.mcuxpresso.tools.win32_11.9.0.202307121226/tools/bin/../lib/gcc/arm-none-eabi/12.3.1/../../../../arm-none-eabi/lib/thumb/v8-m.main+fp/hard\libcr_c.a(cosf.o) (_sincosf)
c:/nxp/mcuxpressoide_11.9.0_2144/ide/plugins/com.nxp.mcuxpresso.tools.win32_11.9.0.202307121226/tools/bin/../lib/gcc/arm-none-eabi/12.3.1/../../../../arm-none-eabi/lib/thumb/v8-m.main+fp/hard\libcr_c.a(fabsf.o)
[...]
Memory Configuration

Name             Origin             Length             Attributes
PROGRAM_FLASH    0x00000000         0x0009d800         xr
SRAM             0x20000000         0x00040000         xrw
SRAMX            0x04000000         0x00008000         xrw
USB_RAM          0x40100000         0x00004000         xrw
SRAM4            0x20040000         0x00004000         xrw
*default*        0x00000000         0xffffffff

Linker script and memory map

LOAD ./utilities/fsl_assert.o
LOAD ./utilities/fsl_debug_console.o
LOAD ./utilities/fsl_str.o
LOAD ./startup/boot_multicore_slave.o
LOAD ./startup/startup_lpc55s69_cm33_core0.o
LOAD ./source/lcd.o
LOAD ./source/mini_projekt.o
LOAD ./source/semihost_hardfault.o
LOAD ./drivers/fsl_clock.o
LOAD ./drivers/fsl_common.o
LOAD ./drivers/fsl_common_arm.o
LOAD ./drivers/fsl_ctimer.o
LOAD ./drivers/fsl_flexcomm.o
LOAD ./drivers/fsl_gpio.o
LOAD ./drivers/fsl_i2c.o
LOAD ./drivers/fsl_lpadc.o
LOAD ./drivers/fsl_power.o
LOAD ./drivers/fsl_powerquad_basic.o
LOAD ./drivers/fsl_powerquad_cmsis.o
LOAD ./drivers/fsl_powerquad_data.o
LOAD ./drivers/fsl_powerquad_filter.o
LOAD ./drivers/fsl_powerquad_math.o
LOAD ./drivers/fsl_powerquad_matrix.o
LOAD ./drivers/fsl_powerquad_transform.o
LOAD ./drivers/fsl_reset.o
LOAD ./drivers/fsl_spi.o
LOAD ./drivers/fsl_usart.o
LOAD ./device/system_LPC55S69_cm33_core0.o
LOAD ./component/uart/fsl_adapter_usart.o
LOAD ./component/serial_manager/fsl_component_serial_manager.o
LOAD ./component/serial_manager/fsl_component_serial_port_uart.o
LOAD ./component/lists/fsl_component_generic_list.o
LOAD ./board/board.o
LOAD ./board/clock_config.o
LOAD ./board/peripherals.o
LOAD ./board/pin_mux.o
START GROUP
LOAD c:/nxp/mcuxpressoide_11.9.0_2144/ide/plugins/com.nxp.mcuxpresso.tools.win32_11.9.0.202307121226/tools/bin/../lib/gcc/arm-none-eabi/12.3.1/../../../../arm-none-eabi/lib/thumb/v8-m.main+fp/hard\libcr_nohost_nf.a
LOAD c:/nxp/mcuxpressoide_11.9.0_2144/ide/plugins/com.nxp.mcuxpresso.tools.win32_11.9.0.202307121226/tools/bin/../lib/gcc/arm-none-eabi/12.3.1/../../../../arm-none-eabi/lib/thumb/v8-m.main+fp/hard\libcr_c.a
LOAD c:/nxp/mcuxpressoide_11.9.0_2144/ide/plugins/com.nxp.mcuxpresso.tools.win32_11.9.0.202307121226/tools/bin/../lib/gcc/arm-none-eabi/12.3.1/thumb/v8-m.main+fp/hard\libcr_eabihelpers.a
LOAD c:/nxp/mcuxpressoide_11.9.0_2144/ide/plugins/com.nxp.mcuxpresso.tools.win32_11.9.0.202307121226/tools/bin/../lib/gcc/arm-none-eabi/12.3.1/thumb/v8-m.main+fp/hard\libgcc.a
END GROUP
                0x00000000                        __base_PROGRAM_FLASH = 0x0
                0x00000000                        __base_Flash = 0x0
                0x0009d800                        __top_PROGRAM_FLASH = 0x9d800
                0x0009d800                        __top_Flash = 0x9d800
                0x20000000                        __base_SRAM = 0x20000000
                0x20000000                        __base_RAM = 0x20000000
                0x20040000                        __top_SRAM = 0x20040000
                0x20040000                        __top_RAM = 0x20040000
                0x04000000                        __base_SRAMX = 0x4000000
                0x04000000                        __base_RAM2 = 0x4000000
                0x04008000                        __top_SRAMX = 0x4008000
                0x04008000                        __top_RAM2 = 0x4008000
                0x40100000                        __base_USB_RAM = 0x40100000
                0x40100000                        __base_RAM3 = 0x40100000
                0x40104000                        __top_USB_RAM = 0x40104000
                0x40104000                        __top_RAM3 = 0x40104000
                0x20040000                        __base_SRAM4 = 0x20040000
                0x20040000                        __base_RAM4 = 0x20040000
                0x20044000                        __top_SRAM4 = 0x20044000
                0x20044000                        __top_RAM4 = 0x20044000

.text           0x00000000     0x5cdc
 FILL mask 0xff
                0x00000000                        __vectors_start__ = ABSOLUTE (.)
 *(SORT_BY_ALIGNMENT(.isr_vector))
 .isr_vector    0x00000000      0x130 ./startup/startup_lpc55s69_cm33_core0.o
                0x00000000                g_pfnVectors
                0x00000000                __Vectors
                0x00000130                        . = ALIGN (0x4)
                0x00000130                        __section_table_start = .
                0x00000130                        __data_section_table = .
                0x00000130        0x4 LONG 0x5cdc LOADADDR (.data)
                0x00000134        0x4 LONG 0x20000000 ADDR (.data)
                0x00000138        0x4 LONG 0x40 SIZEOF (.data)
                0x0000013c        0x4 LONG 0x5cdc LOADADDR (.data_RAM2)
                0x00000140        0x4 LONG 0x4000000 ADDR (.data_RAM2)
                0x00000144        0x4 LONG 0x0 SIZEOF (.data_RAM2)
                0x00000148        0x4 LONG 0x5cdc LOADADDR (.data_RAM3)
                0x0000014c        0x4 LONG 0x40100000 ADDR (.data_RAM3)
                0x00000150        0x4 LONG 0x0 SIZEOF (.data_RAM3)
                0x00000154        0x4 LONG 0x5cdc LOADADDR (.data_RAM4)
                0x00000158        0x4 LONG 0x20040000 ADDR (.data_RAM4)
                0x0000015c        0x4 LONG 0x0 SIZEOF (.data_RAM4)
                0x00000160                        __data_section_table_end = .
                0x00000160                        __bss_section_table = .
                0x00000160        0x4 LONG 0x20000040 ADDR (.bss)
                0x00000164        0x4 LONG 0xa980 SIZEOF (.bss)
                0x00000168        0x4 LONG 0x4000000 ADDR (.bss_RAM2)
                0x0000016c        0x4 LONG 0x0 SIZEOF (.bss_RAM2)
                0x00000170        0x4 LONG 0x40100000 ADDR (.bss_RAM3)
                0x00000174        0x4 LONG 0x0 SIZEOF (.bss_RAM3)
                0x00000178        0x4 LONG 0x20040000 ADDR (.bss_RAM4)
                0x0000017c        0x4 LONG 0x0 SIZEOF (.bss_RAM4)
                0x00000180                        __bss_section_table_end = .
                0x00000180                        __section_table_end = .
 *(SORT_BY_ALIGNMENT(.after_vectors*))
 .after_vectors.reset
                0x00000180       0x68 ./startup/startup_lpc55s69_cm33_core0.o
                0x00000180                ResetISR
 .after_vectors.init_data
                0x000001e8       0x1e ./startup/startup_lpc55s69_cm33_core0.o
                0x000001e8                data_init
 .after_vectors.init_bss
                0x00000206       0x12 ./startup/startup_lpc55s69_cm33_core0.o
                0x00000206                bss_init
 .after_vectors
                0x00000218       0x16 ./startup/startup_lpc55s69_cm33_core0.o
                0x00000218                NMI_Handler
                0x0000021c                MemManage_Handler
                0x0000021e                BusFault_Handler
                0x00000220                UsageFault_Handler
                0x00000222                SecureFault_Handler
                0x00000224                SVC_Handler
                0x00000226                DebugMon_Handler
                0x00000228                PendSV_Handler
                0x0000022a                SysTick_Handler
                0x0000022c                Reserved56_DriverIRQHandler
                0x0000022c                PIN_INT0_DriverIRQHandler
                0x0000022c                PIN_INT2_DriverIRQHandler
                0x0000022c                PIN_INT3_DriverIRQHandler
                0x0000022c                IntDefaultHandler
                0x0000022c                USB0_DriverIRQHandler
                0x0000022c                CASER_DriverIRQHandler
                0x0000022c                MRT0_DriverIRQHandler
                0x0000022c                UTICK0_DriverIRQHandler
                0x0000022c                Reserved41_DriverIRQHandler
                0x0000022c                PIN_INT4_DriverIRQHandler
                0x0000022c                PIN_INT5_DriverIRQHandler
                0x0000022c                SEC_GPIO_INT0_IRQ0_DriverIRQHandler
                0x0000022c                GINT1_DriverIRQHandler
                0x0000022c                PIN_INT7_DriverIRQHandler
                0x0000022c                Reserved55_DriverIRQHandler
                0x0000022c                SEC_VIO_DriverIRQHandler
                0x0000022c                USB0_NEEDCLK_DriverIRQHandler
                0x0000022c                Reserved42_DriverIRQHandler
                0x0000022c                PIN_INT6_DriverIRQHandler
                0x0000022c                PQ_DriverIRQHandler
                0x0000022c                MAILBOX_DriverIRQHandler
                0x0000022c                PIN_INT1_DriverIRQHandler
                0x0000022c                Reserved61_DriverIRQHandler
                0x0000022c                SEC_GPIO_INT0_IRQ1_DriverIRQHandler
                0x0000022c                PUF_DriverIRQHandler
                0x0000022c                RTC_DriverIRQHandler
                0x0000022c                DMA0_DriverIRQHandler
                0x0000022c                Reserved39_DriverIRQHandler
                0x0000022c                USB1_DriverIRQHandler
                0x0000022c                Reserved60_DriverIRQHandler
                0x0000022c                DMA1_DriverIRQHandler
                0x0000022c                ADC0_DriverIRQHandler
                0x0000022c                USB1_NEEDCLK_DriverIRQHandler
                0x0000022c                Reserved59_DriverIRQHandler
                0x0000022c                SDIO_DriverIRQHandler
                0x0000022c                GINT0_DriverIRQHandler
                0x0000022c                USB1_PHY_DriverIRQHandler
                0x0000022c                ACMP_DriverIRQHandler
                0x0000022c                Reserved57_DriverIRQHandler
                0x0000022c                HASHCRYPT_DriverIRQHandler
                0x0000022c                Reserved46_DriverIRQHandler
                0x0000022c                WDT_BOD_DriverIRQHandler
                0x0000022c                SCT0_DriverIRQHandler
                0x0000022c                PLU_DriverIRQHandler
                0x0000022c                OS_EVENT_DriverIRQHandler
                0x0000022c                SEC_HYPERVISOR_CALL_DriverIRQHandler
 *(SORT_BY_ALIGNMENT(.text*))
 *fill*         0x0000022e        0x2 ff
 .text.__assertion_failed
                0x00000230       0x18 ./utilities/fsl_assert.o
                0x00000230                __assertion_failed
 .text.DbgConsole_SendDataReliable
                0x00000248       0x54 ./utilities/fsl_debug_console.o
                0x00000248                DbgConsole_SendDataReliable
 .text.DbgConsole_Init
                0x0000029c      0x138 ./utilities/fsl_debug_console.o
                0x0000029c                DbgConsole_Init
 .text.DbgConsole_Vprintf
                0x000003d4       0x6c ./utilities/fsl_debug_console.o
                0x000003d4                DbgConsole_Vprintf
 .text.SPI_Write_Byte
                0x00000440       0x7c ./source/lcd.o
 .text.SPI_Write_Words
                0x000004bc       0xd4 ./source/lcd.o
 .text.LCD_WriteReg
                0x00000590       0x4c ./source/lcd.o
 .text.LCD_WriteData_8Bit
                0x000005dc       0x4c ./source/lcd.o
 .text.LCD_GramRefresh
                0x00000628       0x38 ./source/lcd.o
                0x00000628                LCD_GramRefresh
 .text.LCD_Init
                0x00000660       0x8c ./source/lcd.o
                0x00000660                LCD_Init
 .text.LCD_Clear
                0x000006ec       0x40 ./source/lcd.o
                0x000006ec                LCD_Clear
 .text.LCD_Set_Bitmap
                0x0000072c       0x44 ./source/lcd.o
                0x0000072c                LCD_Set_Bitmap
 .text.POWER_DisablePD
                0x00000770       0x20 ./source/mini_projekt.o
 .text.ADC0_IRQHandler
                0x00000790       0x68 ./source/mini_projekt.o
                0x00000790                ADC0_IRQHandler
 .text.main     0x000007f8       0xb4 ./source/mini_projekt.o
                0x000007f8                main
 .text.POWER_EnablePD
                0x000008ac       0x20 ./drivers/fsl_clock.o
 .text.POWER_DisablePD
                0x000008cc       0x20 ./drivers/fsl_clock.o
 .text.CLOCK_AttachClk
                0x000008ec       0xa0 ./drivers/fsl_clock.o
                0x000008ec                CLOCK_AttachClk
 .text.CLOCK_SetClkDiv
                0x0000098c       0x80 ./drivers/fsl_clock.o
                0x0000098c                CLOCK_SetClkDiv
 .text.CLOCK_SetupFROClocking
                0x00000a0c       0x80 ./drivers/fsl_clock.o
                0x00000a0c                CLOCK_SetupFROClocking
 .text.CLOCK_SetFLASHAccessCyclesForFreq
                0x00000a8c      0x17c ./drivers/fsl_clock.o
                0x00000a8c                CLOCK_SetFLASHAccessCyclesForFreq
 .text.CLOCK_SetupExtClocking
                0x00000c08       0x50 ./drivers/fsl_clock.o
                0x00000c08                CLOCK_SetupExtClocking
 .text.CLOCK_GetFro1MFreq
                0x00000c58       0x28 ./drivers/fsl_clock.o
                0x00000c58                CLOCK_GetFro1MFreq
 .text.CLOCK_GetExtClkFreq
                0x00000c80       0x2c ./drivers/fsl_clock.o
                0x00000c80                CLOCK_GetExtClkFreq
 .text.CLOCK_GetOsc32KFreq
                0x00000cac       0x58 ./drivers/fsl_clock.o
                0x00000cac                CLOCK_GetOsc32KFreq
 .text.CLOCK_GetPLL0InClockRate
                0x00000d04       0x64 ./drivers/fsl_clock.o
                0x00000d04                CLOCK_GetPLL0InClockRate
 .text.CLOCK_SetPLL0Freq
                0x00000d68      0x14c ./drivers/fsl_clock.o
                0x00000d68                CLOCK_SetPLL0Freq
 .text.SDK_DelayAtLeastUs
                0x00000eb4       0x8c ./drivers/fsl_common_arm.o
                0x00000eb4                SDK_DelayAtLeastUs
 .text.__NVIC_EnableIRQ
                0x00000f40       0x3c ./drivers/fsl_ctimer.o
 .text.CTIMER_GetInstance
                0x00000f7c       0x54 ./drivers/fsl_ctimer.o
 .text.CTIMER_Init
                0x00000fd0       0x74 ./drivers/fsl_ctimer.o
                0x00000fd0                CTIMER_Init
 .text.CTIMER_SetupMatch
                0x00001044      0x11c ./drivers/fsl_ctimer.o
                0x00001044                CTIMER_SetupMatch
 .text.CTIMER_GenericIRQHandler
                0x00001160       0xb4 ./drivers/fsl_ctimer.o
 .text.FLEXCOMM_GetInstance
                0x00001214       0x50 ./drivers/fsl_flexcomm.o
                0x00001214                FLEXCOMM_GetInstance
 .text.FLEXCOMM_Init
                0x00001264       0x50 ./drivers/fsl_flexcomm.o
                0x00001264                FLEXCOMM_Init
 .text.FLEXCOMM0_DriverIRQHandler
                0x000012b4       0x5c ./drivers/fsl_flexcomm.o
                0x000012b4                FLEXCOMM0_DriverIRQHandler
 .text.FLEXCOMM1_DriverIRQHandler
                0x00001310       0x5c ./drivers/fsl_flexcomm.o
                0x00001310                FLEXCOMM1_DriverIRQHandler
 .text.FLEXCOMM2_DriverIRQHandler
                0x0000136c       0x5c ./drivers/fsl_flexcomm.o
                0x0000136c                FLEXCOMM2_DriverIRQHandler
 .text.FLEXCOMM3_DriverIRQHandler
                0x000013c8       0x5c ./drivers/fsl_flexcomm.o
                0x000013c8                FLEXCOMM3_DriverIRQHandler
 .text.FLEXCOMM4_DriverIRQHandler
                0x00001424       0x5c ./drivers/fsl_flexcomm.o
                0x00001424                FLEXCOMM4_DriverIRQHandler
 .text.FLEXCOMM5_DriverIRQHandler
                0x00001480       0x5c ./drivers/fsl_flexcomm.o
                0x00001480                FLEXCOMM5_DriverIRQHandler
 .text.FLEXCOMM6_DriverIRQHandler
                0x000014dc       0x5c ./drivers/fsl_flexcomm.o
                0x000014dc                FLEXCOMM6_DriverIRQHandler
 .text.FLEXCOMM7_DriverIRQHandler
                0x00001538       0x5c ./drivers/fsl_flexcomm.o
                0x00001538                FLEXCOMM7_DriverIRQHandler
 .text.FLEXCOMM8_DriverIRQHandler
                0x00001594       0x5c ./drivers/fsl_flexcomm.o
                0x00001594                FLEXCOMM8_DriverIRQHandler
 .text.GPIO_EnablePortClock
                0x000015f0       0x34 ./drivers/fsl_gpio.o
 .text.LPADC_GetInstance
                0x00001624       0x44 ./drivers/fsl_lpadc.o
 .text.LPADC_Init
                0x00001668      0x114 ./drivers/fsl_lpadc.o
                0x00001668                LPADC_Init
 .text.LPADC_GetConvResult
                0x0000177c       0x6c ./drivers/fsl_lpadc.o
                0x0000177c                LPADC_GetConvResult
 .text.LPADC_SetConvTriggerConfig
                0x000017e8       0x8c ./drivers/fsl_lpadc.o
                0x000017e8                LPADC_SetConvTriggerConfig
 .text.LPADC_SetConvCommandConfig
                0x00001874      0x110 ./drivers/fsl_lpadc.o
                0x00001874                LPADC_SetConvCommandConfig
 .text.LPADC_PrepareAutoCalibration
                0x00001984       0x44 ./drivers/fsl_lpadc.o
                0x00001984                LPADC_PrepareAutoCalibration
 .text.lowpower_set_system_voltage
                0x000019c8      0x154 ./drivers/fsl_power.o
 .text.lowpower_set_dcdc_power_profile
                0x00001b1c       0xec ./drivers/fsl_power.o
 .text.lowpower_get_part_process_corner
                0x00001c08       0x94 ./drivers/fsl_power.o
 .text.POWER_SetVoltageForFreq
                0x00001c9c       0x50 ./drivers/fsl_power.o
                0x00001c9c                POWER_SetVoltageForFreq
 .text.PQ_Init  0x00001cec       0x2c ./drivers/fsl_powerquad_basic.o
                0x00001cec                PQ_Init
 .text.PQ_CosQ15
                0x00001d18       0x74 ./drivers/fsl_powerquad_cmsis.o
 .text.RESET_SetPeripheralReset
                0x00001d8c       0x5c ./drivers/fsl_reset.o
                0x00001d8c                RESET_SetPeripheralReset
 .text.RESET_ClearPeripheralReset
                0x00001de8       0x60 ./drivers/fsl_reset.o
                0x00001de8                RESET_ClearPeripheralReset
 .text.SPI_SetTransferDelay
                0x00001e48       0x60 ./drivers/fsl_spi.o
 .text.SPI_GetInstance
                0x00001ea8       0x4c ./drivers/fsl_spi.o
                0x00001ea8                SPI_GetInstance
 .text.SPI_SetDummyData
                0x00001ef4       0x2c ./drivers/fsl_spi.o
                0x00001ef4                SPI_SetDummyData
 .text.SPI_GetConfig
                0x00001f20       0x24 ./drivers/fsl_spi.o
                0x00001f20                SPI_GetConfig
 .text.SPI_MasterInit
                0x00001f44      0x190 ./drivers/fsl_spi.o
                0x00001f44                SPI_MasterInit
 .text.SPI_MasterSetBaud
                0x000020d4       0x9c ./drivers/fsl_spi.o
                0x000020d4                SPI_MasterSetBaud
 .text.USART_Init
                0x00002170      0x1cc ./drivers/fsl_usart.o
                0x00002170                USART_Init
 .text.USART_GetDefaultConfig
                0x0000233c       0x80 ./drivers/fsl_usart.o
                0x0000233c                USART_GetDefaultConfig
 .text.USART_SetBaudRate
                0x000023bc      0x18c ./drivers/fsl_usart.o
                0x000023bc                USART_SetBaudRate
 .text.USART_WriteBlocking
                0x00002548       0x8c ./drivers/fsl_usart.o
                0x00002548                USART_WriteBlocking
 .text.SystemInit
                0x000025d4       0x64 ./device/system_LPC55S69_cm33_core0.o
                0x000025d4                SystemInit
 .text.HAL_UartInitCommon
                0x00002638      0x110 ./component/uart/fsl_adapter_usart.o
 .text.HAL_UartSendBlocking
                0x00002748       0x64 ./component/uart/fsl_adapter_usart.o
                0x00002748                HAL_UartSendBlocking
 .text.BOARD_InitDebugConsole
                0x000027ac       0x38 ./board/board.o
                0x000027ac                BOARD_InitDebugConsole
 .text.POWER_DisablePD
                0x000027e4       0x20 ./board/clock_config.o
 .text.BOARD_BootClockPLL150M
                0x00002804      0x12c ./board/clock_config.o
                0x00002804                BOARD_BootClockPLL150M
 .text.__NVIC_EnableIRQ
                0x00002930       0x3c ./board/peripherals.o
 .text.__NVIC_SetPriority
                0x0000296c       0x54 ./board/peripherals.o
 .text.POWER_DisablePD
                0x000029c0       0x20 ./board/peripherals.o
 .text.FLEXCOMM8_init
                0x000029e0       0x20 ./board/peripherals.o
 .text.CTIMER0_init
                0x00002a00       0x2c ./board/peripherals.o
 .text.ADC0_init
                0x00002a2c       0x68 ./board/peripherals.o
 .text.BOARD_InitDEBUG_UARTPins
                0x00002a94       0x3c ./board/pin_mux.o
                0x00002a94                BOARD_InitDEBUG_UARTPins
 .text.BOARD_InitPMODPins
                0x00002ad0       0xc8 ./board/pin_mux.o
                0x00002ad0                BOARD_InitPMODPins
 .text.BOARD_InitADCPins
                0x00002b98       0x4c ./board/pin_mux.o
                0x00002b98                BOARD_InitADCPins
 .text._initio  0x00002be4       0x78 c:/nxp/mcuxpressoide_11.9.0_2144/ide/plugins/com.nxp.mcuxpresso.tools.win32_11.9.0.202307121226/tools/bin/../lib/gcc/arm-none-eabi/12.3.1/../../../../arm-none-eabi/lib/thumb/v8-m.main+fp/hard\libcr_c.a(initio.o)
                0x00002be4                _initio
 .text._Cwritebuf
                0x00002c5c       0x6c c:/nxp/mcuxpressoide_11.9.0_2144/ide/plugins/com.nxp.mcuxpresso.tools.win32_11.9.0.202307121226/tools/bin/../lib/gcc/arm-none-eabi/12.3.1/../../../../arm-none-eabi/lib/thumb/v8-m.main+fp/hard\libcr_c.a(_writebuf.o)
                0x00002c5c                _Cwritebuf
 .text.fflush   0x00002cc8       0x3c c:/nxp/mcuxpressoide_11.9.0_2144/ide/plugins/com.nxp.mcuxpresso.tools.win32_11.9.0.202307121226/tools/bin/../lib/gcc/arm-none-eabi/12.3.1/../../../../arm-none-eabi/lib/thumb/v8-m.main+fp/hard\libcr_c.a(fflush.o)
                0x00002cc8                fflush
 .text.fseek    0x00002d04       0xf8 c:/nxp/mcuxpressoide_11.9.0_2144/ide/plugins/com.nxp.mcuxpresso.tools.win32_11.9.0.202307121226/tools/bin/../lib/gcc/arm-none-eabi/12.3.1/../../../../arm-none-eabi/lib/thumb/v8-m.main+fp/hard\libcr_c.a(fseek.o)
                0x00002d04                fseek
 .text.ftell    0x00002dfc       0x44 c:/nxp/mcuxpressoide_11.9.0_2144/ide/plugins/com.nxp.mcuxpresso.tools.win32_11.9.0.202307121226/tools/bin/../lib/gcc/arm-none-eabi/12.3.1/../../../../arm-none-eabi/lib/thumb/v8-m.main+fp/hard\libcr_c.a(ftell.o)
                0x00002dfc                ftell
 .text.DbgConsole_PrintCallback
                0x00002e40       0x66 ./utilities/fsl_debug_console.o
 .text.DbgConsole_Printf
                0x00002ea6       0x2c ./utilities/fsl_debug_console.o
                0x00002ea6                DbgConsole_Printf
 .text.PrintGetWidth
                0x00002ed2       0x6a ./utilities/fsl_str.o
 .text.PrintGetPrecision
                0x00002f3c       0x8c ./utilities/fsl_str.o
 .text.PrintIsobpu
                0x00002fc8       0x38 ./utilities/fsl_str.o
 .text.PrintIsdi
                0x00003000       0x2c ./utilities/fsl_str.o
 .text.PrintOutputdifFobpu
                0x0000302c       0x44 ./utilities/fsl_str.o
 .text.PrintOutputxX
                0x00003070       0x44 ./utilities/fsl_str.o
 .text.PrintIsfF
                0x000030b4       0x2c ./utilities/fsl_str.o
 .text.PrintIsxX
                0x000030e0       0x2c ./utilities/fsl_str.o
 .text.PrintFilterLengthFlag
                0x0000310c       0x3e ./utilities/fsl_str.o
 .text.PrintGetRadixFromobpu
                0x0000314a       0x40 ./utilities/fsl_str.o
 .text.ConvertRadixNumToString
                0x0000318a       0xc2 ./utilities/fsl_str.o
 .text.StrFormatPrintf
                0x0000324c      0x2ac ./utilities/fsl_str.o
                0x0000324c                StrFormatPrintf
 .text.WDT_BOD_IRQHandler
                0x000034f8        0x8 ./startup/startup_lpc55s69_cm33_core0.o
                0x000034f8                WDT_BOD_IRQHandler
 .text.DMA0_IRQHandler
                0x00003500        0x8 ./startup/startup_lpc55s69_cm33_core0.o
                0x00003500                DMA0_IRQHandler
 .text.GINT0_IRQHandler
                0x00003508        0x8 ./startup/startup_lpc55s69_cm33_core0.o
                0x00003508                GINT0_IRQHandler
 .text.GINT1_IRQHandler
                0x00003510        0x8 ./startup/startup_lpc55s69_cm33_core0.o
                0x00003510                GINT1_IRQHandler
 .text.PIN_INT0_IRQHandler
                0x00003518        0x8 ./startup/startup_lpc55s69_cm33_core0.o
                0x00003518                PIN_INT0_IRQHandler
 .text.PIN_INT1_IRQHandler
                0x00003520        0x8 ./startup/startup_lpc55s69_cm33_core0.o
                0x00003520                PIN_INT1_IRQHandler
 .text.PIN_INT2_IRQHandler
                0x00003528        0x8 ./startup/startup_lpc55s69_cm33_core0.o
                0x00003528                PIN_INT2_IRQHandler
 .text.PIN_INT3_IRQHandler
                0x00003530        0x8 ./startup/startup_lpc55s69_cm33_core0.o
                0x00003530                PIN_INT3_IRQHandler
 .text.UTICK0_IRQHandler
                0x00003538        0x8 ./startup/startup_lpc55s69_cm33_core0.o
                0x00003538                UTICK0_IRQHandler
 .text.MRT0_IRQHandler
                0x00003540        0x8 ./startup/startup_lpc55s69_cm33_core0.o
                0x00003540                MRT0_IRQHandler
 .text.CTIMER0_IRQHandler
                0x00003548        0x8 ./startup/startup_lpc55s69_cm33_core0.o
                0x00003548                CTIMER0_IRQHandler
 .text.CTIMER1_IRQHandler
                0x00003550        0x8 ./startup/startup_lpc55s69_cm33_core0.o
                0x00003550                CTIMER1_IRQHandler
 .text.SCT0_IRQHandler
                0x00003558        0x8 ./startup/startup_lpc55s69_cm33_core0.o
                0x00003558                SCT0_IRQHandler
 .text.CTIMER3_IRQHandler
                0x00003560        0x8 ./startup/startup_lpc55s69_cm33_core0.o
                0x00003560                CTIMER3_IRQHandler
 .text.FLEXCOMM0_IRQHandler
                0x00003568        0x8 ./startup/startup_lpc55s69_cm33_core0.o
                0x00003568                FLEXCOMM0_IRQHandler
 .text.FLEXCOMM1_IRQHandler
                0x00003570        0x8 ./startup/startup_lpc55s69_cm33_core0.o
                0x00003570                FLEXCOMM1_IRQHandler
 .text.FLEXCOMM2_IRQHandler
                0x00003578        0x8 ./startup/startup_lpc55s69_cm33_core0.o
                0x00003578                FLEXCOMM2_IRQHandler
 .text.FLEXCOMM3_IRQHandler
                0x00003580        0x8 ./startup/startup_lpc55s69_cm33_core0.o
                0x00003580                FLEXCOMM3_IRQHandler
 .text.FLEXCOMM4_IRQHandler
                0x00003588        0x8 ./startup/startup_lpc55s69_cm33_core0.o
                0x00003588                FLEXCOMM4_IRQHandler
 .text.FLEXCOMM5_IRQHandler
                0x00003590        0x8 ./startup/startup_lpc55s69_cm33_core0.o
                0x00003590                FLEXCOMM5_IRQHandler
 .text.FLEXCOMM6_IRQHandler
                0x00003598        0x8 ./startup/startup_lpc55s69_cm33_core0.o
                0x00003598                FLEXCOMM6_IRQHandler
 .text.FLEXCOMM7_IRQHandler
                0x000035a0        0x8 ./startup/startup_lpc55s69_cm33_core0.o
                0x000035a0                FLEXCOMM7_IRQHandler
 .text.Reserved39_IRQHandler
                0x000035a8        0x8 ./startup/startup_lpc55s69_cm33_core0.o
                0x000035a8                Reserved39_IRQHandler
 .text.ACMP_IRQHandler
                0x000035b0        0x8 ./startup/startup_lpc55s69_cm33_core0.o
                0x000035b0                ACMP_IRQHandler
 .text.Reserved41_IRQHandler
                0x000035b8        0x8 ./startup/startup_lpc55s69_cm33_core0.o
                0x000035b8                Reserved41_IRQHandler
 .text.Reserved42_IRQHandler
                0x000035c0        0x8 ./startup/startup_lpc55s69_cm33_core0.o
                0x000035c0                Reserved42_IRQHandler
 .text.USB0_NEEDCLK_IRQHandler
                0x000035c8        0x8 ./startup/startup_lpc55s69_cm33_core0.o
                0x000035c8                USB0_NEEDCLK_IRQHandler
 .text.USB0_IRQHandler
                0x000035d0        0x8 ./startup/startup_lpc55s69_cm33_core0.o
                0x000035d0                USB0_IRQHandler
 .text.RTC_IRQHandler
                0x000035d8        0x8 ./startup/startup_lpc55s69_cm33_core0.o
                0x000035d8                RTC_IRQHandler
 .text.Reserved46_IRQHandler
                0x000035e0        0x8 ./startup/startup_lpc55s69_cm33_core0.o
                0x000035e0                Reserved46_IRQHandler
 .text.MAILBOX_IRQHandler
                0x000035e8        0x8 ./startup/startup_lpc55s69_cm33_core0.o
                0x000035e8                MAILBOX_IRQHandler
 .text.PIN_INT4_IRQHandler
                0x000035f0        0x8 ./startup/startup_lpc55s69_cm33_core0.o
                0x000035f0                PIN_INT4_IRQHandler
 .text.PIN_INT5_IRQHandler
                0x000035f8        0x8 ./startup/startup_lpc55s69_cm33_core0.o
                0x000035f8                PIN_INT5_IRQHandler
 .text.PIN_INT6_IRQHandler
                0x00003600        0x8 ./startup/startup_lpc55s69_cm33_core0.o
                0x00003600                PIN_INT6_IRQHandler
 .text.PIN_INT7_IRQHandler
                0x00003608        0x8 ./startup/startup_lpc55s69_cm33_core0.o
                0x00003608                PIN_INT7_IRQHandler
 .text.CTIMER2_IRQHandler
                0x00003610        0x8 ./startup/startup_lpc55s69_cm33_core0.o
                0x00003610                CTIMER2_IRQHandler
 .text.CTIMER4_IRQHandler
                0x00003618        0x8 ./startup/startup_lpc55s69_cm33_core0.o
                0x00003618                CTIMER4_IRQHandler
 .text.OS_EVENT_IRQHandler
                0x00003620        0x8 ./startup/startup_lpc55s69_cm33_core0.o
                0x00003620                OS_EVENT_IRQHandler
 .text.Reserved55_IRQHandler
                0x00003628        0x8 ./startup/startup_lpc55s69_cm33_core0.o
                0x00003628                Reserved55_IRQHandler
 .text.Reserved56_IRQHandler
                0x00003630        0x8 ./startup/startup_lpc55s69_cm33_core0.o
                0x00003630                Reserved56_IRQHandler
 .text.Reserved57_IRQHandler
                0x00003638        0x8 ./startup/startup_lpc55s69_cm33_core0.o
                0x00003638                Reserved57_IRQHandler
 .text.SDIO_IRQHandler
                0x00003640        0x8 ./startup/startup_lpc55s69_cm33_core0.o
                0x00003640                SDIO_IRQHandler
 .text.Reserved59_IRQHandler
                0x00003648        0x8 ./startup/startup_lpc55s69_cm33_core0.o
                0x00003648                Reserved59_IRQHandler
 .text.Reserved60_IRQHandler
                0x00003650        0x8 ./startup/startup_lpc55s69_cm33_core0.o
                0x00003650                Reserved60_IRQHandler
 .text.Reserved61_IRQHandler
                0x00003658        0x8 ./startup/startup_lpc55s69_cm33_core0.o
                0x00003658                Reserved61_IRQHandler
 .text.USB1_PHY_IRQHandler
                0x00003660        0x8 ./startup/startup_lpc55s69_cm33_core0.o
                0x00003660                USB1_PHY_IRQHandler
 .text.USB1_IRQHandler
                0x00003668        0x8 ./startup/startup_lpc55s69_cm33_core0.o
                0x00003668                USB1_IRQHandler
 .text.USB1_NEEDCLK_IRQHandler
                0x00003670        0x8 ./startup/startup_lpc55s69_cm33_core0.o
                0x00003670                USB1_NEEDCLK_IRQHandler
 .text.SEC_HYPERVISOR_CALL_IRQHandler
                0x00003678        0x8 ./startup/startup_lpc55s69_cm33_core0.o
                0x00003678                SEC_HYPERVISOR_CALL_IRQHandler
 .text.SEC_GPIO_INT0_IRQ0_IRQHandler
                0x00003680        0x8 ./startup/startup_lpc55s69_cm33_core0.o
                0x00003680                SEC_GPIO_INT0_IRQ0_IRQHandler
 .text.SEC_GPIO_INT0_IRQ1_IRQHandler
                0x00003688        0x8 ./startup/startup_lpc55s69_cm33_core0.o
                0x00003688                SEC_GPIO_INT0_IRQ1_IRQHandler
 .text.PLU_IRQHandler
                0x00003690        0x8 ./startup/startup_lpc55s69_cm33_core0.o
                0x00003690                PLU_IRQHandler
 .text.SEC_VIO_IRQHandler
                0x00003698        0x8 ./startup/startup_lpc55s69_cm33_core0.o
                0x00003698                SEC_VIO_IRQHandler
 .text.HASHCRYPT_IRQHandler
                0x000036a0        0x8 ./startup/startup_lpc55s69_cm33_core0.o
                0x000036a0                HASHCRYPT_IRQHandler
 .text.CASER_IRQHandler
                0x000036a8        0x8 ./startup/startup_lpc55s69_cm33_core0.o
                0x000036a8                CASER_IRQHandler
 .text.PUF_IRQHandler
                0x000036b0        0x8 ./startup/startup_lpc55s69_cm33_core0.o
                0x000036b0                PUF_IRQHandler
 .text.PQ_IRQHandler
                0x000036b8        0x8 ./startup/startup_lpc55s69_cm33_core0.o
                0x000036b8                PQ_IRQHandler
 .text.DMA1_IRQHandler
                0x000036c0        0x8 ./startup/startup_lpc55s69_cm33_core0.o
                0x000036c0                DMA1_IRQHandler
 .text.FLEXCOMM8_IRQHandler
                0x000036c8        0x8 ./startup/startup_lpc55s69_cm33_core0.o
                0x000036c8                FLEXCOMM8_IRQHandler
 .text.GPIO_PinWrite
                0x000036d0       0x2a ./source/lcd.o
 .text.Driver_Delay_ms
                0x000036fa       0x30 ./source/lcd.o
                0x000036fa                Driver_Delay_ms
 .text.LCD_InitReg
                0x0000372a      0x1d0 ./source/lcd.o
 .text.LCD_SetHome
                0x000038fa       0x4a ./source/lcd.o
 .text.HardFault_Handler
                0x00003944       0x36 ./source/semihost_hardfault.o
                0x00003944                HardFault_Handler
 .text.CLOCK_IsPLL0Locked
                0x0000397a       0x24 ./drivers/fsl_clock.o
 .text.findPll0PreDiv
                0x0000399e       0x3e ./drivers/fsl_clock.o
 .text.DelayLoop
                0x000039dc       0x20 ./drivers/fsl_common_arm.o
 .text.CLOCK_EnableClock
                0x000039fc       0x30 ./drivers/fsl_ctimer.o
 .text.EnableIRQ
                0x00003a2c       0x32 ./drivers/fsl_ctimer.o
 .text.CTIMER_GetStatusFlags
                0x00003a5e       0x18 ./drivers/fsl_ctimer.o
 .text.CTIMER_ClearStatusFlags
                0x00003a76       0x1c ./drivers/fsl_ctimer.o
 .text.CTIMER0_DriverIRQHandler
                0x00003a92        0xe ./drivers/fsl_ctimer.o
                0x00003a92                CTIMER0_DriverIRQHandler
 .text.CTIMER1_DriverIRQHandler
                0x00003aa0        0xe ./drivers/fsl_ctimer.o
                0x00003aa0                CTIMER1_DriverIRQHandler
 .text.CTIMER2_DriverIRQHandler
                0x00003aae        0xe ./drivers/fsl_ctimer.o
                0x00003aae                CTIMER2_DriverIRQHandler
 .text.CTIMER3_DriverIRQHandler
                0x00003abc        0xe ./drivers/fsl_ctimer.o
                0x00003abc                CTIMER3_DriverIRQHandler
 .text.CTIMER4_DriverIRQHandler
                0x00003aca        0xe ./drivers/fsl_ctimer.o
                0x00003aca                CTIMER4_DriverIRQHandler
 .text.CLOCK_EnableClock
                0x00003ad8       0x30 ./drivers/fsl_flexcomm.o
 .text.FLEXCOMM_PeripheralIsPresent
                0x00003b08       0x64 ./drivers/fsl_flexcomm.o
 .text.FLEXCOMM_SetPeriph
                0x00003b6c       0x74 ./drivers/fsl_flexcomm.o
 .text.CLOCK_EnableClock
                0x00003be0       0x30 ./drivers/fsl_gpio.o
 .text.GPIO_PinInit
                0x00003c10       0xa4 ./drivers/fsl_gpio.o
                0x00003c10                GPIO_PinInit
 .text.CLOCK_EnableClock
                0x00003cb4       0x30 ./drivers/fsl_lpadc.o
 .text.LPADC_Enable
                0x00003ce4       0x38 ./drivers/fsl_lpadc.o
 .text.LPADC_DoResetFIFO0
                0x00003d1c       0x20 ./drivers/fsl_lpadc.o
 .text.LPADC_DoResetFIFO1
                0x00003d3c       0x20 ./drivers/fsl_lpadc.o
 .text.LPADC_DoResetConfig
                0x00003d5c       0x2c ./drivers/fsl_lpadc.o
 .text.LPADC_GetConvResultCount
                0x00003d88       0x26 ./drivers/fsl_lpadc.o
 .text.LPADC_EnableOffsetCalibration
                0x00003dae       0x38 ./drivers/fsl_lpadc.o
 .text.LPADC_DoOffsetCalibration
                0x00003de6       0x2a ./drivers/fsl_lpadc.o
                0x00003de6                LPADC_DoOffsetCalibration
 .text.LPADC_DoAutoCalibration
                0x00003e10       0x1c ./drivers/fsl_lpadc.o
                0x00003e10                LPADC_DoAutoCalibration
 .text.LPADC_FinishAutoCalibration
                0x00003e2c       0xbc ./drivers/fsl_lpadc.o
                0x00003e2c                LPADC_FinishAutoCalibration
 .text.lowpower_set_voltage_for_process
                0x00003ee8       0xaa ./drivers/fsl_power.o
 .text.CLOCK_EnableClock
                0x00003f92       0x30 ./drivers/fsl_powerquad_basic.o
 .text.arm_cos_q15
                0x00003fc2       0x26 ./drivers/fsl_powerquad_cmsis.o
                0x00003fc2                arm_cos_q15
 .text.RESET_PeripheralReset
                0x00003fe8       0x1c ./drivers/fsl_reset.o
                0x00003fe8                RESET_PeripheralReset
 .text.SPI_Enable
                0x00004004       0x40 ./drivers/fsl_spi.o
 .text.USART_EnableContinuousSCLK
                0x00004044       0x38 ./drivers/fsl_usart.o
 .text.SystemInitHook
                0x0000407c        0xe ./device/system_LPC55S69_cm33_core0.o
                0x0000407c                SystemInitHook
 .text.HAL_UartGetStatus
                0x0000408a       0x22 ./component/uart/fsl_adapter_usart.o
 .text.HAL_UartInit
                0x000040ac       0x36 ./component/uart/fsl_adapter_usart.o
                0x000040ac                HAL_UartInit
 .text.DisableGlobalIRQ
                0x000040e2       0x22 ./component/serial_manager/fsl_component_serial_manager.o
 .text.EnableGlobalIRQ
                0x00004104       0x20 ./component/serial_manager/fsl_component_serial_manager.o
 .text.SerialManager_StartWriting
                0x00004124       0x38 ./component/serial_manager/fsl_component_serial_manager.o
 .text.SerialManager_Write
                0x0000415c       0x44 ./component/serial_manager/fsl_component_serial_manager.o
 .text.SerialManager_Init
                0x000041a0       0x60 ./component/serial_manager/fsl_component_serial_manager.o
                0x000041a0                SerialManager_Init
 .text.SerialManager_OpenWriteHandle
                0x00004200       0x50 ./component/serial_manager/fsl_component_serial_manager.o
                0x00004200                SerialManager_OpenWriteHandle
 .text.SerialManager_OpenReadHandle
                0x00004250       0x60 ./component/serial_manager/fsl_component_serial_manager.o
                0x00004250                SerialManager_OpenReadHandle
 .text.SerialManager_WriteBlocking
                0x000042b0       0x20 ./component/serial_manager/fsl_component_serial_manager.o
                0x000042b0                SerialManager_WriteBlocking
 .text.Serial_UartInit
                0x000042d0       0x3e ./component/serial_manager/fsl_component_serial_port_uart.o
                0x000042d0                Serial_UartInit
 .text.Serial_UartWrite
                0x0000430e       0x38 ./component/serial_manager/fsl_component_serial_port_uart.o
                0x0000430e                Serial_UartWrite
 .text.BOARD_InitBootClocks
                0x00004346        0xc ./board/clock_config.o
                0x00004346                BOARD_InitBootClocks
 .text.EnableIRQ
                0x00004352       0x32 ./board/peripherals.o
 .text.CTIMER_StartTimer
                0x00004384       0x20 ./board/peripherals.o
 .text.LPADC_EnableInterrupts
                0x000043a4       0x22 ./board/peripherals.o
 .text.LPADC_EnableFIFO0WatermarkDMA
                0x000043c6       0x38 ./board/peripherals.o
 .text.BOARD_InitPeripherals_cm33_core0
                0x000043fe       0x14 ./board/peripherals.o
                0x000043fe                BOARD_InitPeripherals_cm33_core0
 .text.BOARD_InitBootPeripherals
                0x00004412        0xc ./board/peripherals.o
                0x00004412                BOARD_InitBootPeripherals
 .text.CLOCK_EnableClock
                0x0000441e       0x30 ./board/pin_mux.o
 .text.IOCON_PinMuxSet
                0x0000444e       0x2e ./board/pin_mux.o
 .text.BOARD_InitBootPins
                0x0000447c       0x14 ./board/pin_mux.o
                0x0000447c                BOARD_InitBootPins
 .text.__main   0x00004490        0xe c:/nxp/mcuxpressoide_11.9.0_2144/ide/plugins/com.nxp.mcuxpresso.tools.win32_11.9.0.202307121226/tools/bin/../lib/gcc/arm-none-eabi/12.3.1/../../../../arm-none-eabi/lib/thumb/v8-m.main+fp/hard\libcr_nohost_nf.a(_cr__main.o)
                0x00004490                __main
 .text.memcpy   0x0000449e        0x4 c:/nxp/mcuxpressoide_11.9.0_2144/ide/plugins/com.nxp.mcuxpresso.tools.win32_11.9.0.202307121226/tools/bin/../lib/gcc/arm-none-eabi/12.3.1/../../../../arm-none-eabi/lib/thumb/v8-m.main+fp/hard\libcr_c.a(memcpy.o)
                0x0000449e                memcpy
 .text.memset   0x000044a2        0x4 c:/nxp/mcuxpressoide_11.9.0_2144/ide/plugins/com.nxp.mcuxpresso.tools.win32_11.9.0.202307121226/tools/bin/../lib/gcc/arm-none-eabi/12.3.1/../../../../arm-none-eabi/lib/thumb/v8-m.main+fp/hard\libcr_c.a(memset.o)
                0x000044a2                memset
 .text.free     0x000044a6       0x30 c:/nxp/mcuxpressoide_11.9.0_2144/ide/plugins/com.nxp.mcuxpresso.tools.win32_11.9.0.202307121226/tools/bin/../lib/gcc/arm-none-eabi/12.3.1/../../../../arm-none-eabi/lib/thumb/v8-m.main+fp/hard\libcr_c.a(alloc.o)
                0x000044a6                free
 .text.setvbuf  0x000044d6       0x3e c:/nxp/mcuxpressoide_11.9.0_2144/ide/plugins/com.nxp.mcuxpresso.tools.win32_11.9.0.202307121226/tools/bin/../lib/gcc/arm-none-eabi/12.3.1/../../../../arm-none-eabi/lib/thumb/v8-m.main+fp/hard\libcr_c.a(setvbuf.o)
                0x000044d6                setvbuf
 .text.strlen   0x00004514       0x4e c:/nxp/mcuxpressoide_11.9.0_2144/ide/plugins/com.nxp.mcuxpresso.tools.win32_11.9.0.202307121226/tools/bin/../lib/gcc/arm-none-eabi/12.3.1/../../../../arm-none-eabi/lib/thumb/v8-m.main+fp/hard\libcr_c.a(strlen.o)
                0x00004514                strlen
 .text._deferredlazyseek
                0x00004562       0x40 c:/nxp/mcuxpressoide_11.9.0_2144/ide/plugins/com.nxp.mcuxpresso.tools.win32_11.9.0.202307121226/tools/bin/../lib/gcc/arm-none-eabi/12.3.1/../../../../arm-none-eabi/lib/thumb/v8-m.main+fp/hard\libcr_c.a(_deferredlazyseek.o)
                0x00004562                _deferredlazyseek
 .text._fdopen  0x000045a2       0x68 c:/nxp/mcuxpressoide_11.9.0_2144/ide/plugins/com.nxp.mcuxpresso.tools.win32_11.9.0.202307121226/tools/bin/../lib/gcc/arm-none-eabi/12.3.1/../../../../arm-none-eabi/lib/thumb/v8-m.main+fp/hard\libcr_c.a(_fdopen.o)
                0x000045a2                _fdopen
 .text._fflush  0x0000460a       0x52 c:/nxp/mcuxpressoide_11.9.0_2144/ide/plugins/com.nxp.mcuxpresso.tools.win32_11.9.0.202307121226/tools/bin/../lib/gcc/arm-none-eabi/12.3.1/../../../../arm-none-eabi/lib/thumb/v8-m.main+fp/hard\libcr_c.a(_fflush.o)
                0x0000460a                _fflush
 .text.fclose   0x0000465c       0x58 c:/nxp/mcuxpressoide_11.9.0_2144/ide/plugins/com.nxp.mcuxpresso.tools.win32_11.9.0.202307121226/tools/bin/../lib/gcc/arm-none-eabi/12.3.1/../../../../arm-none-eabi/lib/thumb/v8-m.main+fp/hard\libcr_c.a(fclose.o)
                0x0000465c                fclose
 .text.remove   0x000046b4       0x14 c:/nxp/mcuxpressoide_11.9.0_2144/ide/plugins/com.nxp.mcuxpresso.tools.win32_11.9.0.202307121226/tools/bin/../lib/gcc/arm-none-eabi/12.3.1/../../../../arm-none-eabi/lib/thumb/v8-m.main+fp/hard\libcr_c.a(remove.o)
                0x000046b4                remove
 .text._do_fflush
                0x000046c8       0x40 c:/nxp/mcuxpressoide_11.9.0_2144/ide/plugins/com.nxp.mcuxpresso.tools.win32_11.9.0.202307121226/tools/bin/../lib/gcc/arm-none-eabi/12.3.1/../../../../arm-none-eabi/lib/thumb/v8-m.main+fp/hard\libcr_c.a(_do_fflush.o)
                0x000046c8                _do_fflush
 .text.__aeabi_division_uldivmod
                0x00004708      0x174 c:/nxp/mcuxpressoide_11.9.0_2144/ide/plugins/com.nxp.mcuxpresso.tools.win32_11.9.0.202307121226/tools/bin/../lib/gcc/arm-none-eabi/12.3.1/thumb/v8-m.main+fp/hard\libcr_eabihelpers.a(division_64.o)
                0x00004708                __aeabi_uldivmod
                0x0000470c                __bhs_ldivmod1
 .text.__aeabi_division_idiv0
                0x0000487c        0x2 c:/nxp/mcuxpressoide_11.9.0_2144/ide/plugins/com.nxp.mcuxpresso.tools.win32_11.9.0.202307121226/tools/bin/../lib/gcc/arm-none-eabi/12.3.1/thumb/v8-m.main+fp/hard\libcr_eabihelpers.a(division_idiv0.o)
                0x0000487c                __aeabi_idiv0
 .text.__aeabi_memcpy
                0x0000487e       0x34 c:/nxp/mcuxpressoide_11.9.0_2144/ide/plugins/com.nxp.mcuxpresso.tools.win32_11.9.0.202307121226/tools/bin/../lib/gcc/arm-none-eabi/12.3.1/thumb/v8-m.main+fp/hard\libcr_eabihelpers.a(memcpy.o)
                0x0000487e                __aeabi_memcpy
                0x00004888                __aeabi_memcpy8
                0x00004888                __aeabi_memcpy4
 .text.__aeabi_memset_lowlevel
                0x000048b2       0x32 c:/nxp/mcuxpressoide_11.9.0_2144/ide/plugins/com.nxp.mcuxpresso.tools.win32_11.9.0.202307121226/tools/bin/../lib/gcc/arm-none-eabi/12.3.1/thumb/v8-m.main+fp/hard\libcr_eabihelpers.a(memcpy.o)
                0x000048b2                __aeabi_lowlevel_memset
 .text.__sys_close
                0x000048e4        0x6 c:/nxp/mcuxpressoide_11.9.0_2144/ide/plugins/com.nxp.mcuxpresso.tools.win32_11.9.0.202307121226/tools/bin/../lib/gcc/arm-none-eabi/12.3.1/../../../../arm-none-eabi/lib/thumb/v8-m.main+fp/hard\libcr_nohost_nf.a(__sys_close.o)
                0x000048e4                __sys_close
 .text.__sys_flen
                0x000048ea        0x6 c:/nxp/mcuxpressoide_11.9.0_2144/ide/plugins/com.nxp.mcuxpresso.tools.win32_11.9.0.202307121226/tools/bin/../lib/gcc/arm-none-eabi/12.3.1/../../../../arm-none-eabi/lib/thumb/v8-m.main+fp/hard\libcr_nohost_nf.a(__sys_flen.o)
                0x000048ea                __sys_flen
 .text.__sys_istty
                0x000048f0        0x6 c:/nxp/mcuxpressoide_11.9.0_2144/ide/plugins/com.nxp.mcuxpresso.tools.win32_11.9.0.202307121226/tools/bin/../lib/gcc/arm-none-eabi/12.3.1/../../../../arm-none-eabi/lib/thumb/v8-m.main+fp/hard\libcr_nohost_nf.a(__sys_istty.o)
                0x000048f0                __sys_istty
 .text.__sys_remove
                0x000048f6        0x6 c:/nxp/mcuxpressoide_11.9.0_2144/ide/plugins/com.nxp.mcuxpresso.tools.win32_11.9.0.202307121226/tools/bin/../lib/gcc/arm-none-eabi/12.3.1/../../../../arm-none-eabi/lib/thumb/v8-m.main+fp/hard\libcr_nohost_nf.a(__sys_remove.o)
                0x000048f6                __sys_remove
 .text.__sys_seek
                0x000048fc        0x6 c:/nxp/mcuxpressoide_11.9.0_2144/ide/plugins/com.nxp.mcuxpresso.tools.win32_11.9.0.202307121226/tools/bin/../lib/gcc/arm-none-eabi/12.3.1/../../../../arm-none-eabi/lib/thumb/v8-m.main+fp/hard\libcr_nohost_nf.a(__sys_seek.o)
                0x000048fc                __sys_seek
 .text.__sys_tmpnam
                0x00004902        0x6 c:/nxp/mcuxpressoide_11.9.0_2144/ide/plugins/com.nxp.mcuxpresso.tools.win32_11.9.0.202307121226/tools/bin/../lib/gcc/arm-none-eabi/12.3.1/../../../../arm-none-eabi/lib/thumb/v8-m.main+fp/hard\libcr_nohost_nf.a(__sys_tmpnam.o)
                0x00004902                __sys_tmpnam
 .text.__sys_write
                0x00004908        0x4 c:/nxp/mcuxpressoide_11.9.0_2144/ide/plugins/com.nxp.mcuxpresso.tools.win32_11.9.0.202307121226/tools/bin/../lib/gcc/arm-none-eabi/12.3.1/../../../../arm-none-eabi/lib/thumb/v8-m.main+fp/hard\libcr_nohost_nf.a(__sys_write.o)
                0x00004908                __sys_write
 *(SORT_BY_ALIGNMENT(.rodata) SORT_BY_ALIGNMENT(.rodata.*) SORT_BY_ALIGNMENT(.constdata) SORT_BY_ALIGNMENT(.constdata.*))
 .rodata.__assertion_failed.str1.4
                0x0000490c       0x14 ./utilities/fsl_assert.o
 .rodata.bitmap
                0x00004920      0xa00 ./source/mini_projekt.o
                0x00004920                bitmap
 .rodata.SDK_DelayAtLeastUs.str1.4
                0x00005320       0x2b ./drivers/fsl_common_arm.o
 *fill*         0x0000534b        0x1 ff
 .rodata.s_ctimerBases
                0x0000534c       0x14 ./drivers/fsl_ctimer.o
 .rodata.s_ctimerClocks
                0x00005360        0xa ./drivers/fsl_ctimer.o
 *fill*         0x0000536a        0x2 ff
 .rodata.s_ctimerResets
                0x0000536c       0x14 ./drivers/fsl_ctimer.o
 .rodata.s_ctimerIRQ
                0x00005380        0x5 ./drivers/fsl_ctimer.o
 *fill*         0x00005385        0x3 ff
 .rodata.CTIMER_GetInstance.str1.4
                0x00005388       0x2e ./drivers/fsl_ctimer.o
 *fill*         0x000053b6        0x2 ff
 .rodata.CTIMER_Init.str1.4
                0x000053b8       0x22 ./drivers/fsl_ctimer.o
 *fill*         0x000053da        0x2 ff
 .rodata.s_flexcommBaseAddrs
                0x000053dc       0x24 ./drivers/fsl_flexcomm.o
 .rodata.s_flexcommClocks
                0x00005400       0x12 ./drivers/fsl_flexcomm.o
 *fill*         0x00005412        0x2 ff
 .rodata.s_flexcommResets
                0x00005414       0x24 ./drivers/fsl_flexcomm.o
 .rodata.FLEXCOMM_GetInstance.str1.4
                0x00005438       0x42 ./drivers/fsl_flexcomm.o
 *fill*         0x0000547a        0x2 ff
 .rodata.FLEXCOMM0_DriverIRQHandler.str1.4
                0x0000547c       0x3c ./drivers/fsl_flexcomm.o
 .rodata.FLEXCOMM1_DriverIRQHandler.str1.4
                0x000054b8       0x3c ./drivers/fsl_flexcomm.o
 .rodata.FLEXCOMM2_DriverIRQHandler.str1.4
                0x000054f4       0x3c ./drivers/fsl_flexcomm.o
 .rodata.FLEXCOMM3_DriverIRQHandler.str1.4
                0x00005530       0x3c ./drivers/fsl_flexcomm.o
 .rodata.FLEXCOMM4_DriverIRQHandler.str1.4
                0x0000556c       0x3c ./drivers/fsl_flexcomm.o
 .rodata.FLEXCOMM5_DriverIRQHandler.str1.4
                0x000055a8       0x3c ./drivers/fsl_flexcomm.o
 .rodata.FLEXCOMM6_DriverIRQHandler.str1.4
                0x000055e4       0x3c ./drivers/fsl_flexcomm.o
 .rodata.FLEXCOMM7_DriverIRQHandler.str1.4
                0x00005620       0x3c ./drivers/fsl_flexcomm.o
 .rodata.FLEXCOMM8_DriverIRQHandler.str1.4
                0x0000565c       0x3c ./drivers/fsl_flexcomm.o
 .rodata.s_gpioClockName
                0x00005698        0x8 ./drivers/fsl_gpio.o
 .rodata.GPIO_EnablePortClock.str1.4
                0x000056a0       0x33 ./drivers/fsl_gpio.o
 *fill*         0x000056d3        0x1 ff
 .rodata.LPADC_GetInstance.str1.4
                0x000056d4       0x35 ./drivers/fsl_lpadc.o
 *fill*         0x00005709        0x3 ff
 .rodata.LPADC_Init.str1.4
                0x0000570c       0x21 ./drivers/fsl_lpadc.o
 *fill*         0x0000572d        0x3 ff
 .rodata.LPADC_GetConvResult.str1.4
                0x00005730       0x21 ./drivers/fsl_lpadc.o
 *fill*         0x00005751        0x3 ff
 .rodata.LPADC_SetConvTriggerConfig.str1.4
                0x00005754       0x51 ./drivers/fsl_lpadc.o
 *fill*         0x000057a5        0x3 ff
 .rodata.LPADC_SetConvCommandConfig.str1.4
                0x000057a8       0x83 ./drivers/fsl_lpadc.o
 *fill*         0x0000582b        0x1 ff
 .rodata.LPADC_PrepareAutoCalibration.str1.4
                0x0000582c       0x69 ./drivers/fsl_lpadc.o
 *fill*         0x00005895        0x3 ff
 .rodata.RESET_SetPeripheralReset.str1.4
                0x00005898       0x1e ./drivers/fsl_reset.o
 *fill*         0x000058b6        0x2 ff
 .rodata.RESET_ClearPeripheralReset.str1.4
                0x000058b8       0x1e ./drivers/fsl_reset.o
 *fill*         0x000058d6        0x2 ff
 .rodata.SPI_SetTransferDelay.str1.4
                0x000058d8       0x3f ./drivers/fsl_spi.o
 *fill*         0x00005917        0x1 ff
 .rodata.s_spiBaseAddrs
                0x00005918       0x24 ./drivers/fsl_spi.o
 .rodata.SPI_GetInstance.str1.4
                0x0000593c       0x37 ./drivers/fsl_spi.o
 *fill*         0x00005973        0x1 ff
 .rodata.SPI_MasterInit.str1.4
                0x00005974       0x4d ./drivers/fsl_spi.o
 *fill*         0x000059c1        0x3 ff
 .rodata.SPI_MasterSetBaud.str1.4
                0x000059c4       0x51 ./drivers/fsl_spi.o
 *fill*         0x00005a15        0x3 ff
 .rodata.USART_Init.str1.4
                0x00005a18       0x4f ./drivers/fsl_usart.o
 *fill*         0x00005a67        0x1 ff
 .rodata.USART_GetDefaultConfig.str1.4
                0x00005a68       0x21 ./drivers/fsl_usart.o
 *fill*         0x00005a89        0x3 ff
 .rodata.USART_SetBaudRate.str1.4
                0x00005a8c       0x53 ./drivers/fsl_usart.o
 *fill*         0x00005adf        0x1 ff
 .rodata.USART_WriteBlocking.str1.4
                0x00005ae0       0x36 ./drivers/fsl_usart.o
 *fill*         0x00005b16        0x2 ff
 .rodata.s_UsartAdapterBase
                0x00005b18       0x20 ./component/uart/fsl_adapter_usart.o
 .rodata.HAL_UartInitCommon.str1.4
                0x00005b38       0xeb ./component/uart/fsl_adapter_usart.o
 *fill*         0x00005c23        0x1 ff
 .rodata.HAL_UartSendBlocking.str1.4
                0x00005c24       0x65 ./component/uart/fsl_adapter_usart.o
 *fill*         0x00005c89        0x3 ff
 .rodata.FLEXCOMM8_config
                0x00005c8c       0x18 ./board/peripherals.o
                0x00005c8c                FLEXCOMM8_config
 .rodata.CTIMER0_config
                0x00005ca4        0x8 ./board/peripherals.o
                0x00005ca4                CTIMER0_config
 .rodata.CTIMER0_Match_3_config
                0x00005cac        0xc ./board/peripherals.o
                0x00005cac                CTIMER0_Match_3_config
 .rodata.ADC0_config
                0x00005cb8       0x18 ./board/peripherals.o
                0x00005cb8                ADC0_config
 .rodata        0x00005cd0        0x2 ./board/pin_mux.o
 *fill*         0x00005cd2        0x2 ff
 .rodata.__num_Ciob_streams
                0x00005cd4        0x4 c:/nxp/mcuxpressoide_11.9.0_2144/ide/plugins/com.nxp.mcuxpresso.tools.win32_11.9.0.202307121226/tools/bin/../lib/gcc/arm-none-eabi/12.3.1/../../../../arm-none-eabi/lib/thumb/v8-m.main+fp/hard\libcr_nohost_nf.a(__ciob.o)
                0x00005cd4                __num_Ciob_streams
 .rodata._initio.str1.1
                0x00005cd8        0x4 c:/nxp/mcuxpressoide_11.9.0_2144/ide/plugins/com.nxp.mcuxpresso.tools.win32_11.9.0.202307121226/tools/bin/../lib/gcc/arm-none-eabi/12.3.1/../../../../arm-none-eabi/lib/thumb/v8-m.main+fp/hard\libcr_c.a(initio.o)
                0x00005cdc                        . = ALIGN (0x4)

.glue_7         0x00005cdc        0x0
 .glue_7        0x00005cdc        0x0 linker stubs

.glue_7t        0x00005cdc        0x0
 .glue_7t       0x00005cdc        0x0 linker stubs

.vfp11_veneer   0x00005cdc        0x0
 .vfp11_veneer  0x00005cdc        0x0 linker stubs

.v4_bx          0x00005cdc        0x0
 .v4_bx         0x00005cdc        0x0 linker stubs

.iplt           0x00005cdc        0x0
 .iplt          0x00005cdc        0x0 ./utilities/fsl_assert.o

.rel.dyn        0x00005cdc        0x0
 .rel.iplt      0x00005cdc        0x0 ./utilities/fsl_assert.o

.ARM.extab
 *(SORT_BY_ALIGNMENT(.ARM.extab*) SORT_BY_ALIGNMENT(.gnu.linkonce.armextab.*))

.ARM.exidx      0x00005cdc        0x0
                0x00005cdc                        __exidx_start = .
 *(SORT_BY_ALIGNMENT(.ARM.exidx*) SORT_BY_ALIGNMENT(.gnu.linkonce.armexidx.*))
                0x00005cdc                        __exidx_end = .
                0x00005cdc                        _etext = .

.m_usb_data
 *(SORT_BY_ALIGNMENT(m_usb_global))

.data_RAM2      0x04000000        0x0 load address 0x00005cdc
 FILL mask 0xff
                [!provide]                        PROVIDE (__start_data_RAM2 = .)
                [!provide]                        PROVIDE (__start_data_SRAMX = .)
 *(SORT_BY_ALIGNMENT(.ramfunc.$RAM2))
 *(SORT_BY_ALIGNMENT(.ramfunc.$SRAMX))
 *(SORT_BY_ALIGNMENT(.data.$RAM2))
 *(SORT_BY_ALIGNMENT(.data.$SRAMX))
 *(SORT_BY_ALIGNMENT(.data.$RAM2.*))
 *(SORT_BY_ALIGNMENT(.data.$SRAMX.*))
                0x04000000                        . = ALIGN (0x4)
                [!provide]                        PROVIDE (__end_data_RAM2 = .)
                [!provide]                        PROVIDE (__end_data_SRAMX = .)

.data_RAM3      0x40100000        0x0 load address 0x00005cdc
 FILL mask 0xff
                [!provide]                        PROVIDE (__start_data_RAM3 = .)
                [!provide]                        PROVIDE (__start_data_USB_RAM = .)
 *(SORT_BY_ALIGNMENT(.ramfunc.$RAM3))
 *(SORT_BY_ALIGNMENT(.ramfunc.$USB_RAM))
 *(SORT_BY_ALIGNMENT(.data.$RAM3))
 *(SORT_BY_ALIGNMENT(.data.$USB_RAM))
 *(SORT_BY_ALIGNMENT(.data.$RAM3.*))
 *(SORT_BY_ALIGNMENT(.data.$USB_RAM.*))
                0x40100000                        . = ALIGN (0x4)
                [!provide]                        PROVIDE (__end_data_RAM3 = .)
                [!provide]                        PROVIDE (__end_data_USB_RAM = .)

.data_RAM4      0x20040000        0x0 load address 0x00005cdc
 FILL mask 0xff
                [!provide]                        PROVIDE (__start_data_RAM4 = .)
                [!provide]                        PROVIDE (__start_data_SRAM4 = .)
 *(SORT_BY_ALIGNMENT(.ramfunc.$RAM4))
 *(SORT_BY_ALIGNMENT(.ramfunc.$SRAM4))
 *(SORT_BY_ALIGNMENT(.data.$RAM4))
 *(SORT_BY_ALIGNMENT(.data.$SRAM4))
 *(SORT_BY_ALIGNMENT(.data.$RAM4.*))
 *(SORT_BY_ALIGNMENT(.data.$SRAM4.*))
                0x20040000                        . = ALIGN (0x4)
                [!provide]                        PROVIDE (__end_data_RAM4 = .)
                [!provide]                        PROVIDE (__end_data_SRAM4 = .)

.uninit_RESERVED
                0x20000000        0x0
                0x20000000                        _start_uninit_RESERVED = .
 *(SORT_BY_ALIGNMENT(.bss.$RESERVED*))
                0x20000000                        . = ALIGN (0x4)
                0x20000000                        _end_uninit_RESERVED = .

.data           0x20000000       0x40 load address 0x00005cdc
 FILL mask 0xff
                0x20000000                        _data = .
                [!provide]                        PROVIDE (__start_data_RAM = .)
                [!provide]                        PROVIDE (__start_data_SRAM = .)
 *(SORT_BY_ALIGNMENT(vtable))
 *(SORT_BY_ALIGNMENT(.ramfunc*))
 *(SORT_BY_ALIGNMENT(CodeQuickAccess))
 *(SORT_BY_ALIGNMENT(DataQuickAccess))
 *(SORT_BY_ALIGNMENT(RamFunction))
 *(SORT_BY_ALIGNMENT(.data*))
 .data.wrBuff   0x20000000        0x4 ./source/mini_projekt.o
                0x20000000                wrBuff
 .data.s_Ext_Clk_Freq
                0x20000004        0x4 ./drivers/fsl_clock.o
 .data.SystemCoreClock
                0x20000008        0x4 ./device/system_LPC55S69_cm33_core0.o
                0x20000008                SystemCoreClock
 .data.ADC0_commandsConfig
                0x2000000c       0x24 ./board/peripherals.o
                0x2000000c                ADC0_commandsConfig
 .data.ADC0_triggersConfig
                0x20000030       0x10 ./board/peripherals.o
                0x20000030                ADC0_triggersConfig
                0x20000040                        . = ALIGN (0x4)
                0x20000040                        _edata = .
                [!provide]                        PROVIDE (__end_data_RAM = .)
                [!provide]                        PROVIDE (__end_data_SRAM = .)

.igot.plt       0x20000040        0x0 load address 0x00005d1c
 .igot.plt      0x20000040        0x0 ./utilities/fsl_assert.o

.bss_RAM2       0x04000000        0x0
                [!provide]                        PROVIDE (__start_bss_RAM2 = .)
                [!provide]                        PROVIDE (__start_bss_SRAMX = .)
 *(SORT_BY_ALIGNMENT(.bss.$RAM2))
 *(SORT_BY_ALIGNMENT(.bss.$SRAMX))
 *(SORT_BY_ALIGNMENT(.bss.$RAM2.*))
 *(SORT_BY_ALIGNMENT(.bss.$SRAMX.*))
                0x04000000                        . = ALIGN ((. != 0x0)?0x4:0x1)
                [!provide]                        PROVIDE (__end_bss_RAM2 = .)
                [!provide]                        PROVIDE (__end_bss_SRAMX = .)

.bss_RAM3       0x40100000        0x0
                [!provide]                        PROVIDE (__start_bss_RAM3 = .)
                [!provide]                        PROVIDE (__start_bss_USB_RAM = .)
 *(SORT_BY_ALIGNMENT(.bss.$RAM3))
 *(SORT_BY_ALIGNMENT(.bss.$USB_RAM))
 *(SORT_BY_ALIGNMENT(.bss.$RAM3.*))
 *(SORT_BY_ALIGNMENT(.bss.$USB_RAM.*))
                0x40100000                        . = ALIGN ((. != 0x0)?0x4:0x1)
                [!provide]                        PROVIDE (__end_bss_RAM3 = .)
                [!provide]                        PROVIDE (__end_bss_USB_RAM = .)

.bss_RAM4       0x20040000        0x0
                [!provide]                        PROVIDE (__start_bss_RAM4 = .)
                [!provide]                        PROVIDE (__start_bss_SRAM4 = .)
 *(SORT_BY_ALIGNMENT(.bss.$RAM4))
 *(SORT_BY_ALIGNMENT(.bss.$SRAM4))
 *(SORT_BY_ALIGNMENT(.bss.$RAM4.*))
 *(SORT_BY_ALIGNMENT(.bss.$SRAM4.*))
                0x20040000                        . = ALIGN ((. != 0x0)?0x4:0x1)
                [!provide]                        PROVIDE (__end_bss_RAM4 = .)
                [!provide]                        PROVIDE (__end_bss_SRAM4 = .)

.bss            0x20000040     0xa980
                0x20000040                        _bss = .
                [!provide]                        PROVIDE (__start_bss_RAM = .)
                [!provide]                        PROVIDE (__start_bss_SRAM = .)
 *(SORT_BY_ALIGNMENT(.bss*))
 .bss.s_debugConsoleState
                0x20000040       0x20 ./utilities/fsl_debug_console.o
 .bss.g_serialHandle
                0x20000060        0x4 ./utilities/fsl_debug_console.o
                0x20000060                g_serialHandle
 .bss.SPI_base  0x20000064        0x4 ./source/lcd.o
                0x20000064                SPI_base
 .bss.frameBuffer
                0x20000068     0xa000 ./source/lcd.o
                0x20000068                frameBuffer
 .bss.linearFrameBuffer
                0x2000a068        0x4 ./source/lcd.o
                0x2000a068                linearFrameBuffer
 .bss.win       0x2000a06c      0x400 ./source/mini_projekt.o
                0x2000a06c                win
 .bss.dataBuffer
                0x2000a46c      0x400 ./source/mini_projekt.o
                0x2000a46c                dataBuffer
 .bss.g_LpadcResultConfigStruct
                0x2000a86c       0x10 ./source/mini_projekt.o
                0x2000a86c                g_LpadcResultConfigStruct
 .bss.s_Pll0_Freq
                0x2000a87c        0x4 ./drivers/fsl_clock.o
 .bss.s_ctimerCallback
                0x2000a880       0x14 ./drivers/fsl_ctimer.o
 .bss.ctimerCallbackType
                0x2000a894        0x5 ./drivers/fsl_ctimer.o
 *fill*         0x2000a899        0x3 
 .bss.s_flexcommIrqHandler
                0x2000a89c       0x24 ./drivers/fsl_flexcomm.o
 .bss.s_flexcommHandle
                0x2000a8c0       0x24 ./drivers/fsl_flexcomm.o
 .bss.g_configs
                0x2000a8e4       0x12 ./drivers/fsl_spi.o
 *fill*         0x2000a8f6        0x2 
 .bss.s_dummyData
                0x2000a8f8        0x9 ./drivers/fsl_spi.o
                0x2000a8f8                s_dummyData
 *fill*         0x2000a901        0x3 
 .bss.errno     0x2000a904        0x4 c:/nxp/mcuxpressoide_11.9.0_2144/ide/plugins/com.nxp.mcuxpresso.tools.win32_11.9.0.202307121226/tools/bin/../lib/gcc/arm-none-eabi/12.3.1/../../../../arm-none-eabi/lib/thumb/v8-m.main+fp/hard\libcr_c.a(errno.o)
                0x2000a904                errno
 .bss.__Ciob    0x2000a908       0xb4 c:/nxp/mcuxpressoide_11.9.0_2144/ide/plugins/com.nxp.mcuxpresso.tools.win32_11.9.0.202307121226/tools/bin/../lib/gcc/arm-none-eabi/12.3.1/../../../../arm-none-eabi/lib/thumb/v8-m.main+fp/hard\libcr_nohost_nf.a(__ciob.o)
                0x2000a908                __Ciob
 .bss.s_debugConsoleReadWaitSemaphore
                0x2000a9bc        0x1 ./utilities/fsl_debug_console.o
 .bss.dataReady
                0x2000a9bd        0x1 ./source/mini_projekt.o
                0x2000a9bd                dataReady
 *(SORT_BY_ALIGNMENT(COMMON))
                0x2000a9c0                        . = ALIGN (0x4)
 *fill*         0x2000a9be        0x2 
                0x2000a9c0                        _ebss = .
                [!provide]                        PROVIDE (__end_bss_RAM = .)
                [!provide]                        PROVIDE (__end_bss_SRAM = .)
                [!provide]                        PROVIDE (end = .)

.noinit_RAM2    0x04000000        0x0
                [!provide]                        PROVIDE (__start_noinit_RAM2 = .)
                [!provide]                        PROVIDE (__start_noinit_SRAMX = .)
 *(SORT_BY_ALIGNMENT(.noinit.$RAM2))
 *(SORT_BY_ALIGNMENT(.noinit.$SRAMX))
 *(SORT_BY_ALIGNMENT(.noinit.$RAM2.*))
 *(SORT_BY_ALIGNMENT(.noinit.$SRAMX.*))
                0x04000000                        . = ALIGN (0x4)
                [!provide]                        PROVIDE (__end_noinit_RAM2 = .)
                [!provide]                        PROVIDE (__end_noinit_SRAMX = .)

.noinit_RAM3    0x40100000        0x0
                [!provide]                        PROVIDE (__start_noinit_RAM3 = .)
                [!provide]                        PROVIDE (__start_noinit_USB_RAM = .)
 *(SORT_BY_ALIGNMENT(.noinit.$RAM3))
 *(SORT_BY_ALIGNMENT(.noinit.$USB_RAM))
 *(SORT_BY_ALIGNMENT(.noinit.$RAM3.*))
 *(SORT_BY_ALIGNMENT(.noinit.$USB_RAM.*))
                0x40100000                        . = ALIGN (0x4)
                [!provide]                        PROVIDE (__end_noinit_RAM3 = .)
                [!provide]                        PROVIDE (__end_noinit_USB_RAM = .)

.noinit_RAM4    0x20040000        0x0
                [!provide]                        PROVIDE (__start_noinit_RAM4 = .)
                [!provide]                        PROVIDE (__start_noinit_SRAM4 = .)
 *(SORT_BY_ALIGNMENT(.noinit.$RAM4))
 *(SORT_BY_ALIGNMENT(.noinit.$SRAM4))
 *(SORT_BY_ALIGNMENT(.noinit.$RAM4.*))
 *(SORT_BY_ALIGNMENT(.noinit.$SRAM4.*))
                0x20040000                        . = ALIGN (0x4)
                [!provide]                        PROVIDE (__end_noinit_RAM4 = .)
                [!provide]                        PROVIDE (__end_noinit_SRAM4 = .)

.noinit         0x2000a9c0        0x0
                0x2000a9c0                        _noinit = .
                [!provide]                        PROVIDE (__start_noinit_RAM = .)
                [!provide]                        PROVIDE (__start_noinit_SRAM = .)
 *(SORT_BY_ALIGNMENT(.noinit*))
                0x2000a9c0                        . = ALIGN (0x4)
                0x2000a9c0                        _end_noinit = .
                [!provide]                        PROVIDE (__end_noinit_RAM = .)
                [!provide]                        PROVIDE (__end_noinit_SRAM = .)
                0x00001000                        _HeapSize = 0x1000

.heap           0x2000a9c0     0x1000
                0x2000a9c0                        _pvHeapStart = .
                0x2000b9c0                        . = (. + _HeapSize)
 *fill*         0x2000a9c0     0x1000 
                0x2000b9c0                        . = ALIGN (0x4)
                0x2000b9c0                        _pvHeapLimit = .
                0x00001000                        _StackSize = 0x1000

.heap2stackfill
                0x2000b9c0     0x1000
                0x2000c9c0                        . = (. + _StackSize)
 *fill*         0x2000b9c0     0x1000 

.stack          0x2003f000        0x0
                0x2003f000                        _vStackBase = .
                0x2003f000                        . = ALIGN (0x4)
                0x20040000                        _vStackTop = (. + _StackSize)
                [!provide]                        PROVIDE (__valid_user_code_checksum = (0x0 - ((((((_vStackTop + (ResetISR + 0x1)) + (NMI_Handler + 0x1)) + (HardFault_Handler + 0x1)) + (DEFINED (MemManage_Handler)?MemManage_Handler:0x0 + 0x1)) + (DEFINED (BusFault_Handler)?BusFault_Handler:0x0 + 0x1)) + (DEFINED (UsageFault_Handler)?UsageFault_Handler:0x0 + 0x1))))
                0x00000000                        _image_start = LOADADDR (.text)
                0x00005d1c                        _image_end = (LOADADDR (.data) + SIZEOF (.data))
                0x00005d1c                        _image_size = (_image_end - _image_start)
OUTPUT(lab_12_okdo.axf elf32-littlearm)
LOAD linker stubs

.debug_info     0x00000000    0x25e45
 .debug_info    0x00000000       0xcc ./utilities/fsl_assert.o
 .debug_info    0x000000cc      0xe6f ./utilities/fsl_debug_console.o
 .debug_info    0x00000f3b      0xb80 ./utilities/fsl_str.o
 .debug_info    0x00001abb      0x9c9 ./startup/startup_lpc55s69_cm33_core0.o
 .debug_info    0x00002484     0x14a1 ./source/lcd.o
 .debug_info    0x00003925     0x14db ./source/mini_projekt.o
 .debug_info    0x00004e00       0x3c ./source/semihost_hardfault.o
 .debug_info    0x00004e3c     0x341f ./drivers/fsl_clock.o
 .debug_info    0x0000825b      0x623 ./drivers/fsl_common_arm.o
 .debug_info    0x0000887e     0x22f2 ./drivers/fsl_ctimer.o
 .debug_info    0x0000ab70     0x1b47 ./drivers/fsl_flexcomm.o
 .debug_info    0x0000c6b7     0x17bf ./drivers/fsl_gpio.o
 .debug_info    0x0000de76     0x1f53 ./drivers/fsl_lpadc.o
 .debug_info    0x0000fdc9     0x2ade ./drivers/fsl_power.o
 .debug_info    0x000128a7     0x156a ./drivers/fsl_powerquad_basic.o
 .debug_info    0x00013e11     0x28fd ./drivers/fsl_powerquad_cmsis.o
 .debug_info    0x0001670e      0xf02 ./drivers/fsl_reset.o
 .debug_info    0x00017610     0x1a52 ./drivers/fsl_spi.o
 .debug_info    0x00019062     0x188c ./drivers/fsl_usart.o
 .debug_info    0x0001a8ee     0x14be ./device/system_LPC55S69_cm33_core0.o
 .debug_info    0x0001bdac      0xd50 ./component/uart/fsl_adapter_usart.o
 .debug_info    0x0001cafc      0xde3 ./component/serial_manager/fsl_component_serial_manager.o
 .debug_info    0x0001d8df      0x551 ./component/serial_manager/fsl_component_serial_port_uart.o
 .debug_info    0x0001de30      0x8d0 ./board/board.o
 .debug_info    0x0001e700     0x181d ./board/clock_config.o
 .debug_info    0x0001ff1d     0x202f ./board/peripherals.o
 .debug_info    0x00021f4c     0x1567 ./board/pin_mux.o
 .debug_info    0x000234b3       0x85 c:/nxp/mcuxpressoide_11.9.0_2144/ide/plugins/com.nxp.mcuxpresso.tools.win32_11.9.0.202307121226/tools/bin/../lib/gcc/arm-none-eabi/12.3.1/../../../../arm-none-eabi/lib/thumb/v8-m.main+fp/hard\libcr_nohost_nf.a(_cr__main.o)
 .debug_info    0x00023538      0x119 c:/nxp/mcuxpressoide_11.9.0_2144/ide/plugins/com.nxp.mcuxpresso.tools.win32_11.9.0.202307121226/tools/bin/../lib/gcc/arm-none-eabi/12.3.1/../../../../arm-none-eabi/lib/thumb/v8-m.main+fp/hard\libcr_c.a(memcpy.o)
 .debug_info    0x00023651       0xe3 c:/nxp/mcuxpressoide_11.9.0_2144/ide/plugins/com.nxp.mcuxpresso.tools.win32_11.9.0.202307121226/tools/bin/../lib/gcc/arm-none-eabi/12.3.1/../../../../arm-none-eabi/lib/thumb/v8-m.main+fp/hard\libcr_c.a(memset.o)
 .debug_info    0x00023734      0x506 c:/nxp/mcuxpressoide_11.9.0_2144/ide/plugins/com.nxp.mcuxpresso.tools.win32_11.9.0.202307121226/tools/bin/../lib/gcc/arm-none-eabi/12.3.1/../../../../arm-none-eabi/lib/thumb/v8-m.main+fp/hard\libcr_c.a(alloc.o)
 .debug_info    0x00023c3a       0x44 c:/nxp/mcuxpressoide_11.9.0_2144/ide/plugins/com.nxp.mcuxpresso.tools.win32_11.9.0.202307121226/tools/bin/../lib/gcc/arm-none-eabi/12.3.1/../../../../arm-none-eabi/lib/thumb/v8-m.main+fp/hard\libcr_c.a(errno.o)
 .debug_info    0x00023c7e      0x339 c:/nxp/mcuxpressoide_11.9.0_2144/ide/plugins/com.nxp.mcuxpresso.tools.win32_11.9.0.202307121226/tools/bin/../lib/gcc/arm-none-eabi/12.3.1/../../../../arm-none-eabi/lib/thumb/v8-m.main+fp/hard\libcr_c.a(initio.o)
 .debug_info    0x00023fb7      0x1f6 c:/nxp/mcuxpressoide_11.9.0_2144/ide/plugins/com.nxp.mcuxpresso.tools.win32_11.9.0.202307121226/tools/bin/../lib/gcc/arm-none-eabi/12.3.1/../../../../arm-none-eabi/lib/thumb/v8-m.main+fp/hard\libcr_c.a(setvbuf.o)
 .debug_info    0x000241ad       0xda c:/nxp/mcuxpressoide_11.9.0_2144/ide/plugins/com.nxp.mcuxpresso.tools.win32_11.9.0.202307121226/tools/bin/../lib/gcc/arm-none-eabi/12.3.1/../../../../arm-none-eabi/lib/thumb/v8-m.main+fp/hard\libcr_c.a(strlen.o)
 .debug_info    0x00024287      0x362 c:/nxp/mcuxpressoide_11.9.0_2144/ide/plugins/com.nxp.mcuxpresso.tools.win32_11.9.0.202307121226/tools/bin/../lib/gcc/arm-none-eabi/12.3.1/../../../../arm-none-eabi/lib/thumb/v8-m.main+fp/hard\libcr_c.a(_deferredlazyseek.o)
 .debug_info    0x000245e9      0x244 c:/nxp/mcuxpressoide_11.9.0_2144/ide/plugins/com.nxp.mcuxpresso.tools.win32_11.9.0.202307121226/tools/bin/../lib/gcc/arm-none-eabi/12.3.1/../../../../arm-none-eabi/lib/thumb/v8-m.main+fp/hard\libcr_c.a(_fdopen.o)
 .debug_info    0x0002482d      0x1e3 c:/nxp/mcuxpressoide_11.9.0_2144/ide/plugins/com.nxp.mcuxpresso.tools.win32_11.9.0.202307121226/tools/bin/../lib/gcc/arm-none-eabi/12.3.1/../../../../arm-none-eabi/lib/thumb/v8-m.main+fp/hard\libcr_c.a(_fflush.o)
 .debug_info    0x00024a10      0x282 c:/nxp/mcuxpressoide_11.9.0_2144/ide/plugins/com.nxp.mcuxpresso.tools.win32_11.9.0.202307121226/tools/bin/../lib/gcc/arm-none-eabi/12.3.1/../../../../arm-none-eabi/lib/thumb/v8-m.main+fp/hard\libcr_c.a(_writebuf.o)
 .debug_info    0x00024c92      0x318 c:/nxp/mcuxpressoide_11.9.0_2144/ide/plugins/com.nxp.mcuxpresso.tools.win32_11.9.0.202307121226/tools/bin/../lib/gcc/arm-none-eabi/12.3.1/../../../../arm-none-eabi/lib/thumb/v8-m.main+fp/hard\libcr_c.a(fclose.o)
 .debug_info    0x00024faa      0x202 c:/nxp/mcuxpressoide_11.9.0_2144/ide/plugins/com.nxp.mcuxpresso.tools.win32_11.9.0.202307121226/tools/bin/../lib/gcc/arm-none-eabi/12.3.1/../../../../arm-none-eabi/lib/thumb/v8-m.main+fp/hard\libcr_c.a(fflush.o)
 .debug_info    0x000251ac      0x276 c:/nxp/mcuxpressoide_11.9.0_2144/ide/plugins/com.nxp.mcuxpresso.tools.win32_11.9.0.202307121226/tools/bin/../lib/gcc/arm-none-eabi/12.3.1/../../../../arm-none-eabi/lib/thumb/v8-m.main+fp/hard\libcr_c.a(fseek.o)
 .debug_info    0x00025422      0x190 c:/nxp/mcuxpressoide_11.9.0_2144/ide/plugins/com.nxp.mcuxpresso.tools.win32_11.9.0.202307121226/tools/bin/../lib/gcc/arm-none-eabi/12.3.1/../../../../arm-none-eabi/lib/thumb/v8-m.main+fp/hard\libcr_c.a(ftell.o)
 .debug_info    0x000255b2      0x1ca c:/nxp/mcuxpressoide_11.9.0_2144/ide/plugins/com.nxp.mcuxpresso.tools.win32_11.9.0.202307121226/tools/bin/../lib/gcc/arm-none-eabi/12.3.1/../../../../arm-none-eabi/lib/thumb/v8-m.main+fp/hard\libcr_c.a(remove.o)
 .debug_info    0x0002577c      0x23a c:/nxp/mcuxpressoide_11.9.0_2144/ide/plugins/com.nxp.mcuxpresso.tools.win32_11.9.0.202307121226/tools/bin/../lib/gcc/arm-none-eabi/12.3.1/../../../../arm-none-eabi/lib/thumb/v8-m.main+fp/hard\libcr_c.a(_do_fflush.o)
 .debug_info    0x000259b6      0x18b c:/nxp/mcuxpressoide_11.9.0_2144/ide/plugins/com.nxp.mcuxpresso.tools.win32_11.9.0.202307121226/tools/bin/../lib/gcc/arm-none-eabi/12.3.1/../../../../arm-none-eabi/lib/thumb/v8-m.main+fp/hard\libcr_nohost_nf.a(__ciob.o)
 .debug_info    0x00025b41       0x5c c:/nxp/mcuxpressoide_11.9.0_2144/ide/plugins/com.nxp.mcuxpresso.tools.win32_11.9.0.202307121226/tools/bin/../lib/gcc/arm-none-eabi/12.3.1/../../../../arm-none-eabi/lib/thumb/v8-m.main+fp/hard\libcr_nohost_nf.a(__sys_close.o)
 .debug_info    0x00025b9d       0x5c c:/nxp/mcuxpressoide_11.9.0_2144/ide/plugins/com.nxp.mcuxpresso.tools.win32_11.9.0.202307121226/tools/bin/../lib/gcc/arm-none-eabi/12.3.1/../../../../arm-none-eabi/lib/thumb/v8-m.main+fp/hard\libcr_nohost_nf.a(__sys_flen.o)
 .debug_info    0x00025bf9       0x5c c:/nxp/mcuxpressoide_11.9.0_2144/ide/plugins/com.nxp.mcuxpresso.tools.win32_11.9.0.202307121226/tools/bin/../lib/gcc/arm-none-eabi/12.3.1/../../../../arm-none-eabi/lib/thumb/v8-m.main+fp/hard\libcr_nohost_nf.a(__sys_istty.o)
 .debug_info    0x00025c55       0x7c c:/nxp/mcuxpressoide_11.9.0_2144/ide/plugins/com.nxp.mcuxpresso.tools.win32_11.9.0.202307121226/tools/bin/../lib/gcc/arm-none-eabi/12.3.1/../../../../arm-none-eabi/lib/thumb/v8-m.main+fp/hard\libcr_nohost_nf.a(__sys_remove.o)
 .debug_info    0x00025cd1       0x6a c:/nxp/mcuxpressoide_11.9.0_2144/ide/plugins/com.nxp.mcuxpresso.tools.win32_11.9.0.202307121226/tools/bin/../lib/gcc/arm-none-eabi/12.3.1/../../../../arm-none-eabi/lib/thumb/v8-m.main+fp/hard\libcr_nohost_nf.a(__sys_seek.o)
 .debug_info    0x00025d3b       0x85 c:/nxp/mcuxpressoide_11.9.0_2144/ide/plugins/com.nxp.mcuxpresso.tools.win32_11.9.0.202307121226/tools/bin/../lib/gcc/arm-none-eabi/12.3.1/../../../../arm-none-eabi/lib/thumb/v8-m.main+fp/hard\libcr_nohost_nf.a(__sys_tmpnam.o)
 .debug_info    0x00025dc0       0x85 c:/nxp/mcuxpressoide_11.9.0_2144/ide/plugins/com.nxp.mcuxpresso.tools.win32_11.9.0.202307121226/tools/bin/../lib/gcc/arm-none-eabi/12.3.1/../../../../arm-none-eabi/lib/thumb/v8-m.main+fp/hard\libcr_nohost_nf.a(__sys_write.o)

.debug_abbrev   0x00000000     0x562a
 .debug_abbrev  0x00000000       0x90 ./utilities/fsl_assert.o
 .debug_abbrev  0x00000090      0x270 ./utilities/fsl_debug_console.o
 .debug_abbrev  0x00000300      0x270 ./utilities/fsl_str.o
 .debug_abbrev  0x00000570      0x147 ./startup/startup_lpc55s69_cm33_core0.o
 .debug_abbrev  0x000006b7      0x30f ./source/lcd.o
 .debug_abbrev  0x000009c6      0x325 ./source/mini_projekt.o
 .debug_abbrev  0x00000ceb       0x31 ./source/semihost_hardfault.o
 .debug_abbrev  0x00000d1c      0x3a8 ./drivers/fsl_clock.o
 .debug_abbrev  0x000010c4      0x17b ./drivers/fsl_common_arm.o
 .debug_abbrev  0x0000123f      0x3cd ./drivers/fsl_ctimer.o
 .debug_abbrev  0x0000160c      0x2ed ./drivers/fsl_flexcomm.o
 .debug_abbrev  0x000018f9      0x244 ./drivers/fsl_gpio.o
 .debug_abbrev  0x00001b3d      0x2db ./drivers/fsl_lpadc.o
 .debug_abbrev  0x00001e18      0x368 ./drivers/fsl_power.o
 .debug_abbrev  0x00002180      0x21e ./drivers/fsl_powerquad_basic.o
 .debug_abbrev  0x0000239e      0x357 ./drivers/fsl_powerquad_cmsis.o
 .debug_abbrev  0x000026f5      0x182 ./drivers/fsl_reset.o
 .debug_abbrev  0x00002877      0x34b ./drivers/fsl_spi.o
 .debug_abbrev  0x00002bc2      0x34f ./drivers/fsl_usart.o
 .debug_abbrev  0x00002f11      0x216 ./device/system_LPC55S69_cm33_core0.o
 .debug_abbrev  0x00003127      0x249 ./component/uart/fsl_adapter_usart.o
 .debug_abbrev  0x00003370      0x2bb ./component/serial_manager/fsl_component_serial_manager.o
 .debug_abbrev  0x0000362b      0x18c ./component/serial_manager/fsl_component_serial_port_uart.o
 .debug_abbrev  0x000037b7      0x113 ./board/board.o
 .debug_abbrev  0x000038ca      0x226 ./board/clock_config.o
 .debug_abbrev  0x00003af0      0x2a6 ./board/peripherals.o
 .debug_abbrev  0x00003d96      0x29a ./board/pin_mux.o
 .debug_abbrev  0x00004030       0x70 c:/nxp/mcuxpressoide_11.9.0_2144/ide/plugins/com.nxp.mcuxpresso.tools.win32_11.9.0.202307121226/tools/bin/../lib/gcc/arm-none-eabi/12.3.1/../../../../arm-none-eabi/lib/thumb/v8-m.main+fp/hard\libcr_nohost_nf.a(_cr__main.o)
 .debug_abbrev  0x000040a0       0xb6 c:/nxp/mcuxpressoide_11.9.0_2144/ide/plugins/com.nxp.mcuxpresso.tools.win32_11.9.0.202307121226/tools/bin/../lib/gcc/arm-none-eabi/12.3.1/../../../../arm-none-eabi/lib/thumb/v8-m.main+fp/hard\libcr_c.a(memcpy.o)
 .debug_abbrev  0x00004156       0xa8 c:/nxp/mcuxpressoide_11.9.0_2144/ide/plugins/com.nxp.mcuxpresso.tools.win32_11.9.0.202307121226/tools/bin/../lib/gcc/arm-none-eabi/12.3.1/../../../../arm-none-eabi/lib/thumb/v8-m.main+fp/hard\libcr_c.a(memset.o)
 .debug_abbrev  0x000041fe      0x284 c:/nxp/mcuxpressoide_11.9.0_2144/ide/plugins/com.nxp.mcuxpresso.tools.win32_11.9.0.202307121226/tools/bin/../lib/gcc/arm-none-eabi/12.3.1/../../../../arm-none-eabi/lib/thumb/v8-m.main+fp/hard\libcr_c.a(alloc.o)
 .debug_abbrev  0x00004482       0x44 c:/nxp/mcuxpressoide_11.9.0_2144/ide/plugins/com.nxp.mcuxpresso.tools.win32_11.9.0.202307121226/tools/bin/../lib/gcc/arm-none-eabi/12.3.1/../../../../arm-none-eabi/lib/thumb/v8-m.main+fp/hard\libcr_c.a(errno.o)
 .debug_abbrev  0x000044c6      0x169 c:/nxp/mcuxpressoide_11.9.0_2144/ide/plugins/com.nxp.mcuxpresso.tools.win32_11.9.0.202307121226/tools/bin/../lib/gcc/arm-none-eabi/12.3.1/../../../../arm-none-eabi/lib/thumb/v8-m.main+fp/hard\libcr_c.a(initio.o)
 .debug_abbrev  0x0000462f       0xe1 c:/nxp/mcuxpressoide_11.9.0_2144/ide/plugins/com.nxp.mcuxpresso.tools.win32_11.9.0.202307121226/tools/bin/../lib/gcc/arm-none-eabi/12.3.1/../../../../arm-none-eabi/lib/thumb/v8-m.main+fp/hard\libcr_c.a(setvbuf.o)
 .debug_abbrev  0x00004710       0xa7 c:/nxp/mcuxpressoide_11.9.0_2144/ide/plugins/com.nxp.mcuxpresso.tools.win32_11.9.0.202307121226/tools/bin/../lib/gcc/arm-none-eabi/12.3.1/../../../../arm-none-eabi/lib/thumb/v8-m.main+fp/hard\libcr_c.a(strlen.o)
 .debug_abbrev  0x000047b7      0x152 c:/nxp/mcuxpressoide_11.9.0_2144/ide/plugins/com.nxp.mcuxpresso.tools.win32_11.9.0.202307121226/tools/bin/../lib/gcc/arm-none-eabi/12.3.1/../../../../arm-none-eabi/lib/thumb/v8-m.main+fp/hard\libcr_c.a(_deferredlazyseek.o)
 .debug_abbrev  0x00004909      0x119 c:/nxp/mcuxpressoide_11.9.0_2144/ide/plugins/com.nxp.mcuxpresso.tools.win32_11.9.0.202307121226/tools/bin/../lib/gcc/arm-none-eabi/12.3.1/../../../../arm-none-eabi/lib/thumb/v8-m.main+fp/hard\libcr_c.a(_fdopen.o)
 .debug_abbrev  0x00004a22       0xf1 c:/nxp/mcuxpressoide_11.9.0_2144/ide/plugins/com.nxp.mcuxpresso.tools.win32_11.9.0.202307121226/tools/bin/../lib/gcc/arm-none-eabi/12.3.1/../../../../arm-none-eabi/lib/thumb/v8-m.main+fp/hard\libcr_c.a(_fflush.o)
 .debug_abbrev  0x00004b13      0x126 c:/nxp/mcuxpressoide_11.9.0_2144/ide/plugins/com.nxp.mcuxpresso.tools.win32_11.9.0.202307121226/tools/bin/../lib/gcc/arm-none-eabi/12.3.1/../../../../arm-none-eabi/lib/thumb/v8-m.main+fp/hard\libcr_c.a(_writebuf.o)
 .debug_abbrev  0x00004c39      0x155 c:/nxp/mcuxpressoide_11.9.0_2144/ide/plugins/com.nxp.mcuxpresso.tools.win32_11.9.0.202307121226/tools/bin/../lib/gcc/arm-none-eabi/12.3.1/../../../../arm-none-eabi/lib/thumb/v8-m.main+fp/hard\libcr_c.a(fclose.o)
 .debug_abbrev  0x00004d8e      0x125 c:/nxp/mcuxpressoide_11.9.0_2144/ide/plugins/com.nxp.mcuxpresso.tools.win32_11.9.0.202307121226/tools/bin/../lib/gcc/arm-none-eabi/12.3.1/../../../../arm-none-eabi/lib/thumb/v8-m.main+fp/hard\libcr_c.a(fflush.o)
 .debug_abbrev  0x00004eb3      0x11b c:/nxp/mcuxpressoide_11.9.0_2144/ide/plugins/com.nxp.mcuxpresso.tools.win32_11.9.0.202307121226/tools/bin/../lib/gcc/arm-none-eabi/12.3.1/../../../../arm-none-eabi/lib/thumb/v8-m.main+fp/hard\libcr_c.a(fseek.o)
 .debug_abbrev  0x00004fce       0xc2 c:/nxp/mcuxpressoide_11.9.0_2144/ide/plugins/com.nxp.mcuxpresso.tools.win32_11.9.0.202307121226/tools/bin/../lib/gcc/arm-none-eabi/12.3.1/../../../../arm-none-eabi/lib/thumb/v8-m.main+fp/hard\libcr_c.a(ftell.o)
 .debug_abbrev  0x00005090       0xfb c:/nxp/mcuxpressoide_11.9.0_2144/ide/plugins/com.nxp.mcuxpresso.tools.win32_11.9.0.202307121226/tools/bin/../lib/gcc/arm-none-eabi/12.3.1/../../../../arm-none-eabi/lib/thumb/v8-m.main+fp/hard\libcr_c.a(remove.o)
 .debug_abbrev  0x0000518b      0x12c c:/nxp/mcuxpressoide_11.9.0_2144/ide/plugins/com.nxp.mcuxpresso.tools.win32_11.9.0.202307121226/tools/bin/../lib/gcc/arm-none-eabi/12.3.1/../../../../arm-none-eabi/lib/thumb/v8-m.main+fp/hard\libcr_c.a(_do_fflush.o)
 .debug_abbrev  0x000052b7       0xb5 c:/nxp/mcuxpressoide_11.9.0_2144/ide/plugins/com.nxp.mcuxpresso.tools.win32_11.9.0.202307121226/tools/bin/../lib/gcc/arm-none-eabi/12.3.1/../../../../arm-none-eabi/lib/thumb/v8-m.main+fp/hard\libcr_nohost_nf.a(__ciob.o)
 .debug_abbrev  0x0000536c       0x51 c:/nxp/mcuxpressoide_11.9.0_2144/ide/plugins/com.nxp.mcuxpresso.tools.win32_11.9.0.202307121226/tools/bin/../lib/gcc/arm-none-eabi/12.3.1/../../../../arm-none-eabi/lib/thumb/v8-m.main+fp/hard\libcr_nohost_nf.a(__sys_close.o)
 .debug_abbrev  0x000053bd       0x51 c:/nxp/mcuxpressoide_11.9.0_2144/ide/plugins/com.nxp.mcuxpresso.tools.win32_11.9.0.202307121226/tools/bin/../lib/gcc/arm-none-eabi/12.3.1/../../../../arm-none-eabi/lib/thumb/v8-m.main+fp/hard\libcr_nohost_nf.a(__sys_flen.o)
 .debug_abbrev  0x0000540e       0x51 c:/nxp/mcuxpressoide_11.9.0_2144/ide/plugins/com.nxp.mcuxpresso.tools.win32_11.9.0.202307121226/tools/bin/../lib/gcc/arm-none-eabi/12.3.1/../../../../arm-none-eabi/lib/thumb/v8-m.main+fp/hard\libcr_nohost_nf.a(__sys_istty.o)
 .debug_abbrev  0x0000545f       0x7d c:/nxp/mcuxpressoide_11.9.0_2144/ide/plugins/com.nxp.mcuxpresso.tools.win32_11.9.0.202307121226/tools/bin/../lib/gcc/arm-none-eabi/12.3.1/../../../../arm-none-eabi/lib/thumb/v8-m.main+fp/hard\libcr_nohost_nf.a(__sys_remove.o)
 .debug_abbrev  0x000054dc       0x62 c:/nxp/mcuxpressoide_11.9.0_2144/ide/plugins/com.nxp.mcuxpresso.tools.win32_11.9.0.202307121226/tools/bin/../lib/gcc/arm-none-eabi/12.3.1/../../../../arm-none-eabi/lib/thumb/v8-m.main+fp/hard\libcr_nohost_nf.a(__sys_seek.o)
 .debug_abbrev  0x0000553e       0x76 c:/nxp/mcuxpressoide_11.9.0_2144/ide/plugins/com.nxp.mcuxpresso.tools.win32_11.9.0.202307121226/tools/bin/../lib/gcc/arm-none-eabi/12.3.1/../../../../arm-none-eabi/lib/thumb/v8-m.main+fp/hard\libcr_nohost_nf.a(__sys_tmpnam.o)
 .debug_abbrev  0x000055b4       0x76 c:/nxp/mcuxpressoide_11.9.0_2144/ide/plugins/com.nxp.mcuxpresso.tools.win32_11.9.0.202307121226/tools/bin/../lib/gcc/arm-none-eabi/12.3.1/../../../../arm-none-eabi/lib/thumb/v8-m.main+fp/hard\libcr_nohost_nf.a(__sys_write.o)

.debug_aranges  0x00000000     0x15c8
 .debug_aranges
                0x00000000       0x20 ./utilities/fsl_assert.o
 .debug_aranges
                0x00000020       0xa8 ./utilities/fsl_debug_console.o
 .debug_aranges
                0x000000c8       0xb8 ./utilities/fsl_str.o
 .debug_aranges
                0x00000180      0x268 ./startup/startup_lpc55s69_cm33_core0.o
 .debug_aranges
                0x000003e8       0xd8 ./source/lcd.o
 .debug_aranges
                0x000004c0       0x60 ./source/mini_projekt.o
 .debug_aranges
                0x00000520       0x20 ./source/semihost_hardfault.o
 .debug_aranges
                0x00000540      0x228 ./drivers/fsl_clock.o
 .debug_aranges
                0x00000768       0x38 ./drivers/fsl_common_arm.o
 .debug_aranges
                0x000007a0       0xe0 ./drivers/fsl_ctimer.o
 .debug_aranges
                0x00000880       0x90 ./drivers/fsl_flexcomm.o
 .debug_aranges
                0x00000910       0x38 ./drivers/fsl_gpio.o
 .debug_aranges
                0x00000948       0xd0 ./drivers/fsl_lpadc.o
 .debug_aranges
                0x00000a18       0xc8 ./drivers/fsl_power.o
 .debug_aranges
                0x00000ae0       0x50 ./drivers/fsl_powerquad_basic.o
 .debug_aranges
                0x00000b30      0x1e8 ./drivers/fsl_powerquad_cmsis.o
 .debug_aranges
                0x00000d18       0x30 ./drivers/fsl_reset.o
 .debug_aranges
                0x00000d48       0xe8 ./drivers/fsl_spi.o
 .debug_aranges
                0x00000e30       0xf8 ./drivers/fsl_usart.o
 .debug_aranges
                0x00000f28       0x88 ./device/system_LPC55S69_cm33_core0.o
 .debug_aranges
                0x00000fb0       0x58 ./component/uart/fsl_adapter_usart.o
 .debug_aranges
                0x00001008       0xa0 ./component/serial_manager/fsl_component_serial_manager.o
 .debug_aranges
                0x000010a8       0x48 ./component/serial_manager/fsl_component_serial_port_uart.o
 .debug_aranges
                0x000010f0       0x28 ./board/board.o
 .debug_aranges
                0x00001118       0x50 ./board/clock_config.o
 .debug_aranges
                0x00001168       0x78 ./board/peripherals.o
 .debug_aranges
                0x000011e0       0x80 ./board/pin_mux.o
 .debug_aranges
                0x00001260       0x20 c:/nxp/mcuxpressoide_11.9.0_2144/ide/plugins/com.nxp.mcuxpresso.tools.win32_11.9.0.202307121226/tools/bin/../lib/gcc/arm-none-eabi/12.3.1/../../../../arm-none-eabi/lib/thumb/v8-m.main+fp/hard\libcr_nohost_nf.a(_cr__main.o)
 .debug_aranges
                0x00001280       0x20 c:/nxp/mcuxpressoide_11.9.0_2144/ide/plugins/com.nxp.mcuxpresso.tools.win32_11.9.0.202307121226/tools/bin/../lib/gcc/arm-none-eabi/12.3.1/../../../../arm-none-eabi/lib/thumb/v8-m.main+fp/hard\libcr_c.a(memcpy.o)
 .debug_aranges
                0x000012a0       0x20 c:/nxp/mcuxpressoide_11.9.0_2144/ide/plugins/com.nxp.mcuxpresso.tools.win32_11.9.0.202307121226/tools/bin/../lib/gcc/arm-none-eabi/12.3.1/../../../../arm-none-eabi/lib/thumb/v8-m.main+fp/hard\libcr_c.a(memset.o)
 .debug_aranges
                0x000012c0       0x40 c:/nxp/mcuxpressoide_11.9.0_2144/ide/plugins/com.nxp.mcuxpresso.tools.win32_11.9.0.202307121226/tools/bin/../lib/gcc/arm-none-eabi/12.3.1/../../../../arm-none-eabi/lib/thumb/v8-m.main+fp/hard\libcr_c.a(alloc.o)
 .debug_aranges
                0x00001300       0x18 c:/nxp/mcuxpressoide_11.9.0_2144/ide/plugins/com.nxp.mcuxpresso.tools.win32_11.9.0.202307121226/tools/bin/../lib/gcc/arm-none-eabi/12.3.1/../../../../arm-none-eabi/lib/thumb/v8-m.main+fp/hard\libcr_c.a(errno.o)
 .debug_aranges
                0x00001318       0x28 c:/nxp/mcuxpressoide_11.9.0_2144/ide/plugins/com.nxp.mcuxpresso.tools.win32_11.9.0.202307121226/tools/bin/../lib/gcc/arm-none-eabi/12.3.1/../../../../arm-none-eabi/lib/thumb/v8-m.main+fp/hard\libcr_c.a(initio.o)
 .debug_aranges
                0x00001340       0x20 c:/nxp/mcuxpressoide_11.9.0_2144/ide/plugins/com.nxp.mcuxpresso.tools.win32_11.9.0.202307121226/tools/bin/../lib/gcc/arm-none-eabi/12.3.1/../../../../arm-none-eabi/lib/thumb/v8-m.main+fp/hard\libcr_c.a(setvbuf.o)
 .debug_aranges
                0x00001360       0x20 c:/nxp/mcuxpressoide_11.9.0_2144/ide/plugins/com.nxp.mcuxpresso.tools.win32_11.9.0.202307121226/tools/bin/../lib/gcc/arm-none-eabi/12.3.1/../../../../arm-none-eabi/lib/thumb/v8-m.main+fp/hard\libcr_c.a(strlen.o)
 .debug_aranges
                0x00001380       0x28 c:/nxp/mcuxpressoide_11.9.0_2144/ide/plugins/com.nxp.mcuxpresso.tools.win32_11.9.0.202307121226/tools/bin/../lib/gcc/arm-none-eabi/12.3.1/../../../../arm-none-eabi/lib/thumb/v8-m.main+fp/hard\libcr_c.a(_deferredlazyseek.o)
 .debug_aranges
                0x000013a8       0x20 c:/nxp/mcuxpressoide_11.9.0_2144/ide/plugins/com.nxp.mcuxpresso.tools.win32_11.9.0.202307121226/tools/bin/../lib/gcc/arm-none-eabi/12.3.1/../../../../arm-none-eabi/lib/thumb/v8-m.main+fp/hard\libcr_c.a(_fdopen.o)
 .debug_aranges
                0x000013c8       0x20 c:/nxp/mcuxpressoide_11.9.0_2144/ide/plugins/com.nxp.mcuxpresso.tools.win32_11.9.0.202307121226/tools/bin/../lib/gcc/arm-none-eabi/12.3.1/../../../../arm-none-eabi/lib/thumb/v8-m.main+fp/hard\libcr_c.a(_fflush.o)
 .debug_aranges
                0x000013e8       0x20 c:/nxp/mcuxpressoide_11.9.0_2144/ide/plugins/com.nxp.mcuxpresso.tools.win32_11.9.0.202307121226/tools/bin/../lib/gcc/arm-none-eabi/12.3.1/../../../../arm-none-eabi/lib/thumb/v8-m.main+fp/hard\libcr_c.a(_writebuf.o)
 .debug_aranges
                0x00001408       0x20 c:/nxp/mcuxpressoide_11.9.0_2144/ide/plugins/com.nxp.mcuxpresso.tools.win32_11.9.0.202307121226/tools/bin/../lib/gcc/arm-none-eabi/12.3.1/../../../../arm-none-eabi/lib/thumb/v8-m.main+fp/hard\libcr_c.a(fclose.o)
 .debug_aranges
                0x00001428       0x20 c:/nxp/mcuxpressoide_11.9.0_2144/ide/plugins/com.nxp.mcuxpresso.tools.win32_11.9.0.202307121226/tools/bin/../lib/gcc/arm-none-eabi/12.3.1/../../../../arm-none-eabi/lib/thumb/v8-m.main+fp/hard\libcr_c.a(fflush.o)
 .debug_aranges
                0x00001448       0x20 c:/nxp/mcuxpressoide_11.9.0_2144/ide/plugins/com.nxp.mcuxpresso.tools.win32_11.9.0.202307121226/tools/bin/../lib/gcc/arm-none-eabi/12.3.1/../../../../arm-none-eabi/lib/thumb/v8-m.main+fp/hard\libcr_c.a(fseek.o)
 .debug_aranges
                0x00001468       0x20 c:/nxp/mcuxpressoide_11.9.0_2144/ide/plugins/com.nxp.mcuxpresso.tools.win32_11.9.0.202307121226/tools/bin/../lib/gcc/arm-none-eabi/12.3.1/../../../../arm-none-eabi/lib/thumb/v8-m.main+fp/hard\libcr_c.a(ftell.o)
 .debug_aranges
                0x00001488       0x28 c:/nxp/mcuxpressoide_11.9.0_2144/ide/plugins/com.nxp.mcuxpresso.tools.win32_11.9.0.202307121226/tools/bin/../lib/gcc/arm-none-eabi/12.3.1/../../../../arm-none-eabi/lib/thumb/v8-m.main+fp/hard\libcr_c.a(remove.o)
 .debug_aranges
                0x000014b0       0x20 c:/nxp/mcuxpressoide_11.9.0_2144/ide/plugins/com.nxp.mcuxpresso.tools.win32_11.9.0.202307121226/tools/bin/../lib/gcc/arm-none-eabi/12.3.1/../../../../arm-none-eabi/lib/thumb/v8-m.main+fp/hard\libcr_c.a(_do_fflush.o)
 .debug_aranges
                0x000014d0       0x18 c:/nxp/mcuxpressoide_11.9.0_2144/ide/plugins/com.nxp.mcuxpresso.tools.win32_11.9.0.202307121226/tools/bin/../lib/gcc/arm-none-eabi/12.3.1/../../../../arm-none-eabi/lib/thumb/v8-m.main+fp/hard\libcr_nohost_nf.a(__ciob.o)
 .debug_aranges
                0x000014e8       0x20 c:/nxp/mcuxpressoide_11.9.0_2144/ide/plugins/com.nxp.mcuxpresso.tools.win32_11.9.0.202307121226/tools/bin/../lib/gcc/arm-none-eabi/12.3.1/../../../../arm-none-eabi/lib/thumb/v8-m.main+fp/hard\libcr_nohost_nf.a(__sys_close.o)
 .debug_aranges
                0x00001508       0x20 c:/nxp/mcuxpressoide_11.9.0_2144/ide/plugins/com.nxp.mcuxpresso.tools.win32_11.9.0.202307121226/tools/bin/../lib/gcc/arm-none-eabi/12.3.1/../../../../arm-none-eabi/lib/thumb/v8-m.main+fp/hard\libcr_nohost_nf.a(__sys_flen.o)
 .debug_aranges