../source/lcd.c:146:13:SPI_Write_Byte	16	static
../source/lcd.c:205:13:LCD_WriteData_8Bit	16	static
../source/lcd.c:197:13:LCD_WriteReg	16	static
../source/lcd.c:140:6:Driver_Delay_ms	8	static
../source/lcd.c:327:6:LCD_GramRefresh	16	static
../source/lcd.c:358:6:LCD_Clear	0	static
../source/lcd.c:334:6:LCD_Init	16	static
../source/lcd.c:365:6:LCD_Set_Bitmap	0	static
../source/lcd.c:371:6:LCD_Set_Icon	24	static
../source/lcd.c:381:6:LCD_Draw_Point	0	static
../source/lcd.c:393:10:LCD_Get_Point	0	static
../source/lcd.c:405:6:LCD_Draw_Line	48	static
../source/lcd.c:451:6:LCD_Draw_DotLine	48	static
../source/lcd.c:497:6:LCD_Draw_Rect	32	static
../source/lcd.c:505:6:LCD_Draw_FillRect	24	static
../source/lcd.c:515:6:LCD_Draw_Circle	72	static
../source/lcd.c:549:6:LCD_Draw_Arc	56	static
../source/lcd.c:559:6:LCD_Puts	40	static
../source/lcd.c:591:6:LCD_7seg	64	static
../source/lcd.c:618:6:LCD_7dot	40	static
