C:\Users\Gabriel\MCUXpressoIDE\workspace\lab_12_okdo\drivers/fsl_gpio.h:153:20:GPIO_PinWrite	24	static
../source/lcd.c:140:6:Driver_Delay_ms	24	static
../source/lcd.c:146:13:SPI_Write_Byte	32	static
../source/lcd.c:167:13:SPI_Write_Words	40	static
../source/lcd.c:197:13:LCD_WriteReg	24	static
../source/lcd.c:205:13:LCD_WriteData_8Bit	24	static
../source/lcd.c:213:13:LCD_InitReg	8	static
../source/lcd.c:309:13:LCD_SetHome	8	static
../source/lcd.c:327:6:LCD_GramRefresh	8	static
../source/lcd.c:334:6:LCD_Init	16	static
../source/lcd.c:358:6:LCD_Clear	24	static
../source/lcd.c:365:6:LCD_Set_Bitmap	24	static
../source/lcd.c:371:6:LCD_Set_Icon	24	static
../source/lcd.c:381:6:LCD_Draw_Point	16	static
../source/lcd.c:393:10:LCD_Get_Point	16	static
../source/lcd.c:405:6:LCD_Draw_Line	40	static
../source/lcd.c:451:6:LCD_Draw_DotLine	40	static
../source/lcd.c:497:6:LCD_Draw_Rect	32	static
../source/lcd.c:505:6:LCD_Draw_FillRect	32	static
../source/lcd.c:515:6:LCD_Draw_Circle	40	static
../source/lcd.c:549:6:LCD_Draw_Arc	40	static
../source/lcd.c:559:6:LCD_Puts	48	static
../source/lcd.c:591:6:LCD_7seg	48	static
../source/lcd.c:618:6:LCD_7dot	32	static
