Archive member included to satisfy reference by file (symbol)

c:/nxp/mcuxpressoide_11.9.0_2144/ide/plugins/com.nxp.mcuxpresso.tools.win32_11.9.0.202307121226/tools/bin/../lib/gcc/arm-none-eabi/12.3.1/../../../../arm-none-eabi/lib/thumb/v8-m.main+fp/hard\libcr_nohost_nf.a(_cr__main.o)
                              ./startup/startup_lpc55s69_cm33_core0.o (__main)
c:/nxp/mcuxpressoide_11.9.0_2144/ide/plugins/com.nxp.mcuxpresso.tools.win32_11.9.0.202307121226/tools/bin/../lib/gcc/arm-none-eabi/12.3.1/../../../../arm-none-eabi/lib/thumb/v8-m.main+fp/hard\libcr_c.a(cosf.o)
                              ./source/lcd.o (cosf)
c:/nxp/mcuxpressoide_11.9.0_2144/ide/plugins/com.nxp.mcuxpresso.tools.win32_11.9.0.202307121226/tools/bin/../lib/gcc/arm-none-eabi/12.3.1/../../../../arm-none-eabi/lib/thumb/v8-m.main+fp/hard\libcr_c.a(sinf.o)
                              ./source/lcd.o (sinf)
c:/nxp/mcuxpressoide_11.9.0_2144/ide/plugins/com.nxp.mcuxpresso.tools.win32_11.9.0.202307121226/tools/bin/../lib/gcc/arm-none-eabi/12.3.1/../../../../arm-none-eabi/lib/thumb/v8-m.main+fp/hard\libcr_c.a(memcpy.o)
                              ./utilities/fsl_str.o (memcpy)
c:/nxp/mcuxpressoide_11.9.0_2144/ide/plugins/com.nxp.mcuxpresso.tools.win32_11.9.0.202307121226/tools/bin/../lib/gcc/arm-none-eabi/12.3.1/../../../../arm-none-eabi/lib/thumb/v8-m.main+fp/hard\libcr_c.a(memset.o)
                              ./utilities/fsl_debug_console.o (memset)
c:/nxp/mcuxpressoide_11.9.0_2144/ide/plugins/com.nxp.mcuxpresso.tools.win32_11.9.0.202307121226/tools/bin/../lib/gcc/arm-none-eabi/12.3.1/../../../../arm-none-eabi/lib/thumb/v8-m.main+fp/hard\libcr_c.a(alloc.o)
                              ./drivers/fsl_common.o (malloc)
c:/nxp/mcuxpressoide_11.9.0_2144/ide/plugins/com.nxp.mcuxpresso.tools.win32_11.9.0.202307121226/tools/bin/../lib/gcc/arm-none-eabi/12.3.1/../../../../arm-none-eabi/lib/thumb/v8-m.main+fp/hard\libcr_c.a(errno.o)
                              ./utilities/fsl_str.o (errno)
c:/nxp/mcuxpressoide_11.9.0_2144/ide/plugins/com.nxp.mcuxpresso.tools.win32_11.9.0.202307121226/tools/bin/../lib/gcc/arm-none-eabi/12.3.1/../../../../arm-none-eabi/lib/thumb/v8-m.main+fp/hard\libcr_c.a(initio.o)
                              c:/nxp/mcuxpressoide_11.9.0_2144/ide/plugins/com.nxp.mcuxpresso.tools.win32_11.9.0.202307121226/tools/bin/../lib/gcc/arm-none-eabi/12.3.1/../../../../arm-none-eabi/lib/thumb/v8-m.main+fp/hard\libcr_nohost_nf.a(_cr__main.o) (_initio)
c:/nxp/mcuxpressoide_11.9.0_2144/ide/plugins/com.nxp.mcuxpresso.tools.win32_11.9.0.202307121226/tools/bin/../lib/gcc/arm-none-eabi/12.3.1/../../../../arm-none-eabi/lib/thumb/v8-m.main+fp/hard\libcr_c.a(scanf.o)
                              ./utilities/fsl_str.o (strtoul)
c:/nxp/mcuxpressoide_11.9.0_2144/ide/plugins/com.nxp.mcuxpresso.tools.win32_11.9.0.202307121226/tools/bin/../lib/gcc/arm-none-eabi/12.3.1/../../../../arm-none-eabi/lib/thumb/v8-m.main+fp/hard\libcr_c.a(setvbuf.o)
                              c:/nxp/mcuxpressoide_11.9.0_2144/ide/plugins/com.nxp.mcuxpresso.tools.win32_11.9.0.202307121226/tools/bin/../lib/gcc/arm-none-eabi/12.3.1/../../../../arm-none-eabi/lib/thumb/v8-m.main+fp/hard\libcr_c.a(initio.o) (setvbuf)
c:/nxp/mcuxpressoide_11.9.0_2144/ide/plugins/com.nxp.mcuxpresso.tools.win32_11.9.0.202307121226/tools/bin/../lib/gcc/arm-none-eabi/12.3.1/../../../../arm-none-eabi/lib/thumb/v8-m.main+fp/hard\libcr_c.a(stdlib.o)
                              ./source/lcd.o (abs)
c:/nxp/mcuxpressoide_11.9.0_2144/ide/plugins/com.nxp.mcuxpresso.tools.win32_11.9.0.202307121226/tools/bin/../lib/gcc/arm-none-eabi/12.3.1/../../../../arm-none-eabi/lib/thumb/v8-m.main+fp/hard\libcr_c.a(strlen.o)
                              ./utilities/fsl_str.o (strlen)
c:/nxp/mcuxpressoide_11.9.0_2144/ide/plugins/com.nxp.mcuxpresso.tools.win32_11.9.0.202307121226/tools/bin/../lib/gcc/arm-none-eabi/12.3.1/../../../../arm-none-eabi/lib/thumb/v8-m.main+fp/hard\libcr_c.a(ungetc.o)
                              c:/nxp/mcuxpressoide_11.9.0_2144/ide/plugins/com.nxp.mcuxpresso.tools.win32_11.9.0.202307121226/tools/bin/../lib/gcc/arm-none-eabi/12.3.1/../../../../arm-none-eabi/lib/thumb/v8-m.main+fp/hard\libcr_c.a(scanf.o) (ungetc)
c:/nxp/mcuxpressoide_11.9.0_2144/ide/plugins/com.nxp.mcuxpresso.tools.win32_11.9.0.202307121226/tools/bin/../lib/gcc/arm-none-eabi/12.3.1/../../../../arm-none-eabi/lib/thumb/v8-m.main+fp/hard\libcr_c.a(_sincosf.o)
                              c:/nxp/mcuxpressoide_11.9.0_2144/ide/plugins/com.nxp.mcuxpresso.tools.win32_11.9.0.202307121226/tools/bin/../lib/gcc/arm-none-eabi/12.3.1/../../../../arm-none-eabi/lib/thumb/v8-m.main+fp/hard\libcr_c.a(cosf.o) (_sincosf)
c:/nxp/mcuxpressoide_11.9.0_2144/ide/plugins/com.nxp.mcuxpresso.tools.win32_11.9.0.202307121226/tools/bin/../lib/gcc/arm-none-eabi/12.3.1/../../../../arm-none-eabi/lib/thumb/v8-m.main+fp/hard\libcr_c.a(fabsf.o)
[...]
Memory Configuration

Name             Origin             Length             Attributes
PROGRAM_FLASH    0x00000000         0x0009d800         xr
SRAM             0x20000000         0x00040000         xrw
SRAMX            0x04000000         0x00008000         xrw
USB_RAM          0x40100000         0x00004000         xrw
SRAM4            0x20040000         0x00004000         xrw
*default*        0x00000000         0xffffffff

Linker script and memory map

LOAD ./utilities/fsl_assert.o
LOAD ./utilities/fsl_debug_console.o
LOAD ./utilities/fsl_str.o
LOAD ./startup/boot_multicore_slave.o
LOAD ./startup/startup_lpc55s69_cm33_core0.o
LOAD ./source/lcd.o
LOAD ./source/mini_projekt.o
LOAD ./source/semihost_hardfault.o
LOAD ./drivers/fsl_clock.o
LOAD ./drivers/fsl_common.o
LOAD ./drivers/fsl_common_arm.o
LOAD ./drivers/fsl_ctimer.o
LOAD ./drivers/fsl_flexcomm.o
LOAD ./drivers/fsl_gpio.o
LOAD ./drivers/fsl_i2c.o
LOAD ./drivers/fsl_lpadc.o
LOAD ./drivers/fsl_power.o
LOAD ./drivers/fsl_powerquad_basic.o
LOAD ./drivers/fsl_powerquad_cmsis.o
LOAD ./drivers/fsl_powerquad_data.o
LOAD ./drivers/fsl_powerquad_filter.o
LOAD ./drivers/fsl_powerquad_math.o
LOAD ./drivers/fsl_powerquad_matrix.o
LOAD ./drivers/fsl_powerquad_transform.o
LOAD ./drivers/fsl_reset.o
LOAD ./drivers/fsl_spi.o
LOAD ./drivers/fsl_usart.o
LOAD ./device/system_LPC55S69_cm33_core0.o
LOAD ./component/uart/fsl_adapter_usart.o
LOAD ./component/serial_manager/fsl_component_serial_manager.o
LOAD ./component/serial_manager/fsl_component_serial_port_uart.o
LOAD ./component/lists/fsl_component_generic_list.o
LOAD ./board/board.o
LOAD ./board/clock_config.o
LOAD ./board/peripherals.o
LOAD ./board/pin_mux.o
START GROUP
LOAD c:/nxp/mcuxpressoide_11.9.0_2144/ide/plugins/com.nxp.mcuxpresso.tools.win32_11.9.0.202307121226/tools/bin/../lib/gcc/arm-none-eabi/12.3.1/../../../../arm-none-eabi/lib/thumb/v8-m.main+fp/hard\libcr_nohost_nf.a
LOAD c:/nxp/mcuxpressoide_11.9.0_2144/ide/plugins/com.nxp.mcuxpresso.tools.win32_11.9.0.202307121226/tools/bin/../lib/gcc/arm-none-eabi/12.3.1/../../../../arm-none-eabi/lib/thumb/v8-m.main+fp/hard\libcr_c.a
LOAD c:/nxp/mcuxpressoide_11.9.0_2144/ide/plugins/com.nxp.mcuxpresso.tools.win32_11.9.0.202307121226/tools/bin/../lib/gcc/arm-none-eabi/12.3.1/thumb/v8-m.main+fp/hard\libcr_eabihelpers.a
LOAD c:/nxp/mcuxpressoide_11.9.0_2144/ide/plugins/com.nxp.mcuxpresso.tools.win32_11.9.0.202307121226/tools/bin/../lib/gcc/arm-none-eabi/12.3.1/thumb/v8-m.main+fp/hard\libgcc.a
END GROUP
                0x00000000                        __base_PROGRAM_FLASH = 0x0
                0x00000000                        __base_Flash = 0x0
                0x0009d800                        __top_PROGRAM_FLASH = 0x9d800
                0x0009d800                        __top_Flash = 0x9d800
                0x20000000                        __base_SRAM = 0x20000000
                0x20000000                        __base_RAM = 0x20000000
                0x20040000                        __top_SRAM = 0x20040000
                0x20040000                        __top_RAM = 0x20040000
                0x04000000                        __base_SRAMX = 0x4000000
                0x04000000                        __base_RAM2 = 0x4000000
                0x04008000                        __top_SRAMX = 0x4008000
                0x04008000                        __top_RAM2 = 0x4008000
                0x40100000                        __base_USB_RAM = 0x40100000
                0x40100000                        __base_RAM3 = 0x40100000
                0x40104000                        __top_USB_RAM = 0x40104000
                0x40104000                        __top_RAM3 = 0x40104000
                0x20040000                        __base_SRAM4 = 0x20040000
                0x20040000                        __base_RAM4 = 0x20040000
                0x20044000                        __top_SRAM4 = 0x20044000
                0x20044000                        __top_RAM4 = 0x20044000

.text           0x00000000     0x2944
 FILL mask 0xff
                0x00000000                        __vectors_start__ = ABSOLUTE (.)
 *(SORT_BY_ALIGNMENT(.isr_vector))
 .isr_vector    0x00000000      0x130 ./startup/startup_lpc55s69_cm33_core0.o
                0x00000000                g_pfnVectors
                0x00000000                __Vectors
                0x00000130                        . = ALIGN (0x4)
                0x00000130                        __section_table_start = .
                0x00000130                        __data_section_table = .
                0x00000130        0x4 LONG 0x2944 LOADADDR (.data)
                0x00000134        0x4 LONG 0x20000000 ADDR (.data)
                0x00000138        0x4 LONG 0x44 SIZEOF (.data)
                0x0000013c        0x4 LONG 0x2944 LOADADDR (.data_RAM2)
                0x00000140        0x4 LONG 0x4000000 ADDR (.data_RAM2)
                0x00000144        0x4 LONG 0x0 SIZEOF (.data_RAM2)
                0x00000148        0x4 LONG 0x2944 LOADADDR (.data_RAM3)
                0x0000014c        0x4 LONG 0x40100000 ADDR (.data_RAM3)
                0x00000150        0x4 LONG 0x0 SIZEOF (.data_RAM3)
                0x00000154        0x4 LONG 0x2944 LOADADDR (.data_RAM4)
                0x00000158        0x4 LONG 0x20040000 ADDR (.data_RAM4)
                0x0000015c        0x4 LONG 0x0 SIZEOF (.data_RAM4)
                0x00000160                        __data_section_table_end = .
                0x00000160                        __bss_section_table = .
                0x00000160        0x4 LONG 0x20000044 ADDR (.bss)
                0x00000164        0x4 LONG 0xb180 SIZEOF (.bss)
                0x00000168        0x4 LONG 0x4000000 ADDR (.bss_RAM2)
                0x0000016c        0x4 LONG 0x0 SIZEOF (.bss_RAM2)
                0x00000170        0x4 LONG 0x40100000 ADDR (.bss_RAM3)
                0x00000174        0x4 LONG 0x0 SIZEOF (.bss_RAM3)
                0x00000178        0x4 LONG 0x20040000 ADDR (.bss_RAM4)
                0x0000017c        0x4 LONG 0x0 SIZEOF (.bss_RAM4)
                0x00000180                        __bss_section_table_end = .
                0x00000180                        __section_table_end = .
 *(SORT_BY_ALIGNMENT(.after_vectors*))
 .after_vectors.reset
                0x00000180       0x64 ./startup/startup_lpc55s69_cm33_core0.o
                0x00000180                ResetISR
 .after_vectors
                0x000001e4       0x16 ./startup/startup_lpc55s69_cm33_core0.o
                0x000001e4                NMI_Handler
                0x000001e8                MemManage_Handler
                0x000001ea                BusFault_Handler
                0x000001ec                UsageFault_Handler
                0x000001ee                SecureFault_Handler
                0x000001f0                SVC_Handler
                0x000001f2                DebugMon_Handler
                0x000001f4                PendSV_Handler
                0x000001f6                SysTick_Handler
                0x000001f8                Reserved56_DriverIRQHandler
                0x000001f8                PIN_INT0_DriverIRQHandler
                0x000001f8                PIN_INT2_DriverIRQHandler
                0x000001f8                PIN_INT3_DriverIRQHandler
                0x000001f8                IntDefaultHandler
                0x000001f8                USB0_DriverIRQHandler
                0x000001f8                CASER_DriverIRQHandler
                0x000001f8                MRT0_DriverIRQHandler
                0x000001f8                UTICK0_DriverIRQHandler
                0x000001f8                Reserved41_DriverIRQHandler
                0x000001f8                PIN_INT4_DriverIRQHandler
                0x000001f8                PIN_INT5_DriverIRQHandler
                0x000001f8                SEC_GPIO_INT0_IRQ0_DriverIRQHandler
                0x000001f8                GINT1_DriverIRQHandler
                0x000001f8                PIN_INT7_DriverIRQHandler
                0x000001f8                Reserved55_DriverIRQHandler
                0x000001f8                SEC_VIO_DriverIRQHandler
                0x000001f8                USB0_NEEDCLK_DriverIRQHandler
                0x000001f8                Reserved42_DriverIRQHandler
                0x000001f8                PIN_INT6_DriverIRQHandler
                0x000001f8                PQ_DriverIRQHandler
                0x000001f8                MAILBOX_DriverIRQHandler
                0x000001f8                PIN_INT1_DriverIRQHandler
                0x000001f8                Reserved61_DriverIRQHandler
                0x000001f8                SEC_GPIO_INT0_IRQ1_DriverIRQHandler
                0x000001f8                PUF_DriverIRQHandler
                0x000001f8                RTC_DriverIRQHandler
                0x000001f8                DMA0_DriverIRQHandler
                0x000001f8                Reserved39_DriverIRQHandler
                0x000001f8                USB1_DriverIRQHandler
                0x000001f8                Reserved60_DriverIRQHandler
                0x000001f8                DMA1_DriverIRQHandler
                0x000001f8                ADC0_DriverIRQHandler
                0x000001f8                USB1_NEEDCLK_DriverIRQHandler
                0x000001f8                Reserved59_DriverIRQHandler
                0x000001f8                SDIO_DriverIRQHandler
                0x000001f8                GINT0_DriverIRQHandler
                0x000001f8                USB1_PHY_DriverIRQHandler
                0x000001f8                ACMP_DriverIRQHandler
                0x000001f8                Reserved57_DriverIRQHandler
                0x000001f8                HASHCRYPT_DriverIRQHandler
                0x000001f8                Reserved46_DriverIRQHandler
                0x000001f8                WDT_BOD_DriverIRQHandler
                0x000001f8                SCT0_DriverIRQHandler
                0x000001f8                PLU_DriverIRQHandler
                0x000001f8                OS_EVENT_DriverIRQHandler
                0x000001f8                SEC_HYPERVISOR_CALL_DriverIRQHandler
 .after_vectors.init_data
                0x000001fa       0x12 ./startup/startup_lpc55s69_cm33_core0.o
                0x000001fa                data_init
 .after_vectors.init_bss
                0x0000020c       0x10 ./startup/startup_lpc55s69_cm33_core0.o
                0x0000020c                bss_init
 *(SORT_BY_ALIGNMENT(.text*))
 .text.DbgConsole_Init
                0x0000021c       0x90 ./utilities/fsl_debug_console.o
                0x0000021c                DbgConsole_Init
 .text.LCD_WriteData_8Bit
                0x000002ac       0x34 ./source/lcd.o
 .text.LCD_WriteReg
                0x000002e0       0x30 ./source/lcd.o
 .text.LCD_GramRefresh
                0x00000310       0xb0 ./source/lcd.o
                0x00000310                LCD_GramRefresh
 .text.LCD_Clear
                0x000003c0       0x1c ./source/lcd.o
                0x000003c0                LCD_Clear
 .text.LCD_Init
                0x000003dc      0x230 ./source/lcd.o
                0x000003dc                LCD_Init
 .text.LCD_Draw_Point
                0x0000060c       0x1c ./source/lcd.o
                0x0000060c                LCD_Draw_Point
 .text.ADC0_IRQHandler
                0x00000628       0x4c ./source/mini_projekt.o
                0x00000628                ADC0_IRQHandler
 .text.startup.main
                0x00000674      0x140 ./source/mini_projekt.o
                0x00000674                main
 .text.CLOCK_AttachClk
                0x000007b4       0x74 ./drivers/fsl_clock.o
                0x000007b4                CLOCK_AttachClk
 .text.CLOCK_SetupFROClocking
                0x00000828       0x74 ./drivers/fsl_clock.o
                0x00000828                CLOCK_SetupFROClocking
 .text.CLOCK_SetFLASHAccessCyclesForFreq
                0x0000089c      0x10c ./drivers/fsl_clock.o
                0x0000089c                CLOCK_SetFLASHAccessCyclesForFreq
 .text.CLOCK_SetupExtClocking
                0x000009a8       0x40 ./drivers/fsl_clock.o
                0x000009a8                CLOCK_SetupExtClocking
 .text.CLOCK_GetFro1MFreq
                0x000009e8       0x18 ./drivers/fsl_clock.o
                0x000009e8                CLOCK_GetFro1MFreq
 .text.CLOCK_GetExtClkFreq
                0x00000a00       0x18 ./drivers/fsl_clock.o
                0x00000a00                CLOCK_GetExtClkFreq
 .text.CLOCK_GetOsc32KFreq
                0x00000a18       0x34 ./drivers/fsl_clock.o
                0x00000a18                CLOCK_GetOsc32KFreq
 .text.CLOCK_GetPLL0InClockRate
                0x00000a4c       0x30 ./drivers/fsl_clock.o
                0x00000a4c                CLOCK_GetPLL0InClockRate
 .text.CLOCK_SetPLL0Freq
                0x00000a7c       0xdc ./drivers/fsl_clock.o
                0x00000a7c                CLOCK_SetPLL0Freq
 .text.SDK_DelayAtLeastUs
                0x00000b58       0x20 ./drivers/fsl_common_arm.o
                0x00000b58                SDK_DelayAtLeastUs
 .text.CTIMER_GetInstance
                0x00000b78       0x40 ./drivers/fsl_ctimer.o
 .text.CTIMER_GenericIRQHandler
                0x00000bb8       0x5c ./drivers/fsl_ctimer.o
 .text.EnableIRQ.isra.0
                0x00000c14       0x1c ./drivers/fsl_ctimer.o
 .text.CTIMER_Init
                0x00000c30       0x50 ./drivers/fsl_ctimer.o
                0x00000c30                CTIMER_Init
 .text.CTIMER_SetupMatch
                0x00000c80       0x84 ./drivers/fsl_ctimer.o
                0x00000c80                CTIMER_SetupMatch
 .text.FLEXCOMM_GetInstance
                0x00000d04       0x1c ./drivers/fsl_flexcomm.o
                0x00000d04                FLEXCOMM_GetInstance
 .text.FLEXCOMM_Init
                0x00000d20       0x7c ./drivers/fsl_flexcomm.o
                0x00000d20                FLEXCOMM_Init
 .text.FLEXCOMM0_DriverIRQHandler
                0x00000d9c       0x30 ./drivers/fsl_flexcomm.o
                0x00000d9c                FLEXCOMM0_DriverIRQHandler
 .text.FLEXCOMM1_DriverIRQHandler
                0x00000dcc       0x30 ./drivers/fsl_flexcomm.o
                0x00000dcc                FLEXCOMM1_DriverIRQHandler
 .text.FLEXCOMM2_DriverIRQHandler
                0x00000dfc       0x30 ./drivers/fsl_flexcomm.o
                0x00000dfc                FLEXCOMM2_DriverIRQHandler
 .text.FLEXCOMM3_DriverIRQHandler
                0x00000e2c       0x30 ./drivers/fsl_flexcomm.o
                0x00000e2c                FLEXCOMM3_DriverIRQHandler
 .text.FLEXCOMM4_DriverIRQHandler
                0x00000e5c       0x30 ./drivers/fsl_flexcomm.o
                0x00000e5c                FLEXCOMM4_DriverIRQHandler
 .text.FLEXCOMM5_DriverIRQHandler
                0x00000e8c       0x30 ./drivers/fsl_flexcomm.o
                0x00000e8c                FLEXCOMM5_DriverIRQHandler
 .text.FLEXCOMM6_DriverIRQHandler
                0x00000ebc       0x30 ./drivers/fsl_flexcomm.o
                0x00000ebc                FLEXCOMM6_DriverIRQHandler
 .text.FLEXCOMM7_DriverIRQHandler
                0x00000eec       0x30 ./drivers/fsl_flexcomm.o
                0x00000eec                FLEXCOMM7_DriverIRQHandler
 .text.FLEXCOMM8_DriverIRQHandler
                0x00000f1c       0x30 ./drivers/fsl_flexcomm.o
                0x00000f1c                FLEXCOMM8_DriverIRQHandler
 .text.GPIO_PinInit
                0x00000f4c       0x5c ./drivers/fsl_gpio.o
                0x00000f4c                GPIO_PinInit
 .text.LPADC_FinishAutoCalibration
                0x00000fa8       0x5c ./drivers/fsl_lpadc.o
                0x00000fa8                LPADC_FinishAutoCalibration
 .text.lowpower_set_system_voltage
                0x00001004       0xa0 ./drivers/fsl_power.o
 .text.lowpower_set_voltage_for_process
                0x000010a4       0x90 ./drivers/fsl_power.o
 .text.POWER_SetVoltageForFreq
                0x00001134       0x70 ./drivers/fsl_power.o
                0x00001134                POWER_SetVoltageForFreq
 .text.PQ_Init  0x000011a4       0x24 ./drivers/fsl_powerquad_basic.o
                0x000011a4                PQ_Init
 .text.PQ_WaitDone.constprop.0
                0x000011c8       0x14 ./drivers/fsl_powerquad_cmsis.o
 .text.arm_cos_q15
                0x000011dc       0x40 ./drivers/fsl_powerquad_cmsis.o
                0x000011dc                arm_cos_q15
 .text.arm_sqrt_q15
                0x0000121c       0x34 ./drivers/fsl_powerquad_cmsis.o
                0x0000121c                arm_sqrt_q15
 .text.arm_cfft_q15
                0x00001250       0x38 ./drivers/fsl_powerquad_cmsis.o
                0x00001250                arm_cfft_q15
 .text.SPI_GetInstance
                0x00001288       0x1c ./drivers/fsl_spi.o
                0x00001288                SPI_GetInstance
 .text.SPI_SetDummyData
                0x000012a4       0x14 ./drivers/fsl_spi.o
                0x000012a4                SPI_SetDummyData
 .text.SPI_GetConfig
                0x000012b8       0x14 ./drivers/fsl_spi.o
                0x000012b8                SPI_GetConfig
 .text.SPI_MasterInit
                0x000012cc      0x11c ./drivers/fsl_spi.o
                0x000012cc                SPI_MasterInit
 .text.SystemInit
                0x000013e8       0x50 ./device/system_LPC55S69_cm33_core0.o
                0x000013e8                SystemInit
 .text.HAL_UartInit
                0x00001438       0x80 ./component/uart/fsl_adapter_usart.o
                0x00001438                HAL_UartInit
 .text.BOARD_InitDebugConsole
                0x000014b8       0x2c ./board/board.o
                0x000014b8                BOARD_InitDebugConsole
 .text.BOARD_BootClockPLL150M
                0x000014e4      0x11c ./board/clock_config.o
                0x000014e4                BOARD_BootClockPLL150M
 .text.BOARD_InitPeripherals_cm33_core0
                0x00001600       0xac ./board/peripherals.o
                0x00001600                BOARD_InitPeripherals_cm33_core0
 .text.BOARD_InitPMODPins
                0x000016ac       0xa0 ./board/pin_mux.o
                0x000016ac                BOARD_InitPMODPins
 .text.BOARD_InitADCPins
                0x0000174c       0x50 ./board/pin_mux.o
                0x0000174c                BOARD_InitADCPins
 .text._initio  0x0000179c       0x78 c:/nxp/mcuxpressoide_11.9.0_2144/ide/plugins/com.nxp.mcuxpresso.tools.win32_11.9.0.202307121226/tools/bin/../lib/gcc/arm-none-eabi/12.3.1/../../../../arm-none-eabi/lib/thumb/v8-m.main+fp/hard\libcr_c.a(initio.o)
                0x0000179c                _initio
 .text._Cwritebuf
                0x00001814       0x6c c:/nxp/mcuxpressoide_11.9.0_2144/ide/plugins/com.nxp.mcuxpresso.tools.win32_11.9.0.202307121226/tools/bin/../lib/gcc/arm-none-eabi/12.3.1/../../../../arm-none-eabi/lib/thumb/v8-m.main+fp/hard\libcr_c.a(_writebuf.o)
                0x00001814                _Cwritebuf
 .text.fflush   0x00001880       0x3c c:/nxp/mcuxpressoide_11.9.0_2144/ide/plugins/com.nxp.mcuxpresso.tools.win32_11.9.0.202307121226/tools/bin/../lib/gcc/arm-none-eabi/12.3.1/../../../../arm-none-eabi/lib/thumb/v8-m.main+fp/hard\libcr_c.a(fflush.o)
                0x00001880                fflush
 .text.fseek    0x000018bc       0xf8 c:/nxp/mcuxpressoide_11.9.0_2144/ide/plugins/com.nxp.mcuxpresso.tools.win32_11.9.0.202307121226/tools/bin/../lib/gcc/arm-none-eabi/12.3.1/../../../../arm-none-eabi/lib/thumb/v8-m.main+fp/hard\libcr_c.a(fseek.o)
                0x000018bc                fseek
 .text.ftell    0x000019b4       0x44 c:/nxp/mcuxpressoide_11.9.0_2144/ide/plugins/com.nxp.mcuxpresso.tools.win32_11.9.0.202307121226/tools/bin/../lib/gcc/arm-none-eabi/12.3.1/../../../../arm-none-eabi/lib/thumb/v8-m.main+fp/hard\libcr_c.a(ftell.o)
                0x000019b4                ftell
 .text.WDT_BOD_IRQHandler
                0x000019f8        0x8 ./startup/startup_lpc55s69_cm33_core0.o
                0x000019f8                WDT_BOD_IRQHandler
 .text.DMA0_IRQHandler
                0x00001a00        0x8 ./startup/startup_lpc55s69_cm33_core0.o
                0x00001a00                DMA0_IRQHandler
 .text.GINT0_IRQHandler
                0x00001a08        0x8 ./startup/startup_lpc55s69_cm33_core0.o
                0x00001a08                GINT0_IRQHandler
 .text.GINT1_IRQHandler
                0x00001a10        0x8 ./startup/startup_lpc55s69_cm33_core0.o
                0x00001a10                GINT1_IRQHandler
 .text.PIN_INT0_IRQHandler
                0x00001a18        0x8 ./startup/startup_lpc55s69_cm33_core0.o
                0x00001a18                PIN_INT0_IRQHandler
 .text.PIN_INT1_IRQHandler
                0x00001a20        0x8 ./startup/startup_lpc55s69_cm33_core0.o
                0x00001a20                PIN_INT1_IRQHandler
 .text.PIN_INT2_IRQHandler
                0x00001a28        0x8 ./startup/startup_lpc55s69_cm33_core0.o
                0x00001a28                PIN_INT2_IRQHandler
 .text.PIN_INT3_IRQHandler
                0x00001a30        0x8 ./startup/startup_lpc55s69_cm33_core0.o
                0x00001a30                PIN_INT3_IRQHandler
 .text.UTICK0_IRQHandler
                0x00001a38        0x8 ./startup/startup_lpc55s69_cm33_core0.o
                0x00001a38                UTICK0_IRQHandler
 .text.MRT0_IRQHandler
                0x00001a40        0x8 ./startup/startup_lpc55s69_cm33_core0.o
                0x00001a40                MRT0_IRQHandler
 .text.CTIMER0_IRQHandler
                0x00001a48        0x8 ./startup/startup_lpc55s69_cm33_core0.o
                0x00001a48                CTIMER0_IRQHandler
 .text.CTIMER1_IRQHandler
                0x00001a50        0x8 ./startup/startup_lpc55s69_cm33_core0.o
                0x00001a50                CTIMER1_IRQHandler
 .text.SCT0_IRQHandler
                0x00001a58        0x8 ./startup/startup_lpc55s69_cm33_core0.o
                0x00001a58                SCT0_IRQHandler
 .text.CTIMER3_IRQHandler
                0x00001a60        0x8 ./startup/startup_lpc55s69_cm33_core0.o
                0x00001a60                CTIMER3_IRQHandler
 .text.FLEXCOMM0_IRQHandler
                0x00001a68        0x8 ./startup/startup_lpc55s69_cm33_core0.o
                0x00001a68                FLEXCOMM0_IRQHandler
 .text.FLEXCOMM1_IRQHandler
                0x00001a70        0x8 ./startup/startup_lpc55s69_cm33_core0.o
                0x00001a70                FLEXCOMM1_IRQHandler
 .text.FLEXCOMM2_IRQHandler
                0x00001a78        0x8 ./startup/startup_lpc55s69_cm33_core0.o
                0x00001a78                FLEXCOMM2_IRQHandler
 .text.FLEXCOMM3_IRQHandler
                0x00001a80        0x8 ./startup/startup_lpc55s69_cm33_core0.o
                0x00001a80                FLEXCOMM3_IRQHandler
 .text.FLEXCOMM4_IRQHandler
                0x00001a88        0x8 ./startup/startup_lpc55s69_cm33_core0.o
                0x00001a88                FLEXCOMM4_IRQHandler
 .text.FLEXCOMM5_IRQHandler
                0x00001a90        0x8 ./startup/startup_lpc55s69_cm33_core0.o
                0x00001a90                FLEXCOMM5_IRQHandler
 .text.FLEXCOMM6_IRQHandler
                0x00001a98        0x8 ./startup/startup_lpc55s69_cm33_core0.o
                0x00001a98                FLEXCOMM6_IRQHandler
 .text.FLEXCOMM7_IRQHandler
                0x00001aa0        0x8 ./startup/startup_lpc55s69_cm33_core0.o
                0x00001aa0                FLEXCOMM7_IRQHandler
 .text.Reserved39_IRQHandler
                0x00001aa8        0x8 ./startup/startup_lpc55s69_cm33_core0.o
                0x00001aa8                Reserved39_IRQHandler
 .text.ACMP_IRQHandler
                0x00001ab0        0x8 ./startup/startup_lpc55s69_cm33_core0.o
                0x00001ab0                ACMP_IRQHandler
 .text.Reserved41_IRQHandler
                0x00001ab8        0x8 ./startup/startup_lpc55s69_cm33_core0.o
                0x00001ab8                Reserved41_IRQHandler
 .text.Reserved42_IRQHandler
                0x00001ac0        0x8 ./startup/startup_lpc55s69_cm33_core0.o
                0x00001ac0                Reserved42_IRQHandler
 .text.USB0_NEEDCLK_IRQHandler
                0x00001ac8        0x8 ./startup/startup_lpc55s69_cm33_core0.o
                0x00001ac8                USB0_NEEDCLK_IRQHandler
 .text.USB0_IRQHandler
                0x00001ad0        0x8 ./startup/startup_lpc55s69_cm33_core0.o
                0x00001ad0                USB0_IRQHandler
 .text.RTC_IRQHandler
                0x00001ad8        0x8 ./startup/startup_lpc55s69_cm33_core0.o
                0x00001ad8                RTC_IRQHandler
 .text.Reserved46_IRQHandler
                0x00001ae0        0x8 ./startup/startup_lpc55s69_cm33_core0.o
                0x00001ae0                Reserved46_IRQHandler
 .text.MAILBOX_IRQHandler
                0x00001ae8        0x8 ./startup/startup_lpc55s69_cm33_core0.o
                0x00001ae8                MAILBOX_IRQHandler
 .text.PIN_INT4_IRQHandler
                0x00001af0        0x8 ./startup/startup_lpc55s69_cm33_core0.o
                0x00001af0                PIN_INT4_IRQHandler
 .text.PIN_INT5_IRQHandler
                0x00001af8        0x8 ./startup/startup_lpc55s69_cm33_core0.o
                0x00001af8                PIN_INT5_IRQHandler
 .text.PIN_INT6_IRQHandler
                0x00001b00        0x8 ./startup/startup_lpc55s69_cm33_core0.o
                0x00001b00                PIN_INT6_IRQHandler
 .text.PIN_INT7_IRQHandler
                0x00001b08        0x8 ./startup/startup_lpc55s69_cm33_core0.o
                0x00001b08                PIN_INT7_IRQHandler
 .text.CTIMER2_IRQHandler
                0x00001b10        0x8 ./startup/startup_lpc55s69_cm33_core0.o
                0x00001b10                CTIMER2_IRQHandler
 .text.CTIMER4_IRQHandler
                0x00001b18        0x8 ./startup/startup_lpc55s69_cm33_core0.o
                0x00001b18                CTIMER4_IRQHandler
 .text.OS_EVENT_IRQHandler
                0x00001b20        0x8 ./startup/startup_lpc55s69_cm33_core0.o
                0x00001b20                OS_EVENT_IRQHandler
 .text.Reserved55_IRQHandler
                0x00001b28        0x8 ./startup/startup_lpc55s69_cm33_core0.o
                0x00001b28                Reserved55_IRQHandler
 .text.Reserved56_IRQHandler
                0x00001b30        0x8 ./startup/startup_lpc55s69_cm33_core0.o
                0x00001b30                Reserved56_IRQHandler
 .text.Reserved57_IRQHandler
                0x00001b38        0x8 ./startup/startup_lpc55s69_cm33_core0.o
                0x00001b38                Reserved57_IRQHandler
 .text.SDIO_IRQHandler
                0x00001b40        0x8 ./startup/startup_lpc55s69_cm33_core0.o
                0x00001b40                SDIO_IRQHandler
 .text.Reserved59_IRQHandler
                0x00001b48        0x8 ./startup/startup_lpc55s69_cm33_core0.o
                0x00001b48                Reserved59_IRQHandler
 .text.Reserved60_IRQHandler
                0x00001b50        0x8 ./startup/startup_lpc55s69_cm33_core0.o
                0x00001b50                Reserved60_IRQHandler
 .text.Reserved61_IRQHandler
                0x00001b58        0x8 ./startup/startup_lpc55s69_cm33_core0.o
                0x00001b58                Reserved61_IRQHandler
 .text.USB1_PHY_IRQHandler
                0x00001b60        0x8 ./startup/startup_lpc55s69_cm33_core0.o
                0x00001b60                USB1_PHY_IRQHandler
 .text.USB1_IRQHandler
                0x00001b68        0x8 ./startup/startup_lpc55s69_cm33_core0.o
                0x00001b68                USB1_IRQHandler
 .text.USB1_NEEDCLK_IRQHandler
                0x00001b70        0x8 ./startup/startup_lpc55s69_cm33_core0.o
                0x00001b70                USB1_NEEDCLK_IRQHandler
 .text.SEC_HYPERVISOR_CALL_IRQHandler
                0x00001b78        0x8 ./startup/startup_lpc55s69_cm33_core0.o
                0x00001b78                SEC_HYPERVISOR_CALL_IRQHandler
 .text.SEC_GPIO_INT0_IRQ0_IRQHandler
                0x00001b80        0x8 ./startup/startup_lpc55s69_cm33_core0.o
                0x00001b80                SEC_GPIO_INT0_IRQ0_IRQHandler
 .text.SEC_GPIO_INT0_IRQ1_IRQHandler
                0x00001b88        0x8 ./startup/startup_lpc55s69_cm33_core0.o
                0x00001b88                SEC_GPIO_INT0_IRQ1_IRQHandler
 .text.PLU_IRQHandler
                0x00001b90        0x8 ./startup/startup_lpc55s69_cm33_core0.o
                0x00001b90                PLU_IRQHandler
 .text.SEC_VIO_IRQHandler
                0x00001b98        0x8 ./startup/startup_lpc55s69_cm33_core0.o
                0x00001b98                SEC_VIO_IRQHandler
 .text.HASHCRYPT_IRQHandler
                0x00001ba0        0x8 ./startup/startup_lpc55s69_cm33_core0.o
                0x00001ba0                HASHCRYPT_IRQHandler
 .text.CASER_IRQHandler
                0x00001ba8        0x8 ./startup/startup_lpc55s69_cm33_core0.o
                0x00001ba8                CASER_IRQHandler
 .text.PUF_IRQHandler
                0x00001bb0        0x8 ./startup/startup_lpc55s69_cm33_core0.o
                0x00001bb0                PUF_IRQHandler
 .text.PQ_IRQHandler
                0x00001bb8        0x8 ./startup/startup_lpc55s69_cm33_core0.o
                0x00001bb8                PQ_IRQHandler
 .text.DMA1_IRQHandler
                0x00001bc0        0x8 ./startup/startup_lpc55s69_cm33_core0.o
                0x00001bc0                DMA1_IRQHandler
 .text.FLEXCOMM8_IRQHandler
                0x00001bc8        0x8 ./startup/startup_lpc55s69_cm33_core0.o
                0x00001bc8                FLEXCOMM8_IRQHandler
 .text.SPI_Write_Byte
                0x00001bd0       0x2c ./source/lcd.o
 .text.Driver_Delay_ms
                0x00001bfc       0x1c ./source/lcd.o
                0x00001bfc                Driver_Delay_ms
 .text.LCD_Draw_Line
                0x00001c18       0xda ./source/lcd.o
                0x00001c18                LCD_Draw_Line
 .text.drawPlot
                0x00001cf2       0x5e ./source/mini_projekt.o
                0x00001cf2                drawPlot
 .text.drawBars
                0x00001d50       0x46 ./source/mini_projekt.o
                0x00001d50                drawBars
 .text.cmplx_mag_invfc_q15
                0x00001d96       0x3c ./source/mini_projekt.o
                0x00001d96                cmplx_mag_invfc_q15
 .text.cmplx_win_q15
                0x00001dd2       0x22 ./source/mini_projekt.o
                0x00001dd2                cmplx_win_q15
 .text.HardFault_Handler
                0x00001df4       0x34 ./source/semihost_hardfault.o
                0x00001df4                HardFault_Handler
 .text.findPll0PreDiv
                0x00001e28       0x1e ./drivers/fsl_clock.o
 .text.CLOCK_SetClkDiv
                0x00001e46       0x34 ./drivers/fsl_clock.o
                0x00001e46                CLOCK_SetClkDiv
 .text.CTIMER0_DriverIRQHandler
                0x00001e7a        0x6 ./drivers/fsl_ctimer.o
                0x00001e7a                CTIMER0_DriverIRQHandler
 .text.CTIMER1_DriverIRQHandler
                0x00001e80        0x6 ./drivers/fsl_ctimer.o
                0x00001e80                CTIMER1_DriverIRQHandler
 .text.CTIMER2_DriverIRQHandler
                0x00001e86        0x6 ./drivers/fsl_ctimer.o
                0x00001e86                CTIMER2_DriverIRQHandler
 .text.CTIMER3_DriverIRQHandler
                0x00001e8c        0x6 ./drivers/fsl_ctimer.o
                0x00001e8c                CTIMER3_DriverIRQHandler
 .text.CTIMER4_DriverIRQHandler
                0x00001e92        0x6 ./drivers/fsl_ctimer.o
                0x00001e92                CTIMER4_DriverIRQHandler
 .text.LPADC_Init
                0x00001e98       0xb4 ./drivers/fsl_lpadc.o
                0x00001e98                LPADC_Init
 .text.LPADC_GetConvResult
                0x00001f4c       0x22 ./drivers/fsl_lpadc.o
                0x00001f4c                LPADC_GetConvResult
 .text.LPADC_SetConvTriggerConfig
                0x00001f6e       0x42 ./drivers/fsl_lpadc.o
                0x00001f6e                LPADC_SetConvTriggerConfig
 .text.LPADC_SetConvCommandConfig
                0x00001fb0       0x7a ./drivers/fsl_lpadc.o
                0x00001fb0                LPADC_SetConvCommandConfig
 .text.LPADC_DoOffsetCalibration
                0x0000202a       0x10 ./drivers/fsl_lpadc.o
                0x0000202a                LPADC_DoOffsetCalibration
 .text.LPADC_DoAutoCalibration
                0x0000203a        0xc ./drivers/fsl_lpadc.o
                0x0000203a                LPADC_DoAutoCalibration
 .text.PQ_TransformCFFT
                0x00002046       0x10 ./drivers/fsl_powerquad_transform.o
                0x00002046                PQ_TransformCFFT
 .text.PQ_TransformIFFT
                0x00002056       0x10 ./drivers/fsl_powerquad_transform.o
                0x00002056                PQ_TransformIFFT
 .text.RESET_SetPeripheralReset
                0x00002066       0x1c ./drivers/fsl_reset.o
                0x00002066                RESET_SetPeripheralReset
 .text.RESET_ClearPeripheralReset
                0x00002082       0x1e ./drivers/fsl_reset.o
                0x00002082                RESET_ClearPeripheralReset
 .text.RESET_PeripheralReset
                0x000020a0        0xe ./drivers/fsl_reset.o
                0x000020a0                RESET_PeripheralReset
 .text.SPI_MasterSetBaud
                0x000020ae       0x44 ./drivers/fsl_spi.o
                0x000020ae                SPI_MasterSetBaud
 .text.USART_GetDefaultConfig
                0x000020f2       0x22 ./drivers/fsl_usart.o
                0x000020f2                USART_GetDefaultConfig
 .text.USART_SetBaudRate
                0x00002114       0xb6 ./drivers/fsl_usart.o
                0x00002114                USART_SetBaudRate
 .text.USART_Init
                0x000021ca      0x134 ./drivers/fsl_usart.o
                0x000021ca                USART_Init
 .text.SystemInitHook
                0x000022fe        0x2 ./device/system_LPC55S69_cm33_core0.o
                0x000022fe                SystemInitHook
 .text.SerialManager_Init
                0x00002300       0x2a ./component/serial_manager/fsl_component_serial_manager.o
                0x00002300                SerialManager_Init
 .text.SerialManager_OpenWriteHandle
                0x0000232a       0x26 ./component/serial_manager/fsl_component_serial_manager.o
                0x0000232a                SerialManager_OpenWriteHandle
 .text.SerialManager_OpenReadHandle
                0x00002350       0x2c ./component/serial_manager/fsl_component_serial_manager.o
                0x00002350                SerialManager_OpenReadHandle
 .text.Serial_UartInit
                0x0000237c        0x4 ./component/serial_manager/fsl_component_serial_port_uart.o
                0x0000237c                Serial_UartInit
 .text.BOARD_InitBootClocks
                0x00002380        0x4 ./board/clock_config.o
                0x00002380                BOARD_InitBootClocks
 .text.BOARD_InitBootPeripherals
                0x00002384        0x4 ./board/peripherals.o
                0x00002384                BOARD_InitBootPeripherals
 .text.Chip_GetVersion
                0x00002388       0x16 ./board/pin_mux.o
 .text.BOARD_InitDEBUG_UARTPins
                0x0000239e       0x1a ./board/pin_mux.o
                0x0000239e                BOARD_InitDEBUG_UARTPins
 .text.BOARD_InitBootPins
                0x000023b8       0x12 ./board/pin_mux.o
                0x000023b8                BOARD_InitBootPins
 .text.__main   0x000023ca        0xe c:/nxp/mcuxpressoide_11.9.0_2144/ide/plugins/com.nxp.mcuxpresso.tools.win32_11.9.0.202307121226/tools/bin/../lib/gcc/arm-none-eabi/12.3.1/../../../../arm-none-eabi/lib/thumb/v8-m.main+fp/hard\libcr_nohost_nf.a(_cr__main.o)
                0x000023ca                __main
 .text.memset   0x000023d8        0x4 c:/nxp/mcuxpressoide_11.9.0_2144/ide/plugins/com.nxp.mcuxpresso.tools.win32_11.9.0.202307121226/tools/bin/../lib/gcc/arm-none-eabi/12.3.1/../../../../arm-none-eabi/lib/thumb/v8-m.main+fp/hard\libcr_c.a(memset.o)
                0x000023d8                memset
 .text.free     0x000023dc       0x30 c:/nxp/mcuxpressoide_11.9.0_2144/ide/plugins/com.nxp.mcuxpresso.tools.win32_11.9.0.202307121226/tools/bin/../lib/gcc/arm-none-eabi/12.3.1/../../../../arm-none-eabi/lib/thumb/v8-m.main+fp/hard\libcr_c.a(alloc.o)
                0x000023dc                free
 .text.setvbuf  0x0000240c       0x3e c:/nxp/mcuxpressoide_11.9.0_2144/ide/plugins/com.nxp.mcuxpresso.tools.win32_11.9.0.202307121226/tools/bin/../lib/gcc/arm-none-eabi/12.3.1/../../../../arm-none-eabi/lib/thumb/v8-m.main+fp/hard\libcr_c.a(setvbuf.o)
                0x0000240c                setvbuf
 .text.abs      0x0000244a        0x8 c:/nxp/mcuxpressoide_11.9.0_2144/ide/plugins/com.nxp.mcuxpresso.tools.win32_11.9.0.202307121226/tools/bin/../lib/gcc/arm-none-eabi/12.3.1/../../../../arm-none-eabi/lib/thumb/v8-m.main+fp/hard\libcr_c.a(stdlib.o)
                0x0000244a                abs
 .text.strlen   0x00002452       0x4e c:/nxp/mcuxpressoide_11.9.0_2144/ide/plugins/com.nxp.mcuxpresso.tools.win32_11.9.0.202307121226/tools/bin/../lib/gcc/arm-none-eabi/12.3.1/../../../../arm-none-eabi/lib/thumb/v8-m.main+fp/hard\libcr_c.a(strlen.o)
                0x00002452                strlen
 .text._deferredlazyseek
                0x000024a0       0x40 c:/nxp/mcuxpressoide_11.9.0_2144/ide/plugins/com.nxp.mcuxpresso.tools.win32_11.9.0.202307121226/tools/bin/../lib/gcc/arm-none-eabi/12.3.1/../../../../arm-none-eabi/lib/thumb/v8-m.main+fp/hard\libcr_c.a(_deferredlazyseek.o)
                0x000024a0                _deferredlazyseek
 .text._fdopen  0x000024e0       0x68 c:/nxp/mcuxpressoide_11.9.0_2144/ide/plugins/com.nxp.mcuxpresso.tools.win32_11.9.0.202307121226/tools/bin/../lib/gcc/arm-none-eabi/12.3.1/../../../../arm-none-eabi/lib/thumb/v8-m.main+fp/hard\libcr_c.a(_fdopen.o)
                0x000024e0                _fdopen
 .text._fflush  0x00002548       0x52 c:/nxp/mcuxpressoide_11.9.0_2144/ide/plugins/com.nxp.mcuxpresso.tools.win32_11.9.0.202307121226/tools/bin/../lib/gcc/arm-none-eabi/12.3.1/../../../../arm-none-eabi/lib/thumb/v8-m.main+fp/hard\libcr_c.a(_fflush.o)
                0x00002548                _fflush
 .text.fclose   0x0000259a       0x58 c:/nxp/mcuxpressoide_11.9.0_2144/ide/plugins/com.nxp.mcuxpresso.tools.win32_11.9.0.202307121226/tools/bin/../lib/gcc/arm-none-eabi/12.3.1/../../../../arm-none-eabi/lib/thumb/v8-m.main+fp/hard\libcr_c.a(fclose.o)
                0x0000259a                fclose
 .text.remove   0x000025f2       0x14 c:/nxp/mcuxpressoide_11.9.0_2144/ide/plugins/com.nxp.mcuxpresso.tools.win32_11.9.0.202307121226/tools/bin/../lib/gcc/arm-none-eabi/12.3.1/../../../../arm-none-eabi/lib/thumb/v8-m.main+fp/hard\libcr_c.a(remove.o)
                0x000025f2                remove
 .text._do_fflush
                0x00002606       0x40 c:/nxp/mcuxpressoide_11.9.0_2144/ide/plugins/com.nxp.mcuxpresso.tools.win32_11.9.0.202307121226/tools/bin/../lib/gcc/arm-none-eabi/12.3.1/../../../../arm-none-eabi/lib/thumb/v8-m.main+fp/hard\libcr_c.a(_do_fflush.o)
                0x00002606                _do_fflush
 .text.__aeabi_division_uldivmod
                0x00002646      0x174 c:/nxp/mcuxpressoide_11.9.0_2144/ide/plugins/com.nxp.mcuxpresso.tools.win32_11.9.0.202307121226/tools/bin/../lib/gcc/arm-none-eabi/12.3.1/thumb/v8-m.main+fp/hard\libcr_eabihelpers.a(division_64.o)
                0x00002646                __aeabi_uldivmod
                0x0000264a                __bhs_ldivmod1
 .text.__aeabi_division_idiv0
                0x000027ba        0x2 c:/nxp/mcuxpressoide_11.9.0_2144/ide/plugins/com.nxp.mcuxpresso.tools.win32_11.9.0.202307121226/tools/bin/../lib/gcc/arm-none-eabi/12.3.1/thumb/v8-m.main+fp/hard\libcr_eabihelpers.a(division_idiv0.o)
                0x000027ba                __aeabi_idiv0
 .text.__aeabi_memset_lowlevel
                0x000027bc       0x32 c:/nxp/mcuxpressoide_11.9.0_2144/ide/plugins/com.nxp.mcuxpresso.tools.win32_11.9.0.202307121226/tools/bin/../lib/gcc/arm-none-eabi/12.3.1/thumb/v8-m.main+fp/hard\libcr_eabihelpers.a(memcpy.o)
                0x000027bc                __aeabi_lowlevel_memset
 .text.__sys_close
                0x000027ee        0x6 c:/nxp/mcuxpressoide_11.9.0_2144/ide/plugins/com.nxp.mcuxpresso.tools.win32_11.9.0.202307121226/tools/bin/../lib/gcc/arm-none-eabi/12.3.1/../../../../arm-none-eabi/lib/thumb/v8-m.main+fp/hard\libcr_nohost_nf.a(__sys_close.o)
                0x000027ee                __sys_close
 .text.__sys_flen
                0x000027f4        0x6 c:/nxp/mcuxpressoide_11.9.0_2144/ide/plugins/com.nxp.mcuxpresso.tools.win32_11.9.0.202307121226/tools/bin/../lib/gcc/arm-none-eabi/12.3.1/../../../../arm-none-eabi/lib/thumb/v8-m.main+fp/hard\libcr_nohost_nf.a(__sys_flen.o)
                0x000027f4                __sys_flen
 .text.__sys_istty
                0x000027fa        0x6 c:/nxp/mcuxpressoide_11.9.0_2144/ide/plugins/com.nxp.mcuxpresso.tools.win32_11.9.0.202307121226/tools/bin/../lib/gcc/arm-none-eabi/12.3.1/../../../../arm-none-eabi/lib/thumb/v8-m.main+fp/hard\libcr_nohost_nf.a(__sys_istty.o)
                0x000027fa                __sys_istty
 .text.__sys_remove
                0x00002800        0x6 c:/nxp/mcuxpressoide_11.9.0_2144/ide/plugins/com.nxp.mcuxpresso.tools.win32_11.9.0.202307121226/tools/bin/../lib/gcc/arm-none-eabi/12.3.1/../../../../arm-none-eabi/lib/thumb/v8-m.main+fp/hard\libcr_nohost_nf.a(__sys_remove.o)
                0x00002800                __sys_remove
 .text.__sys_seek
                0x00002806        0x6 c:/nxp/mcuxpressoide_11.9.0_2144/ide/plugins/com.nxp.mcuxpresso.tools.win32_11.9.0.202307121226/tools/bin/../lib/gcc/arm-none-eabi/12.3.1/../../../../arm-none-eabi/lib/thumb/v8-m.main+fp/hard\libcr_nohost_nf.a(__sys_seek.o)
                0x00002806                __sys_seek
 .text.__sys_tmpnam
                0x0000280c        0x6 c:/nxp/mcuxpressoide_11.9.0_2144/ide/plugins/com.nxp.mcuxpresso.tools.win32_11.9.0.202307121226/tools/bin/../lib/gcc/arm-none-eabi/12.3.1/../../../../arm-none-eabi/lib/thumb/v8-m.main+fp/hard\libcr_nohost_nf.a(__sys_tmpnam.o)
                0x0000280c                __sys_tmpnam
 .text.__sys_write
                0x00002812        0x4 c:/nxp/mcuxpressoide_11.9.0_2144/ide/plugins/com.nxp.mcuxpresso.tools.win32_11.9.0.202307121226/tools/bin/../lib/gcc/arm-none-eabi/12.3.1/../../../../arm-none-eabi/lib/thumb/v8-m.main+fp/hard\libcr_nohost_nf.a(__sys_write.o)
                0x00002812                __sys_write
 *(SORT_BY_ALIGNMENT(.rodata) SORT_BY_ALIGNMENT(.rodata.*) SORT_BY_ALIGNMENT(.constdata) SORT_BY_ALIGNMENT(.constdata.*))
 *fill*         0x00002816        0x2 ff
 .rodata.s_ctimerResets
                0x00002818       0x14 ./drivers/fsl_ctimer.o
 .rodata.s_ctimerBases
                0x0000282c       0x14 ./drivers/fsl_ctimer.o
 .rodata.s_flexcommResets
                0x00002840       0x24 ./drivers/fsl_flexcomm.o
 .rodata.s_flexcommBaseAddrs
                0x00002864       0x24 ./drivers/fsl_flexcomm.o
 .rodata.s_spiBaseAddrs
                0x00002888       0x24 ./drivers/fsl_spi.o
 .rodata.s_UsartAdapterBase
                0x000028ac       0x20 ./component/uart/fsl_adapter_usart.o
 .rodata.ADC0_config
                0x000028cc       0x18 ./board/peripherals.o
                0x000028cc                ADC0_config
 .rodata.CTIMER0_Match_3_config
                0x000028e4        0xc ./board/peripherals.o
                0x000028e4                CTIMER0_Match_3_config
 .rodata.CTIMER0_config
                0x000028f0        0x8 ./board/peripherals.o
                0x000028f0                CTIMER0_config
 .rodata.FLEXCOMM8_config
                0x000028f8       0x18 ./board/peripherals.o
                0x000028f8                FLEXCOMM8_config
 .rodata.__num_Ciob_streams
                0x00002910        0x4 c:/nxp/mcuxpressoide_11.9.0_2144/ide/plugins/com.nxp.mcuxpresso.tools.win32_11.9.0.202307121226/tools/bin/../lib/gcc/arm-none-eabi/12.3.1/../../../../arm-none-eabi/lib/thumb/v8-m.main+fp/hard\libcr_nohost_nf.a(__ciob.o)
                0x00002910                __num_Ciob_streams
 .rodata.s_ctimerClocks
                0x00002914        0xa ./drivers/fsl_ctimer.o
 .rodata.s_flexcommClocks
                0x0000291e       0x12 ./drivers/fsl_flexcomm.o
 .rodata.s_gpioClockName
                0x00002930        0x8 ./drivers/fsl_gpio.o
 .rodata.s_ctimerIRQ
                0x00002938        0x5 ./drivers/fsl_ctimer.o
 .rodata        0x0000293d        0x2 ./board/pin_mux.o
 .rodata._initio.str1.1
                0x0000293f        0x4 c:/nxp/mcuxpressoide_11.9.0_2144/ide/plugins/com.nxp.mcuxpresso.tools.win32_11.9.0.202307121226/tools/bin/../lib/gcc/arm-none-eabi/12.3.1/../../../../arm-none-eabi/lib/thumb/v8-m.main+fp/hard\libcr_c.a(initio.o)
                0x00002944                        . = ALIGN (0x4)
 *fill*         0x00002943        0x1 ff

.glue_7         0x00002944        0x0
 .glue_7        0x00002944        0x0 linker stubs

.glue_7t        0x00002944        0x0
 .glue_7t       0x00002944        0x0 linker stubs

.vfp11_veneer   0x00002944        0x0
 .vfp11_veneer  0x00002944        0x0 linker stubs

.v4_bx          0x00002944        0x0
 .v4_bx         0x00002944        0x0 linker stubs

.iplt           0x00002944        0x0
 .iplt          0x00002944        0x0 ./utilities/fsl_debug_console.o

.rel.dyn        0x00002944        0x0
 .rel.iplt      0x00002944        0x0 ./utilities/fsl_debug_console.o

.ARM.extab
 *(SORT_BY_ALIGNMENT(.ARM.extab*) SORT_BY_ALIGNMENT(.gnu.linkonce.armextab.*))

.ARM.exidx      0x00002944        0x0
                0x00002944                        __exidx_start = .
 *(SORT_BY_ALIGNMENT(.ARM.exidx*) SORT_BY_ALIGNMENT(.gnu.linkonce.armexidx.*))
                0x00002944                        __exidx_end = .
                0x00002944                        _etext = .

.m_usb_data
 *(SORT_BY_ALIGNMENT(m_usb_global))

.data_RAM2      0x04000000        0x0 load address 0x00002944
 FILL mask 0xff
                [!provide]                        PROVIDE (__start_data_RAM2 = .)
                [!provide]                        PROVIDE (__start_data_SRAMX = .)
 *(SORT_BY_ALIGNMENT(.ramfunc.$RAM2))
 *(SORT_BY_ALIGNMENT(.ramfunc.$SRAMX))
 *(SORT_BY_ALIGNMENT(.data.$RAM2))
 *(SORT_BY_ALIGNMENT(.data.$SRAMX))
 *(SORT_BY_ALIGNMENT(.data.$RAM2.*))
 *(SORT_BY_ALIGNMENT(.data.$SRAMX.*))
                0x04000000                        . = ALIGN (0x4)
                [!provide]                        PROVIDE (__end_data_RAM2 = .)
                [!provide]                        PROVIDE (__end_data_SRAMX = .)

.data_RAM3      0x40100000        0x0 load address 0x00002944
 FILL mask 0xff
                [!provide]                        PROVIDE (__start_data_RAM3 = .)
                [!provide]                        PROVIDE (__start_data_USB_RAM = .)
 *(SORT_BY_ALIGNMENT(.ramfunc.$RAM3))
 *(SORT_BY_ALIGNMENT(.ramfunc.$USB_RAM))
 *(SORT_BY_ALIGNMENT(.data.$RAM3))
 *(SORT_BY_ALIGNMENT(.data.$USB_RAM))
 *(SORT_BY_ALIGNMENT(.data.$RAM3.*))
 *(SORT_BY_ALIGNMENT(.data.$USB_RAM.*))
                0x40100000                        . = ALIGN (0x4)
                [!provide]                        PROVIDE (__end_data_RAM3 = .)
                [!provide]                        PROVIDE (__end_data_USB_RAM = .)

.data_RAM4      0x20040000        0x0 load address 0x00002944
 FILL mask 0xff
                [!provide]                        PROVIDE (__start_data_RAM4 = .)
                [!provide]                        PROVIDE (__start_data_SRAM4 = .)
 *(SORT_BY_ALIGNMENT(.ramfunc.$RAM4))
 *(SORT_BY_ALIGNMENT(.ramfunc.$SRAM4))
 *(SORT_BY_ALIGNMENT(.data.$RAM4))
 *(SORT_BY_ALIGNMENT(.data.$SRAM4))
 *(SORT_BY_ALIGNMENT(.data.$RAM4.*))
 *(SORT_BY_ALIGNMENT(.data.$SRAM4.*))
                0x20040000                        . = ALIGN (0x4)
                [!provide]                        PROVIDE (__end_data_RAM4 = .)
                [!provide]                        PROVIDE (__end_data_SRAM4 = .)

.uninit_RESERVED
                0x20000000        0x0
                0x20000000                        _start_uninit_RESERVED = .
 *(SORT_BY_ALIGNMENT(.bss.$RESERVED*))
                0x20000000                        . = ALIGN (0x4)
                0x20000000                        _end_uninit_RESERVED = .

.data           0x20000000       0x44 load address 0x00002944
 FILL mask 0xff
                0x20000000                        _data = .
                [!provide]                        PROVIDE (__start_data_RAM = .)
                [!provide]                        PROVIDE (__start_data_SRAM = .)
 *(SORT_BY_ALIGNMENT(vtable))
 *(SORT_BY_ALIGNMENT(.ramfunc*))
 *(SORT_BY_ALIGNMENT(CodeQuickAccess))
 *(SORT_BY_ALIGNMENT(DataQuickAccess))
 *(SORT_BY_ALIGNMENT(RamFunction))
 *(SORT_BY_ALIGNMENT(.data*))
 .data.rdBuff   0x20000000        0x4 ./source/mini_projekt.o
                0x20000000                rdBuff
 .data.wrBuff   0x20000004        0x4 ./source/mini_projekt.o
                0x20000004                wrBuff
 .data.s_Ext_Clk_Freq
                0x20000008        0x4 ./drivers/fsl_clock.o
 .data.SystemCoreClock
                0x2000000c        0x4 ./device/system_LPC55S69_cm33_core0.o
                0x2000000c                SystemCoreClock
 .data.ADC0_triggersConfig
                0x20000010       0x10 ./board/peripherals.o
                0x20000010                ADC0_triggersConfig
 .data.ADC0_commandsConfig
                0x20000020       0x24 ./board/peripherals.o
                0x20000020                ADC0_commandsConfig
                0x20000044                        . = ALIGN (0x4)
                0x20000044                        _edata = .
                [!provide]                        PROVIDE (__end_data_RAM = .)
                [!provide]                        PROVIDE (__end_data_SRAM = .)

.igot.plt       0x20000044        0x0 load address 0x00002988
 .igot.plt      0x20000044        0x0 ./utilities/fsl_debug_console.o

.bss_RAM2       0x04000000        0x0
                [!provide]                        PROVIDE (__start_bss_RAM2 = .)
                [!provide]                        PROVIDE (__start_bss_SRAMX = .)
 *(SORT_BY_ALIGNMENT(.bss.$RAM2))
 *(SORT_BY_ALIGNMENT(.bss.$SRAMX))
 *(SORT_BY_ALIGNMENT(.bss.$RAM2.*))
 *(SORT_BY_ALIGNMENT(.bss.$SRAMX.*))
                0x04000000                        . = ALIGN ((. != 0x0)?0x4:0x1)
                [!provide]                        PROVIDE (__end_bss_RAM2 = .)
                [!provide]                        PROVIDE (__end_bss_SRAMX = .)

.bss_RAM3       0x40100000        0x0
                [!provide]                        PROVIDE (__start_bss_RAM3 = .)
                [!provide]                        PROVIDE (__start_bss_USB_RAM = .)
 *(SORT_BY_ALIGNMENT(.bss.$RAM3))
 *(SORT_BY_ALIGNMENT(.bss.$USB_RAM))
 *(SORT_BY_ALIGNMENT(.bss.$RAM3.*))
 *(SORT_BY_ALIGNMENT(.bss.$USB_RAM.*))
                0x40100000                        . = ALIGN ((. != 0x0)?0x4:0x1)
                [!provide]                        PROVIDE (__end_bss_RAM3 = .)
                [!provide]                        PROVIDE (__end_bss_USB_RAM = .)

.bss_RAM4       0x20040000        0x0
                [!provide]                        PROVIDE (__start_bss_RAM4 = .)
                [!provide]                        PROVIDE (__start_bss_SRAM4 = .)
 *(SORT_BY_ALIGNMENT(.bss.$RAM4))
 *(SORT_BY_ALIGNMENT(.bss.$SRAM4))
 *(SORT_BY_ALIGNMENT(.bss.$RAM4.*))
 *(SORT_BY_ALIGNMENT(.bss.$SRAM4.*))
                0x20040000                        . = ALIGN ((. != 0x0)?0x4:0x1)
                [!provide]                        PROVIDE (__end_bss_RAM4 = .)
                [!provide]                        PROVIDE (__end_bss_SRAM4 = .)

.bss            0x20000044     0xb180
                0x20000044                        _bss = .
                [!provide]                        PROVIDE (__start_bss_RAM = .)
                [!provide]                        PROVIDE (__start_bss_SRAM = .)
 *(SORT_BY_ALIGNMENT(.bss*))
 .bss.g_serialHandle
                0x20000044        0x4 ./utilities/fsl_debug_console.o
                0x20000044                g_serialHandle
 .bss.s_debugConsoleState
                0x20000048       0x20 ./utilities/fsl_debug_console.o
 .bss.linearFrameBuffer
                0x20000068        0x4 ./source/lcd.o
                0x20000068                linearFrameBuffer
 .bss.SPI_base  0x2000006c        0x4 ./source/lcd.o
                0x2000006c                SPI_base
 .bss.g_LpadcResultConfigStruct
                0x20000070       0x10 ./source/mini_projekt.o
                0x20000070                g_LpadcResultConfigStruct
 .bss.pwin      0x20000080        0x4 ./source/mini_projekt.o
                0x20000080                pwin
 .bss.px        0x20000084        0x4 ./source/mini_projekt.o
                0x20000084                px
 .bss.s_Pll0_Freq
                0x20000088        0x4 ./drivers/fsl_clock.o
 .bss.s_ctimerCallback
                0x2000008c       0x14 ./drivers/fsl_ctimer.o
 .bss.s_flexcommHandle
                0x200000a0       0x24 ./drivers/fsl_flexcomm.o
 .bss.s_flexcommIrqHandler
                0x200000c4       0x24 ./drivers/fsl_flexcomm.o
 .bss.errno     0x200000e8        0x4 c:/nxp/mcuxpressoide_11.9.0_2144/ide/plugins/com.nxp.mcuxpresso.tools.win32_11.9.0.202307121226/tools/bin/../lib/gcc/arm-none-eabi/12.3.1/../../../../arm-none-eabi/lib/thumb/v8-m.main+fp/hard\libcr_c.a(errno.o)
                0x200000e8                errno
 .bss.__Ciob    0x200000ec       0xb4 c:/nxp/mcuxpressoide_11.9.0_2144/ide/plugins/com.nxp.mcuxpresso.tools.win32_11.9.0.202307121226/tools/bin/../lib/gcc/arm-none-eabi/12.3.1/../../../../arm-none-eabi/lib/thumb/v8-m.main+fp/hard\libcr_nohost_nf.a(__ciob.o)
                0x200000ec                __Ciob
 .bss.frameBuffer
                0x200001a0     0xa000 ./source/lcd.o
                0x200001a0                frameBuffer
 .bss.dataBuffer
                0x2000a1a0      0x400 ./source/mini_projekt.o
                0x2000a1a0                dataBuffer
 .bss.win       0x2000a5a0      0x400 ./source/mini_projekt.o
                0x2000a5a0                win
 .bss.x         0x2000a9a0      0x800 ./source/mini_projekt.o
                0x2000a9a0                x
 .bss.s_debugConsoleReadWaitSemaphore
                0x2000b1a0        0x1 ./utilities/fsl_debug_console.o
 .bss.dataReady
                0x2000b1a1        0x1 ./source/mini_projekt.o
                0x2000b1a1                dataReady
 .bss.ctimerCallbackType
                0x2000b1a2        0x5 ./drivers/fsl_ctimer.o
 .bss.s_dummyData
                0x2000b1a7        0x9 ./drivers/fsl_spi.o
                0x2000b1a7                s_dummyData
 .bss.g_configs
                0x2000b1b0       0x12 ./drivers/fsl_spi.o
 *(SORT_BY_ALIGNMENT(COMMON))
                0x2000b1c4                        . = ALIGN (0x4)
 *fill*         0x2000b1c2        0x2 
                0x2000b1c4                        _ebss = .
                [!provide]                        PROVIDE (__end_bss_RAM = .)
                [!provide]                        PROVIDE (__end_bss_SRAM = .)
                [!provide]                        PROVIDE (end = .)

.noinit_RAM2    0x04000000        0x0
                [!provide]                        PROVIDE (__start_noinit_RAM2 = .)
                [!provide]                        PROVIDE (__start_noinit_SRAMX = .)
 *(SORT_BY_ALIGNMENT(.noinit.$RAM2))
 *(SORT_BY_ALIGNMENT(.noinit.$SRAMX))
 *(SORT_BY_ALIGNMENT(.noinit.$RAM2.*))
 *(SORT_BY_ALIGNMENT(.noinit.$SRAMX.*))
                0x04000000                        . = ALIGN (0x4)
                [!provide]                        PROVIDE (__end_noinit_RAM2 = .)
                [!provide]                        PROVIDE (__end_noinit_SRAMX = .)

.noinit_RAM3    0x40100000        0x0
                [!provide]                        PROVIDE (__start_noinit_RAM3 = .)
                [!provide]                        PROVIDE (__start_noinit_USB_RAM = .)
 *(SORT_BY_ALIGNMENT(.noinit.$RAM3))
 *(SORT_BY_ALIGNMENT(.noinit.$USB_RAM))
 *(SORT_BY_ALIGNMENT(.noinit.$RAM3.*))
 *(SORT_BY_ALIGNMENT(.noinit.$USB_RAM.*))
                0x40100000                        . = ALIGN (0x4)
                [!provide]                        PROVIDE (__end_noinit_RAM3 = .)
                [!provide]                        PROVIDE (__end_noinit_USB_RAM = .)

.noinit_RAM4    0x20040000        0x0
                [!provide]                        PROVIDE (__start_noinit_RAM4 = .)
                [!provide]                        PROVIDE (__start_noinit_SRAM4 = .)
 *(SORT_BY_ALIGNMENT(.noinit.$RAM4))
 *(SORT_BY_ALIGNMENT(.noinit.$SRAM4))
 *(SORT_BY_ALIGNMENT(.noinit.$RAM4.*))
 *(SORT_BY_ALIGNMENT(.noinit.$SRAM4.*))
                0x20040000                        . = ALIGN (0x4)
                [!provide]                        PROVIDE (__end_noinit_RAM4 = .)
                [!provide]                        PROVIDE (__end_noinit_SRAM4 = .)

.noinit         0x2000b1c4        0x0
                0x2000b1c4                        _noinit = .
                [!provide]                        PROVIDE (__start_noinit_RAM = .)
                [!provide]                        PROVIDE (__start_noinit_SRAM = .)
 *(SORT_BY_ALIGNMENT(.noinit*))
                0x2000b1c4                        . = ALIGN (0x4)
                0x2000b1c4                        _end_noinit = .
                [!provide]                        PROVIDE (__end_noinit_RAM = .)
                [!provide]                        PROVIDE (__end_noinit_SRAM = .)
                0x00001000                        _HeapSize = 0x1000

.heap           0x2000b1c4     0x1000
                0x2000b1c4                        _pvHeapStart = .
                0x2000c1c4                        . = (. + _HeapSize)
 *fill*         0x2000b1c4     0x1000 
                0x2000c1c4                        . = ALIGN (0x4)
                0x2000c1c4                        _pvHeapLimit = .
                0x00001000                        _StackSize = 0x1000

.heap2stackfill
                0x2000c1c4     0x1000
                0x2000d1c4                        . = (. + _StackSize)
 *fill*         0x2000c1c4     0x1000 

.stack          0x2003f000        0x0
                0x2003f000                        _vStackBase = .
                0x2003f000                        . = ALIGN (0x4)
                0x20040000                        _vStackTop = (. + _StackSize)
                [!provide]                        PROVIDE (__valid_user_code_checksum = (0x0 - ((((((_vStackTop + (ResetISR + 0x1)) + (NMI_Handler + 0x1)) + (HardFault_Handler + 0x1)) + (DEFINED (MemManage_Handler)?MemManage_Handler:0x0 + 0x1)) + (DEFINED (BusFault_Handler)?BusFault_Handler:0x0 + 0x1)) + (DEFINED (UsageFault_Handler)?UsageFault_Handler:0x0 + 0x1))))
                0x00000000                        _image_start = LOADADDR (.text)
                0x00002988                        _image_end = (LOADADDR (.data) + SIZEOF (.data))
                0x00002988                        _image_size = (_image_end - _image_start)
OUTPUT(mini_projekt.axf elf32-littlearm)
LOAD linker stubs

.debug_info     0x00000000    0x2cfaf
 .debug_info    0x00000000     0x1266 ./utilities/fsl_debug_console.o
 .debug_info    0x00001266      0xa01 ./startup/startup_lpc55s69_cm33_core0.o
 .debug_info    0x00001c67     0x22b1 ./source/lcd.o
 .debug_info    0x00003f18     0x178f ./source/mini_projekt.o
 .debug_info    0x000056a7       0x38 ./source/semihost_hardfault.o
 .debug_info    0x000056df     0x4716 ./drivers/fsl_clock.o
 .debug_info    0x00009df5      0x638 ./drivers/fsl_common_arm.o
 .debug_info    0x0000a42d     0x269f ./drivers/fsl_ctimer.o
 .debug_info    0x0000cacc     0x1ccb ./drivers/fsl_flexcomm.o
 .debug_info    0x0000e797     0x187a ./drivers/fsl_gpio.o
 .debug_info    0x00010011     0x1f45 ./drivers/fsl_lpadc.o
 .debug_info    0x00011f56     0x30f8 ./drivers/fsl_power.o
 .debug_info    0x0001504e     0x15dc ./drivers/fsl_powerquad_basic.o
 .debug_info    0x0001662a     0x3e95 ./drivers/fsl_powerquad_cmsis.o
 .debug_info    0x0001a4bf      0x47a ./drivers/fsl_powerquad_transform.o
 .debug_info    0x0001a939      0xf1e ./drivers/fsl_reset.o
 .debug_info    0x0001b857     0x1faf ./drivers/fsl_spi.o
 .debug_info    0x0001d806     0x1e9f ./drivers/fsl_usart.o
 .debug_info    0x0001f6a5     0x1686 ./device/system_LPC55S69_cm33_core0.o
 .debug_info    0x00020d2b      0xe2c ./component/uart/fsl_adapter_usart.o
 .debug_info    0x00021b57     0x12ee ./component/serial_manager/fsl_component_serial_manager.o
 .debug_info    0x00022e45      0x621 ./component/serial_manager/fsl_component_serial_port_uart.o
 .debug_info    0x00023466      0x970 ./board/board.o
 .debug_info    0x00023dd6     0x1ef1 ./board/clock_config.o
 .debug_info    0x00025cc7     0x2224 ./board/peripherals.o
 .debug_info    0x00027eeb     0x2390 ./board/pin_mux.o
 .debug_info    0x0002a27b       0x85 c:/nxp/mcuxpressoide_11.9.0_2144/ide/plugins/com.nxp.mcuxpresso.tools.win32_11.9.0.202307121226/tools/bin/../lib/gcc/arm-none-eabi/12.3.1/../../../../arm-none-eabi/lib/thumb/v8-m.main+fp/hard\libcr_nohost_nf.a(_cr__main.o)
 .debug_info    0x0002a300       0xe3 c:/nxp/mcuxpressoide_11.9.0_2144/ide/plugins/com.nxp.mcuxpresso.tools.win32_11.9.0.202307121226/tools/bin/../lib/gcc/arm-none-eabi/12.3.1/../../../../arm-none-eabi/lib/thumb/v8-m.main+fp/hard\libcr_c.a(memset.o)
 .debug_info    0x0002a3e3      0x506 c:/nxp/mcuxpressoide_11.9.0_2144/ide/plugins/com.nxp.mcuxpresso.tools.win32_11.9.0.202307121226/tools/bin/../lib/gcc/arm-none-eabi/12.3.1/../../../../arm-none-eabi/lib/thumb/v8-m.main+fp/hard\libcr_c.a(alloc.o)
 .debug_info    0x0002a8e9       0x44 c:/nxp/mcuxpressoide_11.9.0_2144/ide/plugins/com.nxp.mcuxpresso.tools.win32_11.9.0.202307121226/tools/bin/../lib/gcc/arm-none-eabi/12.3.1/../../../../arm-none-eabi/lib/thumb/v8-m.main+fp/hard\libcr_c.a(errno.o)
 .debug_info    0x0002a92d      0x339 c:/nxp/mcuxpressoide_11.9.0_2144/ide/plugins/com.nxp.mcuxpresso.tools.win32_11.9.0.202307121226/tools/bin/../lib/gcc/arm-none-eabi/12.3.1/../../../../arm-none-eabi/lib/thumb/v8-m.main+fp/hard\libcr_c.a(initio.o)
 .debug_info    0x0002ac66      0x1f6 c:/nxp/mcuxpressoide_11.9.0_2144/ide/plugins/com.nxp.mcuxpresso.tools.win32_11.9.0.202307121226/tools/bin/../lib/gcc/arm-none-eabi/12.3.1/../../../../arm-none-eabi/lib/thumb/v8-m.main+fp/hard\libcr_c.a(setvbuf.o)
 .debug_info    0x0002ae5c      0x4bb c:/nxp/mcuxpressoide_11.9.0_2144/ide/plugins/com.nxp.mcuxpresso.tools.win32_11.9.0.202307121226/tools/bin/../lib/gcc/arm-none-eabi/12.3.1/../../../../arm-none-eabi/lib/thumb/v8-m.main+fp/hard\libcr_c.a(stdlib.o)
 .debug_info    0x0002b317       0xda c:/nxp/mcuxpressoide_11.9.0_2144/ide/plugins/com.nxp.mcuxpresso.tools.win32_11.9.0.202307121226/tools/bin/../lib/gcc/arm-none-eabi/12.3.1/../../../../arm-none-eabi/lib/thumb/v8-m.main+fp/hard\libcr_c.a(strlen.o)
 .debug_info    0x0002b3f1      0x362 c:/nxp/mcuxpressoide_11.9.0_2144/ide/plugins/com.nxp.mcuxpresso.tools.win32_11.9.0.202307121226/tools/bin/../lib/gcc/arm-none-eabi/12.3.1/../../../../arm-none-eabi/lib/thumb/v8-m.main+fp/hard\libcr_c.a(_deferredlazyseek.o)
 .debug_info    0x0002b753      0x244 c:/nxp/mcuxpressoide_11.9.0_2144/ide/plugins/com.nxp.mcuxpresso.tools.win32_11.9.0.202307121226/tools/bin/../lib/gcc/arm-none-eabi/12.3.1/../../../../arm-none-eabi/lib/thumb/v8-m.main+fp/hard\libcr_c.a(_fdopen.o)
 .debug_info    0x0002b997      0x1e3 c:/nxp/mcuxpressoide_11.9.0_2144/ide/plugins/com.nxp.mcuxpresso.tools.win32_11.9.0.202307121226/tools/bin/../lib/gcc/arm-none-eabi/12.3.1/../../../../arm-none-eabi/lib/thumb/v8-m.main+fp/hard\libcr_c.a(_fflush.o)
 .debug_info    0x0002bb7a      0x282 c:/nxp/mcuxpressoide_11.9.0_2144/ide/plugins/com.nxp.mcuxpresso.tools.win32_11.9.0.202307121226/tools/bin/../lib/gcc/arm-none-eabi/12.3.1/../../../../arm-none-eabi/lib/thumb/v8-m.main+fp/hard\libcr_c.a(_writebuf.o)
 .debug_info    0x0002bdfc      0x318 c:/nxp/mcuxpressoide_11.9.0_2144/ide/plugins/com.nxp.mcuxpresso.tools.win32_11.9.0.202307121226/tools/bin/../lib/gcc/arm-none-eabi/12.3.1/../../../../arm-none-eabi/lib/thumb/v8-m.main+fp/hard\libcr_c.a(fclose.o)
 .debug_info    0x0002c114      0x202 c:/nxp/mcuxpressoide_11.9.0_2144/ide/plugins/com.nxp.mcuxpresso.tools.win32_11.9.0.202307121226/tools/bin/../lib/gcc/arm-none-eabi/12.3.1/../../../../arm-none-eabi/lib/thumb/v8-m.main+fp/hard\libcr_c.a(fflush.o)
 .debug_info    0x0002c316      0x276 c:/nxp/mcuxpressoide_11.9.0_2144/ide/plugins/com.nxp.mcuxpresso.tools.win32_11.9.0.202307121226/tools/bin/../lib/gcc/arm-none-eabi/12.3.1/../../../../arm-none-eabi/lib/thumb/v8-m.main+fp/hard\libcr_c.a(fseek.o)
 .debug_info    0x0002c58c      0x190 c:/nxp/mcuxpressoide_11.9.0_2144/ide/plugins/com.nxp.mcuxpresso.tools.win32_11.9.0.202307121226/tools/bin/../lib/gcc/arm-none-eabi/12.3.1/../../../../arm-none-eabi/lib/thumb/v8-m.main+fp/hard\libcr_c.a(ftell.o)
 .debug_info    0x0002c71c      0x1ca c:/nxp/mcuxpressoide_11.9.0_2144/ide/plugins/com.nxp.mcuxpresso.tools.win32_11.9.0.202307121226/tools/bin/../lib/gcc/arm-none-eabi/12.3.1/../../../../arm-none-eabi/lib/thumb/v8-m.main+fp/hard\libcr_c.a(remove.o)
 .debug_info    0x0002c8e6      0x23a c:/nxp/mcuxpressoide_11.9.0_2144/ide/plugins/com.nxp.mcuxpresso.tools.win32_11.9.0.202307121226/tools/bin/../lib/gcc/arm-none-eabi/12.3.1/../../../../arm-none-eabi/lib/thumb/v8-m.main+fp/hard\libcr_c.a(_do_fflush.o)
 .debug_info    0x0002cb20      0x18b c:/nxp/mcuxpressoide_11.9.0_2144/ide/plugins/com.nxp.mcuxpresso.tools.win32_11.9.0.202307121226/tools/bin/../lib/gcc/arm-none-eabi/12.3.1/../../../../arm-none-eabi/lib/thumb/v8-m.main+fp/hard\libcr_nohost_nf.a(__ciob.o)
 .debug_info    0x0002ccab       0x5c c:/nxp/mcuxpressoide_11.9.0_2144/ide/plugins/com.nxp.mcuxpresso.tools.win32_11.9.0.202307121226/tools/bin/../lib/gcc/arm-none-eabi/12.3.1/../../../../arm-none-eabi/lib/thumb/v8-m.main+fp/hard\libcr_nohost_nf.a(__sys_close.o)
 .debug_info    0x0002cd07       0x5c c:/nxp/mcuxpressoide_11.9.0_2144/ide/plugins/com.nxp.mcuxpresso.tools.win32_11.9.0.202307121226/tools/bin/../lib/gcc/arm-none-eabi/12.3.1/../../../../arm-none-eabi/lib/thumb/v8-m.main+fp/hard\libcr_nohost_nf.a(__sys_flen.o)
 .debug_info    0x0002cd63       0x5c c:/nxp/mcuxpressoide_11.9.0_2144/ide/plugins/com.nxp.mcuxpresso.tools.win32_11.9.0.202307121226/tools/bin/../lib/gcc/arm-none-eabi/12.3.1/../../../../arm-none-eabi/lib/thumb/v8-m.main+fp/hard\libcr_nohost_nf.a(__sys_istty.o)
 .debug_info    0x0002cdbf       0x7c c:/nxp/mcuxpressoide_11.9.0_2144/ide/plugins/com.nxp.mcuxpresso.tools.win32_11.9.0.202307121226/tools/bin/../lib/gcc/arm-none-eabi/12.3.1/../../../../arm-none-eabi/lib/thumb/v8-m.main+fp/hard\libcr_nohost_nf.a(__sys_remove.o)
 .debug_info    0x0002ce3b       0x6a c:/nxp/mcuxpressoide_11.9.0_2144/ide/plugins/com.nxp.mcuxpresso.tools.win32_11.9.0.202307121226/tools/bin/../lib/gcc/arm-none-eabi/12.3.1/../../../../arm-none-eabi/lib/thumb/v8-m.main+fp/hard\libcr_nohost_nf.a(__sys_seek.o)
 .debug_info    0x0002cea5       0x85 c:/nxp/mcuxpressoide_11.9.0_2144/ide/plugins/com.nxp.mcuxpresso.tools.win32_11.9.0.202307121226/tools/bin/../lib/gcc/arm-none-eabi/12.3.1/../../../../arm-none-eabi/lib/thumb/v8-m.main+fp/hard\libcr_nohost_nf.a(__sys_tmpnam.o)
 .debug_info    0x0002cf2a       0x85 c:/nxp/mcuxpressoide_11.9.0_2144/ide/plugins/com.nxp.mcuxpresso.tools.win32_11.9.0.202307121226/tools/bin/../lib/gcc/arm-none-eabi/12.3.1/../../../../arm-none-eabi/lib/thumb/v8-m.main+fp/hard\libcr_nohost_nf.a(__sys_write.o)

.debug_abbrev   0x00000000     0x65b3
 .debug_abbrev  0x00000000      0x396 ./utilities/fsl_debug_console.o
 .debug_abbrev  0x00000396      0x17c ./startup/startup_lpc55s69_cm33_core0.o
 .debug_abbrev  0x00000512      0x3f7 ./source/lcd.o
 .debug_abbrev  0x00000909      0x322 ./source/mini_projekt.o
 .debug_abbrev  0x00000c2b       0x2e ./source/semihost_hardfault.o
 .debug_abbrev  0x00000c59      0x58d ./drivers/fsl_clock.o
 .debug_abbrev  0x000011e6      0x198 ./drivers/fsl_common_arm.o
 .debug_abbrev  0x0000137e      0x49b ./drivers/fsl_ctimer.o
 .debug_abbrev  0x00001819      0x36f ./drivers/fsl_flexcomm.o
 .debug_abbrev  0x00001b88      0x291 ./drivers/fsl_gpio.o
 .debug_abbrev  0x00001e19      0x3d8 ./drivers/fsl_lpadc.o
 .debug_abbrev  0x000021f1      0x410 ./drivers/fsl_power.o
 .debug_abbrev  0x00002601      0x258 ./drivers/fsl_powerquad_basic.o
 .debug_abbrev  0x00002859      0x4de ./drivers/fsl_powerquad_cmsis.o
 .debug_abbrev  0x00002d37       0xfd ./drivers/fsl_powerquad_transform.o
 .debug_abbrev  0x00002e34      0x181 ./drivers/fsl_reset.o
 .debug_abbrev  0x00002fb5      0x467 ./drivers/fsl_spi.o
 .debug_abbrev  0x0000341c      0x48f ./drivers/fsl_usart.o
 .debug_abbrev  0x000038ab      0x27c ./device/system_LPC55S69_cm33_core0.o
 .debug_abbrev  0x00003b27      0x2e5 ./component/uart/fsl_adapter_usart.o
 .debug_abbrev  0x00003e0c      0x2f0 ./component/serial_manager/fsl_component_serial_manager.o
 .debug_abbrev  0x000040fc      0x1eb ./component/serial_manager/fsl_component_serial_port_uart.o
 .debug_abbrev  0x000042e7      0x137 ./board/board.o
 .debug_abbrev  0x0000441e      0x29a ./board/clock_config.o
 .debug_abbrev  0x000046b8      0x334 ./board/peripherals.o
 .debug_abbrev  0x000049ec      0x3cc ./board/pin_mux.o
 .debug_abbrev  0x00004db8       0x70 c:/nxp/mcuxpressoide_11.9.0_2144/ide/plugins/com.nxp.mcuxpresso.tools.win32_11.9.0.202307121226/tools/bin/../lib/gcc/arm-none-eabi/12.3.1/../../../../arm-none-eabi/lib/thumb/v8-m.main+fp/hard\libcr_nohost_nf.a(_cr__main.o)
 .debug_abbrev  0x00004e28       0xa8 c:/nxp/mcuxpressoide_11.9.0_2144/ide/plugins/com.nxp.mcuxpresso.tools.win32_11.9.0.202307121226/tools/bin/../lib/gcc/arm-none-eabi/12.3.1/../../../../arm-none-eabi/lib/thumb/v8-m.main+fp/hard\libcr_c.a(memset.o)
 .debug_abbrev  0x00004ed0      0x284 c:/nxp/mcuxpressoide_11.9.0_2144/ide/plugins/com.nxp.mcuxpresso.tools.win32_11.9.0.202307121226/tools/bin/../lib/gcc/arm-none-eabi/12.3.1/../../../../arm-none-eabi/lib/thumb/v8-m.main+fp/hard\libcr_c.a(alloc.o)
 .debug_abbrev  0x00005154       0x44 c:/nxp/mcuxpressoide_11.9.0_2144/ide/plugins/com.nxp.mcuxpresso.tools.win32_11.9.0.202307121226/tools/bin/../lib/gcc/arm-none-eabi/12.3.1/../../../../arm-none-eabi/lib/thumb/v8-m.main+fp/hard\libcr_c.a(errno.o)
 .debug_abbrev  0x00005198      0x169 c:/nxp/mcuxpressoide_11.9.0_2144/ide/plugins/com.nxp.mcuxpresso.tools.win32_11.9.0.202307121226/tools/bin/../lib/gcc/arm-none-eabi/12.3.1/../../../../arm-none-eabi/lib/thumb/v8-m.main+fp/hard\libcr_c.a(initio.o)
 .debug_abbrev  0x00005301       0xe1 c:/nxp/mcuxpressoide_11.9.0_2144/ide/plugins/com.nxp.mcuxpresso.tools.win32_11.9.0.202307121226/tools/bin/../lib/gcc/arm-none-eabi/12.3.1/../../../../arm-none-eabi/lib/thumb/v8-m.main+fp/hard\libcr_c.a(setvbuf.o)
 .debug_abbrev  0x000053e2      0x2b7 c:/nxp/mcuxpressoide_11.9.0_2144/ide/plugins/com.nxp.mcuxpresso.tools.win32_11.9.0.202307121226/tools/bin/../lib/gcc/arm-none-eabi/12.3.1/../../../../arm-none-eabi/lib/thumb/v8-m.main+fp/hard\libcr_c.a(stdlib.o)
 .debug_abbrev  0x00005699       0xa7 c:/nxp/mcuxpressoide_11.9.0_2144/ide/plugins/com.nxp.mcuxpresso.tools.win32_11.9.0.202307121226/tools/bin/../lib/gcc/arm-none-eabi/12.3.1/../../../../arm-none-eabi/lib/thumb/v8-m.main+fp/hard\libcr_c.a(strlen.o)
 .debug_abbrev  0x00005740      0x152 c:/nxp/mcuxpressoide_11.9.0_2144/ide/plugins/com.nxp.mcuxpresso.tools.win32_11.9.0.202307121226/tools/bin/../lib/gcc/arm-none-eabi/12.3.1/../../../../arm-none-eabi/lib/thumb/v8-m.main+fp/hard\libcr_c.a(_deferredlazyseek.o)
 .debug_abbrev  0x00005892      0x119 c:/nxp/mcuxpressoide_11.9.0_2144/ide/plugins/com.nxp.mcuxpresso.tools.win32_11.9.0.202307121226/tools/bin/../lib/gcc/arm-none-eabi/12.3.1/../../../../arm-none-eabi/lib/thumb/v8-m.main+fp/hard\libcr_c.a(_fdopen.o)
 .debug_abbrev  0x000059ab       0xf1 c:/nxp/mcuxpressoide_11.9.0_2144/ide/plugins/com.nxp.mcuxpresso.tools.win32_11.9.0.202307121226/tools/bin/../lib/gcc/arm-none-eabi/12.3.1/../../../../arm-none-eabi/lib/thumb/v8-m.main+fp/hard\libcr_c.a(_fflush.o)
 .debug_abbrev  0x00005a9c      0x126 c:/nxp/mcuxpressoide_11.9.0_2144/ide/plugins/com.nxp.mcuxpresso.tools.win32_11.9.0.202307121226/tools/bin/../lib/gcc/arm-none-eabi/12.3.1/../../../../arm-none-eabi/lib/thumb/v8-m.main+fp/hard\libcr_c.a(_writebuf.o)
 .debug_abbrev  0x00005bc2      0x155 c:/nxp/mcuxpressoide_11.9.0_2144/ide/plugins/com.nxp.mcuxpresso.tools.win32_11.9.0.202307121226/tools/bin/../lib/gcc/arm-none-eabi/12.3.1/../../../../arm-none-eabi/lib/thumb/v8-m.main+fp/hard\libcr_c.a(fclose.o)
 .debug_abbrev  0x00005d17      0x125 c:/nxp/mcuxpressoide_11.9.0_2144/ide/plugins/com.nxp.mcuxpresso.tools.win32_11.9.0.202307121226/tools/bin/../lib/gcc/arm-none-eabi/12.3.1/../../../../arm-none-eabi/lib/thumb/v8-m.main+fp/hard\libcr_c.a(fflush.o)
 .debug_abbrev  0x00005e3c      0x11b c:/nxp/mcuxpressoide_11.9.0_2144/ide/plugins/com.nxp.mcuxpresso.tools.win32_11.9.0.202307121226/tools/bin/../lib/gcc/arm-none-eabi/12.3.1/../../../../arm-none-eabi/lib/thumb/v8-m.main+fp/hard\libcr_c.a(fseek.o)
 .debug_abbrev  0x00005f57       0xc2 c:/nxp/mcuxpressoide_11.9.0_2144/ide/plugins/com.nxp.mcuxpresso.tools.win32_11.9.0.202307121226/tools/bin/../lib/gcc/arm-none-eabi/12.3.1/../../../../arm-none-eabi/lib/thumb/v8-m.main+fp/hard\libcr_c.a(ftell.o)
 .debug_abbrev  0x00006019       0xfb c:/nxp/mcuxpressoide_11.9.0_2144/ide/plugins/com.nxp.mcuxpresso.tools.win32_11.9.0.202307121226/tools/bin/../lib/gcc/arm-none-eabi/12.3.1/../../../../arm-none-eabi/lib/thumb/v8-m.main+fp/hard\libcr_c.a(remove.o)
 .debug_abbrev  0x00006114      0x12c c:/nxp/mcuxpressoide_11.9.0_2144/ide/plugins/com.nxp.mcuxpresso.tools.win32_11.9.0.202307121226/tools/bin/../lib/gcc/arm-none-eabi/12.3.1/../../../../arm-none-eabi/lib/thumb/v8-m.main+fp/hard\libcr_c.a(_do_fflush.o)
 .debug_abbrev  0x00006240       0xb5 c:/nxp/mcuxpressoide_11.9.0_2144/ide/plugins/com.nxp.mcuxpresso.tools.win32_11.9.0.202307121226/tools/bin/../lib/gcc/arm-none-eabi/12.3.1/../../../../arm-none-eabi/lib/thumb/v8-m.main+fp/hard\libcr_nohost_nf.a(__ciob.o)
 .debug_abbrev  0x000062f5       0x51 c:/nxp/mcuxpressoide_11.9.0_2144/ide/plugins/com.nxp.mcuxpresso.tools.win32_11.9.0.202307121226/tools/bin/../lib/gcc/arm-none-eabi/12.3.1/../../../../arm-none-eabi/lib/thumb/v8-m.main+fp/hard\libcr_nohost_nf.a(__sys_close.o)
 .debug_abbrev  0x00006346       0x51 c:/nxp/mcuxpressoide_11.9.0_2144/ide/plugins/com.nxp.mcuxpresso.tools.win32_11.9.0.202307121226/tools/bin/../lib/gcc/arm-none-eabi/12.3.1/../../../../arm-none-eabi/lib/thumb/v8-m.main+fp/hard\libcr_nohost_nf.a(__sys_flen.o)
 .debug_abbrev  0x00006397       0x51 c:/nxp/mcuxpressoide_11.9.0_2144/ide/plugins/com.nxp.mcuxpresso.tools.win32_11.9.0.202307121226/tools/bin/../lib/gcc/arm-none-eabi/12.3.1/../../../../arm-none-eabi/lib/thumb/v8-m.main+fp/hard\libcr_nohost_nf.a(__sys_istty.o)
 .debug_abbrev  0x000063e8       0x7d c:/nxp/mcuxpressoide_11.9.0_2144/ide/plugins/com.nxp.mcuxpresso.tools.win32_11.9.0.202307121226/tools/bin/../lib/gcc/arm-none-eabi/12.3.1/../../../../arm-none-eabi/lib/thumb/v8-m.main+fp/hard\libcr_nohost_nf.a(__sys_remove.o)
 .debug_abbrev  0x00006465       0x62 c:/nxp/mcuxpressoide_11.9.0_2144/ide/plugins/com.nxp.mcuxpresso.tools.win32_11.9.0.202307121226/tools/bin/../lib/gcc/arm-none-eabi/12.3.1/../../../../arm-none-eabi/lib/thumb/v8-m.main+fp/hard\libcr_nohost_nf.a(__sys_seek.o)
 .debug_abbrev  0x000064c7       0x76 c:/nxp/mcuxpressoide_11.9.0_2144/ide/plugins/com.nxp.mcuxpresso.tools.win32_11.9.0.202307121226/tools/bin/../lib/gcc/arm-none-eabi/12.3.1/../../../../arm-none-eabi/lib/thumb/v8-m.main+fp/hard\libcr_nohost_nf.a(__sys_tmpnam.o)
 .debug_abbrev  0x0000653d       0x76 c:/nxp/mcuxpressoide_11.9.0_2144/ide/plugins/com.nxp.mcuxpresso.tools.win32_11.9.0.202307121226/tools/bin/../lib/gcc/arm-none-eabi/12.3.1/../../../../arm-none-eabi/lib/thumb/v8-m.main+fp/hard\libcr_nohost_nf.a(__sys_write.o)

.debug_loc      0x00000000    0x11c86
 .debug_loc     0x00000000      0x66c ./utilities/fsl_debug_console.o
 .debug_loc     0x0000066c      0x16a ./startup/startup_lpc55s69_cm33_core0.o
 .debug_loc     0x000007d6     0x1362 ./source/lcd.o
 .debug_loc     0x00001b38      0x675 ./source/mini_projekt.o
 .debug_loc     0x000021ad     0x2959 ./drivers/fsl_clock.o
 .debug_loc     0x00004b06      0x124 ./drivers/fsl_common_arm.o
 .debug_loc     0x00004c2a      0xc45 ./drivers/fsl_ctimer.o
 .debug_loc     0x0000586f      0x32a ./drivers/fsl_flexcomm.o
 .debug_loc     0x00005b99      0x263 ./drivers/fsl_gpio.o
 .debug_loc     0x00005dfc      0x5e1 ./drivers/fsl_lpadc.o
 .debug_loc     0x000063dd     0x1ce9 ./drivers/fsl_power.o
 .debug_loc     0x000080c6      0x114 ./drivers/fsl_powerquad_basic.o
 .debug_loc     0x000081da     0x33ff ./drivers/fsl_powerquad_cmsis.o
 .debug_loc     0x0000b5d9      0x132 ./drivers/fsl_powerquad_transform.o
 .debug_loc     0x0000b70b       0xce ./drivers/fsl_reset.o
 .debug_loc     0x0000b7d9     0x14db ./drivers/fsl_spi.o
 .debug_loc     0x0000ccb4     0x13f4 ./drivers/fsl_usart.o
 .debug_loc     0x0000e0a8      0x3c0 ./device/system_LPC55S69_cm33_core0.o
 .debug_loc     0x0000e468      0x2c0 ./component/uart/fsl_adapter_usart.o
 .debug_loc     0x0000e728      0xb85 ./component/serial_manager/fsl_component_serial_manager.o
 .debug_loc     0x0000f2ad      0x275 ./component/serial_manager/fsl_component_serial_port_uart.o
 .debug_loc     0x0000f522      0x17b ./board/clock_config.o
 .debug_loc     0x0000f69d      0x100 ./board/peripherals.o
 .debug_loc     0x0000f79d      0xe1c ./board/pin_mux.o
 .debug_loc     0x000105b9       0x6f c:/nxp/mcuxpressoide_11.9.0_2144/ide/plugins/com.nxp.mcuxpresso.tools.win32_11.9.0.202307121226/tools/bin/../lib/gcc/arm-none-eabi/12.3.1/../../../../arm-none-eabi/lib/thumb/v8-m.main+fp/hard\libcr_c.a(memset.o)
 .debug_loc     0x00010628      0x7b2 c:/nxp/mcuxpressoide_11.9.0_2144/ide/plugins/com.nxp.mcuxpresso.tools.win32_11.9.0.202307121226/tools/bin/../lib/gcc/arm-none-eabi/12.3.1/../../../../arm-none-eabi/lib/thumb/v8-m.main+fp/hard\libcr_c.a(alloc.o)
 .debug_loc     0x00010dda       0x68 c:/nxp/mcuxpressoide_11.9.0_2144/ide/plugins/com.nxp.mcuxpresso.tools.win32_11.9.0.202307121226/tools/bin/../lib/gcc/arm-none-eabi/12.3.1/../../../../arm-none-eabi/lib/thumb/v8-m.main+fp/hard\libcr_c.a(initio.o)
 .debug_loc     0x00010e42      0x106 c:/nxp/mcuxpressoide_11.9.0_2144/ide/plugins/com.nxp.mcuxpresso.tools.win32_11.9.0.202307121226/tools/bin/../lib/gcc/arm-none-eabi/12.3.1/../../../../arm-none-eabi/lib/thumb/v8-m.main+fp/hard\libcr_c.a(setvbuf.o)
 .debug_loc     0x00010f48      0x2a5 c:/nxp/mcuxpressoide_11.9.0_2144/ide/plugins/com.nxp.mcuxpresso.tools.win32_11.9.0.202307121226/tools/bin/../lib/gcc/arm-none-eabi/12.3.1/../../../../arm-none-eabi/lib/thumb/v8-m.main+fp/hard\libcr_c.a(stdlib.o)
 .debug_loc     0x000111ed       0xdb c:/nxp/mcuxpressoide_11.9.0_2144/ide/plugins/com.nxp.mcuxpresso.tools.win32_11.9.0.202307121226/tools/bin/../lib/gcc/arm-none-eabi/12.3.1/../../../../arm-none-eabi/lib/thumb/v8-m.main+fp/hard\libcr_c.a(strlen.o)
 .debug_loc     0x000112c8      0x1aa c:/nxp/mcuxpressoide_11.9.0_2144/ide/plugins/com.nxp.mcuxpresso.tools.win32_11.9.0.202307121226/tools/bin/../lib/gcc/arm-none-eabi/12.3.1/../../../../arm-none-eabi/lib/thumb/v8-m.main+fp/hard\libcr_c.a(_deferredlazyseek.o)
 .debug_loc     0x00011472      0x121 c:/nxp/mcuxpressoide_11.9.0_2144/ide/plugins/com.nxp.mcuxpresso.tools.win32_11.9.0.202307121226/tools/bin/../lib/gcc/arm-none-eabi/12.3.1/../../../../arm-none-eabi/lib/thumb/v8-m.main+fp/hard\libcr_c.a(_fdopen.o)
 .debug_loc     0x00011593       0xfa c:/nxp/mcuxpressoide_11.9.0_2144/ide/plugins/com.nxp.mcuxpresso.tools.win32_11.9.0.202307121226/tools/bin/../lib/gcc/arm-none-eabi/12.3.1/../../../../arm-none-eabi/lib/thumb/v8-m.main+fp/hard\libcr_c.a(_fflush.o)
 .debug_loc     0x0001168d      0x113 c:/nxp/mcuxpressoide_11.9.0_2144/ide/plugins/com.nxp.mcuxpresso.tools.win32_11.9.0.202307121226/tools/bin/../lib/gcc/arm-none-eabi/12.3.1/../../../../arm-none-eabi/lib/thumb/v8-m.main+fp/hard\libcr_c.a(_writebuf.o)
 .debug_loc     0x000117a0       0x73 c:/nxp/mcuxpressoide_11.9.0_2144/ide/plugins/com.nxp.mcuxpresso.tools.win32_11.9.0.202307121226/tools/bin/../lib/gcc/arm-none-eabi/12.3.1/../../../../arm-none-eabi/lib/thumb/v8-m.main+fp/hard\libcr_c.a(fclose.o)
 .debug_loc     0x00011813       0xa2 c:/nxp/mcuxpressoide_11.9.0_2144/ide/plugins/com.nxp.mcuxpresso.tools.win32_11.9.0.202307121226/tools/bin/../lib/gcc/arm-none-eabi/12.3.1/../../../../arm-none-eabi/lib/thumb/v8-m.main+fp/hard\libcr_c.a(fflush.o)
 .debug_loc     0x000118b5       0xfb c:/nxp/mcuxpressoide_11.9.0_2144/ide/plugins/com.nxp.mcuxpresso.tools.win32_11.9.0.202307121226/tools/bin/../lib/gcc/arm-none-eabi/12.3.1/../../../../arm-none-eabi/lib/thumb/v8-m.main+fp/hard\libcr_c.a(fseek.o)
 .debug_loc     0x000119b0       0x99 c:/nxp/mcuxpressoide_11.9.0_2144/ide/plugins/com.nxp.mcuxpresso.tools.win32_11.9.0.202307121226/tools/bin/../lib/gcc/arm-none-eabi/12.3.1/../../../../arm-none-eabi/lib/thumb/v8-m.main+fp/hard\libcr_c.a(ftell.o)
 .debug_loc     0x00011a49       0xc7 c:/nxp/mcuxpressoide_11.9.0_2144/ide/plugins/com.nxp.mcuxpresso.tools.win32_11.9.0.202307121226/tools/bin/../lib/gcc/arm-none-eabi/12.3.1/../../../../arm-none-eabi/lib/thumb/v8-m.main+fp/hard\libcr_c.a(remove.o)
 .debug_loc     0x00011b10       0x73 c:/nxp/mcuxpressoide_11.9.0_2144/ide/plugins/com.nxp.mcuxpresso.tools.win32_11.9.0.202307121226/tools/bin/../lib/gcc/arm-none-eabi/12.3.1/../../../../arm-none-eabi/lib/thumb/v8-m.main+fp/hard\libcr_c.a(_do_fflush.o)
 .debug_loc     0x00011b83       0x25 c:/nxp/mcuxpressoide_11.9.0_2144/ide/plugins/com.nxp.mcuxpresso.tools.win32_11.9.0.202307121226/tools/bin/../lib/gcc/arm-none-eabi/12.3.1/../../../../arm-none-eabi/lib/thumb/v8-m.main+fp/hard\libcr_nohost_nf.a(__sys_close.o)
 .debug_loc     0x00011ba8       0x25 c:/nxp/mcuxpressoide_11.9.0_2144/ide/plugins/com.nxp.mcuxpresso.tools.win32_11.9.0.202307121226/tools/bin/../lib/gcc/arm-none-eabi/12.3.1/../../../../arm-none-eabi/lib/thumb/v8-m.main+fp/hard\libcr_nohost_nf.a(__sys_flen.o)
 .debug_loc     0x00011bcd       0x25 c:/nxp/mcuxpressoide_11.9.0_2144/ide/plugins/com.nxp.mcuxpresso.tools.win32_11.9.0.202307121226/tools/bin/../lib/gcc/arm-none-eabi/12.3.1/../../../../arm-none-eabi/lib/thumb/v8-m.main+fp/hard\libcr_nohost_nf.a(__sys_istty.o)
 .debug_loc     0x00011bf2       0x25 c:/nxp/mcuxpressoide_11.9.0_2144/ide/plugins/com.nxp.mcuxpresso.tools.win32_11.9.0.202307121226/tools/bin/../lib/gcc/arm-none-eabi/12.3.1/../../../../arm-none-eabi/lib/thumb/v8-m.main+fp/hard\libcr_nohost_nf.a(__sys_remove.o)
 .debug_loc     0x00011c17       0x25 c:/nxp/mcuxpressoide_11.9.0_2144/ide/plugins/com.nxp.mcuxpresso.tools.win32_11.9.0.202307121226/tools/bin/../lib/gcc/arm-none-eabi/12.3.1/../../../../arm-none-eabi/lib/thumb/v8-m.main+fp/hard\libcr_nohost_nf.a(__sys_seek.o)
 .debug_loc     0x00011c3c       0x25 c:/nxp/mcuxpressoide_11.9.0_2144/ide/plugins/com.nxp.mcuxpresso.tools.win32_11.9.0.202307121226/tools/bin/../lib/gcc/arm-none-eabi/12.3.1/../../../../arm-none-eabi/lib/thumb/v8-m.main+fp/hard\libcr_nohost_nf.a(__sys_tmpnam.o)
 .debug_loc     0x00011c61       0x25 c:/nxp/mcuxpressoide_11.9.0_2144/ide/plugins/com.nxp.mcuxpresso.tools.win32_11.9.0.202307121226/tools/bin/../lib/gcc/arm-none-eabi/12.3.1/../../../../arm-none-eabi/lib/thumb/v8-m.main+fp/hard\libcr_nohost_nf.a(__sys_write.o)

.debug_aranges  0x00000000     0x1270
 .debug_aranges
                0x00000000       0xa8 ./utilities/fsl_debug_console.o
 .debug_aranges
                0x000000a8      0x268 ./startup/startup_lpc55s69_cm33_core0.o
 .debug_aranges
                0x00000310       0xb8 ./source/lcd.o
 .debug_aranges
                0x000003c8       0x50 ./source/mini_projekt.o
 .debug_aranges
                0x00000418       0x20 ./source/semihost_hardfault.o
 .debug_aranges
                0x00000438      0x1b8 ./drivers/fsl_clock.o
 .debug_aranges
                0x000005f0       0x30 ./drivers/fsl_common_arm.o
 .debug_aranges
                0x00000620       0xa8 ./drivers/fsl_ctimer.o
 .debug_aranges
                0x000006c8       0x78 ./drivers/fsl_flexcomm.o
 .debug_aranges
                0x00000740       0x28 ./drivers/fsl_gpio.o
 .debug_aranges
                0x00000768       0x88 ./drivers/fsl_lpadc.o
 .debug_aranges
                0x000007f0       0x88 ./drivers/fsl_power.o
 .debug_aranges
                0x00000878       0x40 ./drivers/fsl_powerquad_basic.o
 .debug_aranges
                0x000008b8      0x1a8 ./drivers/fsl_powerquad_cmsis.o
 .debug_aranges
                0x00000a60       0x48 ./drivers/fsl_powerquad_transform.o
 .debug_aranges
                0x00000aa8       0x30 ./drivers/fsl_reset.o
 .debug_aranges
                0x00000ad8       0xc0 ./drivers/fsl_spi.o
 .debug_aranges
                0x00000b98       0xc8 ./drivers/fsl_usart.o
 .debug_aranges
                0x00000c60       0x38 ./device/system_LPC55S69_cm33_core0.o
 .debug_aranges
                0x00000c98       0x48 ./component/uart/fsl_adapter_usart.o
 .debug_aranges
                0x00000ce0       0x70 ./component/serial_manager/fsl_component_serial_manager.o
 .debug_aranges
                0x00000d50       0x48 ./component/serial_manager/fsl_component_serial_port_uart.o
 .debug_aranges
                0x00000d98       0x28 ./board/board.o
 .debug_aranges
                0x00000dc0       0x48 ./board/clock_config.o
 .debug_aranges
                0x00000e08       0x28 ./board/peripherals.o
 .debug_aranges
                0x00000e30       0x70 ./board/pin_mux.o
 .debug_aranges
                0x00000ea0       0x20 c:/nxp/mcuxpressoide_11.9.0_2144/ide/plugins/com.nxp.mcuxpresso.tools.win32_11.9.0.202307121226/tools/bin/../lib/gcc/arm-none-eabi/12.3.1/../../../../arm-none-eabi/lib/thumb/v8-m.main+fp/hard\libcr_nohost_nf.a(_cr__main.o)
 .debug_aranges
                0x00000ec0       0x20 c:/nxp/mcuxpressoide_11.9.0_2144/ide/plugins/com.nxp.mcuxpresso.tools.win32_11.9.0.202307121226/tools/bin/../lib/gcc/arm-none-eabi/12.3.1/../../../../arm-none-eabi/lib/thumb/v8-m.main+fp/hard\libcr_c.a(memset.o)
 .debug_aranges
                0x00000ee0       0x40 c:/nxp/mcuxpressoide_11.9.0_2144/ide/plugins/com.nxp.mcuxpresso.tools.win32_11.9.0.202307121226/tools/bin/../lib/gcc/arm-none-eabi/12.3.1/../../../../arm-none-eabi/lib/thumb/v8-m.main+fp/hard\libcr_c.a(alloc.o)
 .debug_aranges
                0x00000f20       0x18 c:/nxp/mcuxpressoide_11.9.0_2144/ide/plugins/com.nxp.mcuxpresso.tools.win32_11.9.0.202307121226/tools/bin/../lib/gcc/arm-none-eabi/12.3.1/../../../../arm-none-eabi/lib/thumb/v8-m.main+fp/hard\libcr_c.a(errno.o)
 .debug_aranges
                0x00000f38       0x28 c:/nxp/mcuxpressoide_11.9.0_2144/ide/plugins/com.nxp.mcuxpresso.tools.win32_11.9.0.202307121226/tools/bin/../lib/gcc/arm-none-eabi/12.3.1/../../../../arm-none-eabi/lib/thumb/v8-m.main+fp/hard\libcr_c.a(initio.o)
 .debug_aranges
                0x00000f60       0x20 c:/nxp/mcuxpressoide_11.9.0_2144/ide/plugins/com.nxp.mcuxpresso.tools.win32_11.9.0.202307121226/tools/bin/../lib/gcc/arm-none-eabi/12.3.1/../../../../arm-none-eabi/lib/thumb/v8-m.main+fp/hard\libcr_c.a(setvbuf.o)
 .debug_aranges
                0x00000f80       0x88 c:/nxp/mcuxpressoide_11.9.0_2144/ide/plugins/com.nxp.mcuxpresso.tools.win32_11.9.0.202307121226/tools/bin/../lib/gcc/arm-none-eabi/12.3.1/../../../../arm-none-eabi/lib/thumb/v8-m.main+fp/hard\libcr_c.a(stdlib.o)
 .debug_aranges
                0x00001008       0x20 c:/nxp/mcuxpressoide_11.9.0_2144/ide/plugins/com.nxp.mcuxpresso.tools.win32_11.9.0.202307121226/tools/bin/../lib/gcc/arm-none-eabi/12.3.1/../../../../arm-none-eabi/lib/thumb/v8-m.main+fp/hard\libcr_c.a(strlen.o)
 .debug_aranges
                0x00001028       0x28 c:/nxp/mcuxpressoide_11.9.0_2144/ide/plugins/com.nxp.mcuxpresso.tools.win32_11.9.0.202307121226/tools/bin/../lib/gcc/arm-none-eabi/12.3.1/../../../../arm-none-eabi/lib/thumb/v8-m.main+fp/hard\libcr_c.a(_deferredlazyseek.o)
 .debug_aranges
                0x00001050       0x20 c:/nxp/mcuxpressoide_11.9.0_2144/ide/plugins/com.nxp.mcuxpresso.tools.win32_11.9.0.202307121226/tools/bin/../lib/gcc/arm-none-eabi/12.3.1/../../../../arm-none-eabi/lib/thumb/v8-m.main+fp/hard\libcr_c.a(_fdopen.o)
 .debug_aranges
                0x00001070       0x20 c:/nxp/mcuxpressoide_11.9.0_2144/ide/plugins/com.nxp.mcuxpresso.tools.win32_11.9.0.202307121226/tools/bin/../lib/gcc/arm-none-eabi/12.3.1/../../../../arm-none-eabi/lib/thumb/v8-m.main+fp/hard\libcr_c.a(_fflush.o)
 .debug_aranges
                0x00001090       0x20 c:/nxp/mcuxpressoide_11.9.0_2144/ide/plugins/com.nxp.mcuxpresso.tools.win32_11.9.0.202307121226/tools/bin/../lib/gcc/arm-none-eabi/12.3.1/../../../../arm-none-eabi/lib/thumb/v8-m.main+fp/hard\libcr_c.a(_writebuf.o)
 .debug_aranges
                0x000010b0       0x20 c:/nxp/mcuxpressoide_11.9.0_2144/ide/plugins/com.nxp.mcuxpresso.tools.win32_11.9.0.202307121226/tools/bin/../lib/gcc/arm-none-eabi/12.3.1/../../../../arm-none-eabi/lib/thumb/v8-m.main+fp/hard\libcr_c.a(fclose.o)
 .debug_aranges
                0x000010d0       0x20 c:/nxp/mcuxpressoide_11.9.0_2144/ide/plugins/com.nxp.mcuxpresso.tools.win32_11.9.0.202307121226/tools/bin/../lib/gcc/arm-none-eabi/12.3.1/../../../../arm-none-eabi/lib/thumb/v8-m.main+fp/hard\libcr_c.a(fflush.o)
 .debug_aranges
                0x000010f0       0x20 c:/nxp/mcuxpressoide_11.9.0_2144/ide/plugins/com.nxp.mcuxpresso.tools.win32_11.9.0.202307121226/tools/bin/../lib/gcc/arm-none-eabi/12.3.1/../../../../arm-none-eabi/lib/thumb/v8-m.main+fp/hard\libcr_c.a(fseek.o)
 .debug_aranges
                0x00001110       0x20 c:/nxp/mcuxpressoide_11.9.0_2144/ide/plugins/com.nxp.mcuxpresso.tools.win32_11.9.0.202307121226/tools/bin/../lib/gcc/arm-none-eabi/12.3.1/../../../../arm-none-eabi/lib/thumb/v8-m.main+fp/hard\libcr_c.a(ftell.o)
 .debug_aranges
                0x00001130       0x28 c:/nxp/mcuxpressoide_11.9.0_2144/ide/plugins/com.nxp.mcuxpresso.tools.win32_11.9.0.202307121226/tools/bin/../lib/gcc/arm-none-eabi/12.3.1/../../../../arm-none-eabi/lib/thumb/v8-m.main+fp/hard\libcr_c.a(remove.o)
 .debug_aranges
                0x00001158       0x20 c:/nxp/mcuxpressoide_11.9.0_2144/ide/plugins/com.nxp.mcuxpresso.tools.win32_11.9.0.202307121226/tools/bin/../lib/gcc/arm-none-eabi/12.3.1/../../../../arm-none-eabi/lib/thumb/v8-m.main+fp/hard\libcr_c.a(_do_fflush.o)
 .debug_aranges
                0x00001178       0x18 c:/nxp/mcuxpressoide_11.9.0_2144/ide/plugins/com.nxp.mcuxpresso.tools.win32_11.9.0.202307121226/tools/bin/../lib/gcc/arm-none-eabi/12.3.1/../../../../arm-none-eabi/lib/thumb/v8-m.main+fp/hard\libcr_nohost_nf.a(__ciob.o)
 .debug_aranges
                0x00001190       0x20 c:/nxp/mcuxpressoide_11.9.0_2144/ide/plugins/com.nxp.mcuxpresso.tools.win32_11.9.0.202307121226/tools/bin/../lib/gcc/arm-none-eabi/12.3.1/../../../../arm-none-eabi/lib/thumb/v8-m.main+fp/hard\libcr_nohost_nf.a(__sys_close.o)
 .debug_aranges
                0x000011b0       0x20 c:/nxp/mcuxpressoide_11.9.0_2144/ide/plugins/com.nxp.mcuxpresso.tools.win32_11.9.0.202307121226/tools/bin/../lib/gcc/arm-none-eabi/12.3.1/../../../../arm-none-eabi/lib/thumb/v8-m.main+fp/hard\libcr_nohost_nf.a(__sys_flen.o)
 .debug_aranges
                0x000011d0       0x20 c:/nxp/mcuxpressoide_11.9.0_2144/ide/plugins/com.nxp.mcuxpresso.tools.win32_11.9.0.202307121226/tools/bin/../lib/gcc/arm-none-eabi/12.3.1/../../../../arm-none-eabi/lib/thumb/v8-m.main+fp/hard\libcr_nohost_nf.a(__sys_istty.o)
 .debug_aranges
                0x000011f0       0x20 c:/nxp/mcuxpressoide_11.9.0_2144/ide/plugins/com.nxp.mcuxpresso.tools.win32_11.9.0.202307121226/tools/bin/../lib/gcc/arm-none-eabi/12.3.1/../../../../arm-none-eabi/lib/thumb/v8-m.main+fp/hard\libcr_nohost_nf.a(__sys_remove.o)
 .debug_aranges
                0x00001210       0x20 c:/nxp/mcuxpressoide_11.9.0_2144/ide/plugins/com.nxp.mcuxpresso.tools.win32_11.9.0.202307121226/tools/bin/../lib/gcc/arm-none-eabi/12.3.1/../../../../arm-none-eabi/lib/thumb/v8-m.main+fp/hard\libcr_nohost_nf.a(__sys_seek.o)
 .debug_aranges
                0x00001230       0x20 c:/nxp/mcuxpressoide_11.9.0_2144/ide/plugins/com.nxp.mcuxpresso.tools.win32_11.9.0.202307121226/tools/bin/../lib/gcc/arm-none-eabi/12.3.1/../../../../arm-none-eabi/lib/thumb/v8-m.main+fp/hard\libcr_nohost_nf.a(__sys_tmpnam.o)
 .debug_aranges
                0x00001250       0x20 c:/nxp/mcuxpressoide_11.9.0_2144/ide/plugins/com.nxp.mcuxpresso.tools.win32_11.9.0.202307121226/tools/bin/../lib/gcc/arm-none-eabi/12.3.1/../../../../arm-none-eabi/lib/thumb/v8-m.main+fp/hard\libcr_nohost_nf.a(__sys_write.o)

.debug_ranges   0x00000000     0x2018
 .debug_ranges  0x00000000       0xb0 ./utilities/fsl_debug_console.o
 .debug_ranges  0x000000b0      0x258 ./startup/startup_lpc55s69_cm33_core0.o
 .debug_ranges  0x00000308      0x368 ./source/lcd.o
 .debug_ranges  0x00000670      0x130 ./source/mini_projekt.o
 .debug_ranges  0x000007a0       0x10 ./source/semihost_hardfault.o
 .debug_ranges  0x000007b0      0x5c0 ./drivers/fsl_clock.o
 .debug_ranges  0x00000d70       0x38 ./drivers/fsl_common_arm.o
 .debug_ranges  0x00000da8      0x100 ./drivers/fsl_ctimer.o
 .debug_ranges  0x00000ea8       0xb0 ./drivers/fsl_flexcomm.o
 .debug_ranges  0x00000f58       0x68 ./drivers/fsl_gpio.o
 .debug_ranges  0x00000fc0       0xa8 ./drivers/fsl_lpadc.o
 .debug_ranges  0x00001068      0x1c0 ./drivers/fsl_power.o
 .debug_ranges  0x00001228       0x48 ./drivers/fsl_powerquad_basic.o
 .debug_ranges  0x00001270      0x208 ./drivers/fsl_powerquad_cmsis.o
 .debug_ranges  0x00001478       0x38 ./drivers/fsl_powerquad_transform.o
 .debug_ranges  0x000014b0       0x20 ./drivers/fsl_reset.o
 .debug_ranges  0x000014d0      0x128 ./drivers/fsl_spi.o
 .debug_ranges  0x000015f8      0x180 ./drivers/fsl_usart.o
 .debug_ranges  0x00001778      0x138 ./device/system_LPC55S69_cm33_core0.o
 .debug_ranges  0x000018b0       0x58 ./component/uart/fsl_adapter_usart.o
 .debug_ranges  0x00001908       0x90 ./component/serial_manager/fsl_component_serial_manager.o
 .debug_ranges  0x00001998       0x38 ./component/serial_manager/fsl_component_serial_port_uart.o
 .debug_ranges  0x000019d0       0x18 ./board/board.o
 .debug_ranges  0x000019e8      0x138 ./board/clock_config.o
 .debug_ranges  0x00001b20       0xd0 ./board/peripherals.o
 .debug_ranges  0x00001bf0      0x1a0 ./board/pin_mux.o